../../Drivers/STM32WL3x_HAL_Driver/Inc/stm32wl3x_ll_bus.h:220:22:LL_AHB1_GRP1_EnableClock	24	static
C:/repos/ece480/embedded/VehicleCANGateway_Workspace/Core/Src/main.c:77:5:main	16	static
C:/repos/ece480/embedded/VehicleCANGateway_Workspace/Core/Src/main.c:131:6:SystemClock_Config	48	static
C:/repos/ece480/embedded/VehicleCANGateway_Workspace/Core/Src/main.c:161:6:PeriphCommonClock_Config	32	static
C:/repos/ece480/embedded/VehicleCANGateway_Workspace/Core/Src/main.c:182:13:MX_ADC1_Init	32	static
C:/repos/ece480/embedded/VehicleCANGateway_Workspace/Core/Src/main.c:234:13:MX_MRSUBG_Init	8	static
C:/repos/ece480/embedded/VehicleCANGateway_Workspace/Core/Src/main.c:277:13:MX_SPI3_Init	8	static
C:/repos/ece480/embedded/VehicleCANGateway_Workspace/Core/Src/main.c:317:13:MX_USART1_UART_Init	8	static
C:/repos/ece480/embedded/VehicleCANGateway_Workspace/Core/Src/main.c:365:13:MX_GPIO_Init	32	static
C:/repos/ece480/embedded/VehicleCANGateway_Workspace/Core/Src/main.c:440:6:Error_Handler	8	static,ignoring_inline_asm
