../../Drivers/STM32WL3x_HAL_Driver/Inc/stm32wl3x_ll_bus.h:220:22:LL_AHB1_GRP1_EnableClock	1
../../Core/Inc/easytimer.h:12:6:Timer_HasElapsed	2
../../Core/Inc/rs485.h:48:6:RS485_Write_Message	3
../../Core/Inc/adxl.h:41:20:ADXL372_WriteReg	1
../../Core/Inc/adxl.h:54:23:ADXL372_ReadReg	1
../../Core/Inc/adxl.h:70:6:ADXL372_Init	1
../../Core/Inc/sensors.h:63:10:ADC_to_Voltage	1
../../Core/Inc/sensors.h:67:7:Get_G_Force	1
../../Core/Inc/sensors.h:80:7:Get_Strain	1
../../Core/Inc/sensors.h:95:7:Raw_to_G	2
../../Core/Inc/rs485_receive.h:93:6:RS485bus_Read	8
../../Core/Inc/rs485_send.h:35:6:Send_RS485_Message_A0	1
../../Core/Inc/rs485_send.h:62:6:Send_RS485_Message_B0	1
../../Core/Inc/rs485_send.h:89:6:RS485_Send	2
../../Core/Inc/tcan.h:14:6:TCAN4550_WriteReg	1
../../Core/Inc/tcan.h:42:10:TCAN4550_ReadReg	1
../../Core/Inc/tcan.h:66:6:TCAN4550_Init	2
../../Core/Inc/tcan.h:128:6:TCAN4550_Send_Test_Message	1
../../Core/Inc/tcan.h:166:6:TCAN4550_Write_Message	1
../../Core/Inc/can_send.h:12:6:Send_Message_900	1
../../Core/Inc/can_send.h:35:6:Send_Message_901	1
../../Core/Inc/can_send.h:60:6:Send_Message_902	1
../../Core/Inc/can_send.h:85:6:CANbus_Send	4
C:/repos/ece480/embedded/VehicleCANGateway_Workspace/Core/Src/main.c:151:5:main	1
C:/repos/ece480/embedded/VehicleCANGateway_Workspace/Core/Src/main.c:261:6:SystemClock_Config	3
C:/repos/ece480/embedded/VehicleCANGateway_Workspace/Core/Src/main.c:291:6:PeriphCommonClock_Config	2
C:/repos/ece480/embedded/VehicleCANGateway_Workspace/Core/Src/main.c:312:13:MX_USART1_UART_Init	5
C:/repos/ece480/embedded/VehicleCANGateway_Workspace/Core/Src/main.c:361:13:MX_MRSUBG_Init	1
C:/repos/ece480/embedded/VehicleCANGateway_Workspace/Core/Src/main.c:404:13:MX_SPI3_Init	2
C:/repos/ece480/embedded/VehicleCANGateway_Workspace/Core/Src/main.c:445:13:MX_ADC1_Init	3
C:/repos/ece480/embedded/VehicleCANGateway_Workspace/Core/Src/main.c:516:13:MX_GPIO_Init	1
C:/repos/ece480/embedded/VehicleCANGateway_Workspace/Core/Src/main.c:594:6:Error_Handler	1
