../../Drivers/STM32WL3x_HAL_Driver/Inc/stm32wl3x_ll_bus.h:220:22:LL_AHB1_GRP1_EnableClock	24	static
../../Core/Inc/easytimer.h:12:6:Timer_HasElapsed	16	static
../../Core/Inc/rs485.h:48:6:RS485_Write_Message	48	static
../../Core/Inc/adxl.h:41:20:ADXL372_WriteReg	32	static
../../Core/Inc/adxl.h:54:23:ADXL372_ReadReg	40	static
../../Core/Inc/adxl.h:70:6:ADXL372_Init	16	static
../../Core/Inc/sensors.h:63:10:ADC_to_Voltage	16	static
../../Core/Inc/sensors.h:67:7:Get_G_Force	16	static
../../Core/Inc/sensors.h:80:7:Get_Strain	16	static
../../Core/Inc/sensors.h:95:7:Raw_to_G	16	static
../../Core/Inc/rs485_receive.h:93:6:RS485bus_Read	24	static
../../Core/Inc/rs485_send.h:35:6:Send_RS485_Message_A0	16	static
../../Core/Inc/rs485_send.h:62:6:Send_RS485_Message_B0	16	static
../../Core/Inc/rs485_send.h:89:6:RS485_Send	8	static
../../Core/Inc/tcan.h:14:6:TCAN4550_WriteReg	32	static
../../Core/Inc/tcan.h:42:10:TCAN4550_ReadReg	32	static
../../Core/Inc/tcan.h:66:6:TCAN4550_Init	24	static
../../Core/Inc/tcan.h:128:6:TCAN4550_Send_Test_Message	16	static
../../Core/Inc/tcan.h:166:6:TCAN4550_Write_Message	32	static
../../Core/Inc/can_send.h:12:6:Send_Message_900	32	static
../../Core/Inc/can_send.h:35:6:Send_Message_901	32	static
../../Core/Inc/can_send.h:60:6:Send_Message_902	32	static
../../Core/Inc/can_send.h:85:6:CANbus_Send	16	static
C:/repos/ece480/embedded/VehicleCANGateway_Workspace/Core/Src/main.c:151:5:main	8	static
C:/repos/ece480/embedded/VehicleCANGateway_Workspace/Core/Src/main.c:261:6:SystemClock_Config	48	static
C:/repos/ece480/embedded/VehicleCANGateway_Workspace/Core/Src/main.c:291:6:PeriphCommonClock_Config	32	static
C:/repos/ece480/embedded/VehicleCANGateway_Workspace/Core/Src/main.c:312:13:MX_USART1_UART_Init	8	static
C:/repos/ece480/embedded/VehicleCANGateway_Workspace/Core/Src/main.c:361:13:MX_MRSUBG_Init	8	static
C:/repos/ece480/embedded/VehicleCANGateway_Workspace/Core/Src/main.c:404:13:MX_SPI3_Init	8	static
C:/repos/ece480/embedded/VehicleCANGateway_Workspace/Core/Src/main.c:445:13:MX_ADC1_Init	32	static
C:/repos/ece480/embedded/VehicleCANGateway_Workspace/Core/Src/main.c:516:13:MX_GPIO_Init	32	static
C:/repos/ece480/embedded/VehicleCANGateway_Workspace/Core/Src/main.c:594:6:Error_Handler	8	static,ignoring_inline_asm
