../../Drivers/STM32WL3x_HAL_Driver/Inc/stm32wl3x_ll_bus.h:220:22:LL_AHB1_GRP1_EnableClock	24	static
../../Core/Inc/easytimer.h:12:6:Timer_HasElapsed	16	static
../../Core/Inc/rs485.h:39:6:RS485_Write_Message	48	static
../../Core/Inc/rs485_send.h:9:6:Send_Test_RS485_Message	32	static
../../Core/Inc/rs485_send.h:29:6:RS485_Online	8	static
../../Core/Inc/tcan.h:14:6:TCAN4550_WriteReg	32	static
../../Core/Inc/tcan.h:42:10:TCAN4550_ReadReg	32	static
../../Core/Inc/tcan.h:66:6:TCAN4550_Init	24	static
../../Core/Inc/tcan.h:123:6:TCAN4550_Send_Test_Message	16	static
../../Core/Inc/tcan.h:137:6:TCAN4550_Write_Message	32	static
../../Core/Inc/can_send.h:10:6:Send_Test_CAN_Message	48	static
../../Core/Inc/can_send.h:37:6:CAN1_Online	16	static
C:/repos/ece480/embedded/VehicleCANGateway_Workspace/Core/Src/main.c:89:5:main	8	static
C:/repos/ece480/embedded/VehicleCANGateway_Workspace/Core/Src/main.c:145:6:SystemClock_Config	48	static
C:/repos/ece480/embedded/VehicleCANGateway_Workspace/Core/Src/main.c:175:6:PeriphCommonClock_Config	32	static
C:/repos/ece480/embedded/VehicleCANGateway_Workspace/Core/Src/main.c:196:13:MX_USART1_UART_Init	8	static
C:/repos/ece480/embedded/VehicleCANGateway_Workspace/Core/Src/main.c:246:13:MX_MRSUBG_Init	8	static
C:/repos/ece480/embedded/VehicleCANGateway_Workspace/Core/Src/main.c:289:13:MX_SPI3_Init	8	static
C:/repos/ece480/embedded/VehicleCANGateway_Workspace/Core/Src/main.c:330:13:MX_ADC1_Init	32	static
C:/repos/ece480/embedded/VehicleCANGateway_Workspace/Core/Src/main.c:401:13:MX_GPIO_Init	32	static
C:/repos/ece480/embedded/VehicleCANGateway_Workspace/Core/Src/main.c:476:6:Error_Handler	8	static,ignoring_inline_asm
