../../Drivers/STM32WL3x_HAL_Driver/Inc/stm32wl3x_ll_bus.h:220:22:LL_AHB1_GRP1_EnableClock	24	static
../../Core/Inc/rs485.h:52:6:RS485_Send	24	static
../../Core/Inc/rs485.h:111:6:RS485_Send_Test_Message	32	static
../../Core/Inc/tcan.h:8:6:TCAN4550_WriteReg	32	static
../../Core/Inc/tcan.h:36:10:TCAN4550_ReadReg	32	static
../../Core/Inc/tcan.h:60:6:TCAN4550_Init	24	static
../../Core/Inc/tcan.h:117:6:TCAN4550_Send_Test_Message	16	static
../../Core/Inc/easytimer.h:12:6:Timer_HasElapsed	16	static
C:/repos/ece480/embedded/VehicleCANGateway_Workspace/Core/Src/main.c:85:5:main	24	static
C:/repos/ece480/embedded/VehicleCANGateway_Workspace/Core/Src/main.c:148:6:SystemClock_Config	48	static
C:/repos/ece480/embedded/VehicleCANGateway_Workspace/Core/Src/main.c:178:6:PeriphCommonClock_Config	32	static
C:/repos/ece480/embedded/VehicleCANGateway_Workspace/Core/Src/main.c:199:13:MX_USART1_UART_Init	8	static
C:/repos/ece480/embedded/VehicleCANGateway_Workspace/Core/Src/main.c:249:13:MX_MRSUBG_Init	8	static
C:/repos/ece480/embedded/VehicleCANGateway_Workspace/Core/Src/main.c:292:13:MX_SPI3_Init	8	static
C:/repos/ece480/embedded/VehicleCANGateway_Workspace/Core/Src/main.c:333:13:MX_ADC1_Init	32	static
C:/repos/ece480/embedded/VehicleCANGateway_Workspace/Core/Src/main.c:404:13:MX_GPIO_Init	32	static
C:/repos/ece480/embedded/VehicleCANGateway_Workspace/Core/Src/main.c:479:6:Error_Handler	8	static,ignoring_inline_asm
