../../Drivers/STM32WL3x_HAL_Driver/Inc/stm32wl3x_ll_bus.h:220:22:LL_AHB1_GRP1_EnableClock	24	static
../../Core/Inc/easytimer.h:12:6:Timer_HasElapsed	16	static
../../Core/Inc/rs485.h:48:6:RS485_Write_Message	48	static
../../Core/Inc/adxl.h:24:9:ADXL372_ReadReg	32	static
../../Core/Inc/adxl.h:36:6:ADXL372_WriteReg	32	static
../../Core/Inc/adxl.h:46:6:ADXL372_Init	16	static
../../Core/Inc/adxl.h:83:6:Sample_ADXL372	40	static
../../Core/Inc/sensors.h:35:10:ADC_to_Voltage	16	static
../../Core/Inc/rs485_receive.h:25:6:RS485bus_Read	24	static
../../Core/Inc/rs485_send.h:35:6:Send_RS485_Message_A0	16	static
../../Core/Inc/rs485_send.h:62:6:Send_RS485_Message_B0	16	static
../../Core/Inc/rs485_send.h:89:6:RS485_Send	8	static
../../Core/Inc/tcan.h:14:6:TCAN4550_WriteReg	32	static
../../Core/Inc/tcan.h:42:10:TCAN4550_ReadReg	32	static
../../Core/Inc/tcan.h:66:6:TCAN4550_Init	24	static
../../Core/Inc/tcan.h:123:6:TCAN4550_Send_Test_Message	16	static
../../Core/Inc/tcan.h:137:6:TCAN4550_Write_Message	32	static
../../Core/Inc/can_send.h:12:6:Send_Test_CAN_Message	32	static
../../Core/Inc/can_send.h:35:6:CANbus_Send	16	static
C:/repos/ece480/embedded/VehicleCANGateway_Workspace/Core/Src/main.c:116:5:main	8	static
C:/repos/ece480/embedded/VehicleCANGateway_Workspace/Core/Src/main.c:294:6:SystemClock_Config	48	static
C:/repos/ece480/embedded/VehicleCANGateway_Workspace/Core/Src/main.c:324:6:PeriphCommonClock_Config	32	static
C:/repos/ece480/embedded/VehicleCANGateway_Workspace/Core/Src/main.c:345:13:MX_USART1_UART_Init	8	static
C:/repos/ece480/embedded/VehicleCANGateway_Workspace/Core/Src/main.c:394:13:MX_MRSUBG_Init	8	static
C:/repos/ece480/embedded/VehicleCANGateway_Workspace/Core/Src/main.c:437:13:MX_SPI3_Init	8	static
C:/repos/ece480/embedded/VehicleCANGateway_Workspace/Core/Src/main.c:478:13:MX_ADC1_Init	32	static
C:/repos/ece480/embedded/VehicleCANGateway_Workspace/Core/Src/main.c:549:13:MX_GPIO_Init	32	static
C:/repos/ece480/embedded/VehicleCANGateway_Workspace/Core/Src/main.c:627:6:Error_Handler	8	static,ignoring_inline_asm
