../../Drivers/STM32WL3x_HAL_Driver/Inc/stm32wl3x_ll_bus.h:220:22:LL_AHB1_GRP1_EnableClock	1
../../Core/Inc/easytimer.h:12:6:Timer_HasElapsed	2
../../Core/Inc/rs485.h:48:6:RS485_Write_Message	3
../../Core/Inc/adxl.h:40:20:ADXL372_WriteReg	1
../../Core/Inc/adxl.h:53:23:ADXL372_ReadReg	1
../../Core/Inc/adxl.h:69:6:ADXL372_Init	1
../../Core/Inc/sensors.h:43:10:ADC_to_Voltage	1
../../Core/Inc/sensors.h:47:7:Raw_to_G	2
../../Core/Inc/rs485_receive.h:7:6:RS485bus_Read	9
../../Core/Inc/rs485_send.h:35:6:Send_RS485_Message_A0	1
../../Core/Inc/rs485_send.h:62:6:Send_RS485_Message_B0	1
../../Core/Inc/rs485_send.h:89:6:RS485_Send	2
../../Core/Inc/tcan.h:14:6:TCAN4550_WriteReg	1
../../Core/Inc/tcan.h:42:10:TCAN4550_ReadReg	1
../../Core/Inc/tcan.h:66:6:TCAN4550_Init	2
../../Core/Inc/tcan.h:128:6:TCAN4550_Send_Test_Message	1
../../Core/Inc/tcan.h:166:6:TCAN4550_Write_Message	1
../../Core/Inc/can_send.h:12:6:Send_Test_CAN_Message	1
../../Core/Inc/can_send.h:35:6:CANbus_Send	2
C:/repos/ece480/embedded/VehicleCANGateway_Workspace/Core/Src/main.c:132:5:main	1
C:/repos/ece480/embedded/VehicleCANGateway_Workspace/Core/Src/main.c:242:6:SystemClock_Config	3
C:/repos/ece480/embedded/VehicleCANGateway_Workspace/Core/Src/main.c:272:6:PeriphCommonClock_Config	2
C:/repos/ece480/embedded/VehicleCANGateway_Workspace/Core/Src/main.c:293:13:MX_USART1_UART_Init	5
C:/repos/ece480/embedded/VehicleCANGateway_Workspace/Core/Src/main.c:342:13:MX_MRSUBG_Init	1
C:/repos/ece480/embedded/VehicleCANGateway_Workspace/Core/Src/main.c:385:13:MX_SPI3_Init	2
C:/repos/ece480/embedded/VehicleCANGateway_Workspace/Core/Src/main.c:426:13:MX_ADC1_Init	3
C:/repos/ece480/embedded/VehicleCANGateway_Workspace/Core/Src/main.c:497:13:MX_GPIO_Init	1
C:/repos/ece480/embedded/VehicleCANGateway_Workspace/Core/Src/main.c:575:6:Error_Handler	1
