../../Drivers/STM32WL3x_HAL_Driver/Inc/stm32wl3x_ll_bus.h:220:22:LL_AHB1_GRP1_EnableClock	24	static
../../Core/Inc/rs485.h:17:13:MX_USART1_UART_Init	8	static
../../Core/Inc/rs485.h:79:6:RS485_Send	32	static
../../Core/Inc/tcan.h:13:13:MX_SPI3_Init	8	static
../../Core/Inc/tcan.h:78:6:TCAN4550_WriteReg	40	static
../../Core/Inc/tcan.h:192:10:TCAN4550_ReadReg	32	static
../../Core/Inc/tcan.h:234:6:TCAN4550_Enable_Normal_Mode	16	static
../../Core/Inc/tcan.h:284:6:TCAN4550_Configure_CAN	8	static
../../Core/Inc/tcan.h:304:6:TCAN4550_Transmit_Test_Frame	8	static
../../Core/Inc/tcan.h:355:6:TCAN4550_Force_Init_Manual	16	static
C:/repos/ece480/embedded/VehicleCANGateway_Workspace/Core/Src/main.c:130:5:main	8	static
C:/repos/ece480/embedded/VehicleCANGateway_Workspace/Core/Src/main.c:279:6:SystemClock_Config	48	static
C:/repos/ece480/embedded/VehicleCANGateway_Workspace/Core/Src/main.c:309:6:PeriphCommonClock_Config	32	static
C:/repos/ece480/embedded/VehicleCANGateway_Workspace/Core/Src/main.c:330:13:MX_MRSUBG_Init	8	static
C:/repos/ece480/embedded/VehicleCANGateway_Workspace/Core/Src/main.c:373:13:MX_ADC1_Init	32	static
C:/repos/ece480/embedded/VehicleCANGateway_Workspace/Core/Src/main.c:444:13:MX_GPIO_Init	32	static
C:/repos/ece480/embedded/VehicleCANGateway_Workspace/Core/Src/main.c:519:6:Error_Handler	8	static,ignoring_inline_asm
