../../Drivers/STM32WL3x_HAL_Driver/Inc/stm32wl3x_ll_bus.h:220:22:LL_AHB1_GRP1_EnableClock	24	static
../../Drivers/STM32WL3x_HAL_Driver/Inc/stm32wl3x_ll_bus.h:434:22:LL_APB0_GRP1_EnableClock	24	static
../../Drivers/STM32WL3x_HAL_Driver/Inc/stm32wl3x_ll_bus.h:688:22:LL_APB1_GRP1_EnableClock	24	static
../../Drivers/STM32WL3x_HAL_Driver/Inc/stm32wl3x_ll_bus.h:744:22:LL_APB1_GRP1_DisableClock	16	static
../../Drivers/STM32WL3x_HAL_Driver/Inc/stm32wl3x_ll_bus.h:890:22:LL_APB2_GRP1_EnableClock	24	static
../../Drivers/STM32WL3x_HAL_Driver/Inc/stm32wl3x_ll_bus.h:908:26:LL_APB2_GRP1_IsEnabledClock	16	static
../../Drivers/STM32WL3x_HAL_Driver/Inc/stm32wl3x_ll_bus.h:922:22:LL_APB2_GRP1_DisableClock	16	static
../../Drivers/STM32WL3x_HAL_Driver/Inc/stm32wl3x_ll_bus.h:936:22:LL_APB2_GRP1_ForceReset	16	static
../../Drivers/STM32WL3x_HAL_Driver/Inc/stm32wl3x_ll_bus.h:950:22:LL_APB2_GRP1_ReleaseReset	16	static
C:/repos/ece480/embedded/VehicleCANGateway_Workspace/Core/Src/stm32wl3x_hal_msp.c:62:6:HAL_MspInit	8	static
C:/repos/ece480/embedded/VehicleCANGateway_Workspace/Core/Src/stm32wl3x_hal_msp.c:84:6:HAL_ADC_MspInit	48	static
C:/repos/ece480/embedded/VehicleCANGateway_Workspace/Core/Src/stm32wl3x_hal_msp.c:125:6:HAL_ADC_MspDeInit	16	static
C:/repos/ece480/embedded/VehicleCANGateway_Workspace/Core/Src/stm32wl3x_hal_msp.c:156:6:HAL_MRSubG_MspInit	32	static
C:/repos/ece480/embedded/VehicleCANGateway_Workspace/Core/Src/stm32wl3x_hal_msp.c:195:6:HAL_MRSubG_MspDeInit	8	static
C:/repos/ece480/embedded/VehicleCANGateway_Workspace/Core/Src/stm32wl3x_hal_msp.c:217:6:HAL_SPI_MspInit	72	static
C:/repos/ece480/embedded/VehicleCANGateway_Workspace/Core/Src/stm32wl3x_hal_msp.c:282:6:HAL_SPI_MspDeInit	16	static
C:/repos/ece480/embedded/VehicleCANGateway_Workspace/Core/Src/stm32wl3x_hal_msp.c:314:6:HAL_UART_MspInit	48	static
C:/repos/ece480/embedded/VehicleCANGateway_Workspace/Core/Src/stm32wl3x_hal_msp.c:355:6:HAL_UART_MspDeInit	16	static
