23:36:06 **** Build of configuration Debug for project VehicleCANGateway ****
make -j8 all 
make: *** No rule to make target 'C:/repos/ece480/embedded/VehicleCANGateway_Workspace/Drivers/STM32WL3x_HAL_Driver/Src/stm32wl3x_hal.c', needed by 'Drivers/STM32WL3x_HAL_Driver/stm32wl3x_hal.o'.  Stop.
"make -j8 all" terminated with exit code 2. Build might be incomplete.
23:38:16 **** Incremental Build of configuration Debug for project VehicleCANGateway ****
make -j8 all 
arm-none-eabi-gcc "C:/repos/ece480/embedded/VehicleCANGateway_Workspace/Drivers/STM32WL3x_HAL_Driver/Src/stm32wl3x_hal.c" -mcpu=cortex-m0plus -std=gnu11 -g3 -DDEBUG -DUSE_HAL_DRIVER -DSTM32WL3XX -DUSE_FULL_LL_DRIVER -c -I../../Core/Inc -I../../Drivers/STM32WL3x_HAL_Driver/Inc -I../../Drivers/STM32WL3x_HAL_Driver/Inc/Legacy -I../../Drivers/CMSIS/Device/ST/STM32WL3X/Include -I../../Drivers/CMSIS/Include -O0 -ffunction-sections -fdata-sections -Wall -fstack-usage -fcyclomatic-complexity -MMD -MP -MF"Drivers/STM32WL3x_HAL_Driver/stm32wl3x_hal.d" -MT"Drivers/STM32WL3x_HAL_Driver/stm32wl3x_hal.o" --specs=nano.specs -mfloat-abi=soft -mthumb -o "Drivers/STM32WL3x_HAL_Driver/stm32wl3x_hal.o"
arm-none-eabi-gcc "C:/repos/ece480/embedded/VehicleCANGateway_Workspace/Drivers/STM32WL3x_HAL_Driver/Src/stm32wl3x_hal_adc.c" -mcpu=cortex-m0plus -std=gnu11 -g3 -DDEBUG -DUSE_HAL_DRIVER -DSTM32WL3XX -DUSE_FULL_LL_DRIVER -c -I../../Core/Inc -I../../Drivers/STM32WL3x_HAL_Driver/Inc -I../../Drivers/STM32WL3x_HAL_Driver/Inc/Legacy -I../../Drivers/CMSIS/Device/ST/STM32WL3X/Include -I../../Drivers/CMSIS/Include -O0 -ffunction-sections -fdata-sections -Wall -fstack-usage -fcyclomatic-complexity -MMD -MP -MF"Drivers/STM32WL3x_HAL_Driver/stm32wl3x_hal_adc.d" -MT"Drivers/STM32WL3x_HAL_Driver/stm32wl3x_hal_adc.o" --specs=nano.specs -mfloat-abi=soft -mthumb -o "Drivers/STM32WL3x_HAL_Driver/stm32wl3x_hal_adc.o"
arm-none-eabi-gcc "C:/repos/ece480/embedded/VehicleCANGateway_Workspace/Drivers/STM32WL3x_HAL_Driver/Src/stm32wl3x_hal_cortex.c" -mcpu=cortex-m0plus -std=gnu11 -g3 -DDEBUG -DUSE_HAL_DRIVER -DSTM32WL3XX -DUSE_FULL_LL_DRIVER -c -I../../Core/Inc -I../../Drivers/STM32WL3x_HAL_Driver/Inc -I../../Drivers/STM32WL3x_HAL_Driver/Inc/Legacy -I../../Drivers/CMSIS/Device/ST/STM32WL3X/Include -I../../Drivers/CMSIS/Include -O0 -ffunction-sections -fdata-sections -Wall -fstack-usage -fcyclomatic-complexity -MMD -MP -MF"Drivers/STM32WL3x_HAL_Driver/stm32wl3x_hal_cortex.d" -MT"Drivers/STM32WL3x_HAL_Driver/stm32wl3x_hal_cortex.o" --specs=nano.specs -mfloat-abi=soft -mthumb -o "Drivers/STM32WL3x_HAL_Driver/stm32wl3x_hal_cortex.o"
arm-none-eabi-gcc "C:/repos/ece480/embedded/VehicleCANGateway_Workspace/Drivers/STM32WL3x_HAL_Driver/Src/stm32wl3x_hal_dma.c" -mcpu=cortex-m0plus -std=gnu11 -g3 -DDEBUG -DUSE_HAL_DRIVER -DSTM32WL3XX -DUSE_FULL_LL_DRIVER -c -I../../Core/Inc -I../../Drivers/STM32WL3x_HAL_Driver/Inc -I../../Drivers/STM32WL3x_HAL_Driver/Inc/Legacy -I../../Drivers/CMSIS/Device/ST/STM32WL3X/Include -I../../Drivers/CMSIS/Include -O0 -ffunction-sections -fdata-sections -Wall -fstack-usage -fcyclomatic-complexity -MMD -MP -MF"Drivers/STM32WL3x_HAL_Driver/stm32wl3x_hal_dma.d" -MT"Drivers/STM32WL3x_HAL_Driver/stm32wl3x_hal_dma.o" --specs=nano.specs -mfloat-abi=soft -mthumb -o "Drivers/STM32WL3x_HAL_Driver/stm32wl3x_hal_dma.o"
arm-none-eabi-gcc "C:/repos/ece480/embedded/VehicleCANGateway_Workspace/Drivers/STM32WL3x_HAL_Driver/Src/stm32wl3x_hal_flash.c" -mcpu=cortex-m0plus -std=gnu11 -g3 -DDEBUG -DUSE_HAL_DRIVER -DSTM32WL3XX -DUSE_FULL_LL_DRIVER -c -I../../Core/Inc -I../../Drivers/STM32WL3x_HAL_Driver/Inc -I../../Drivers/STM32WL3x_HAL_Driver/Inc/Legacy -I../../Drivers/CMSIS/Device/ST/STM32WL3X/Include -I../../Drivers/CMSIS/Include -O0 -ffunction-sections -fdata-sections -Wall -fstack-usage -fcyclomatic-complexity -MMD -MP -MF"Drivers/STM32WL3x_HAL_Driver/stm32wl3x_hal_flash.d" -MT"Drivers/STM32WL3x_HAL_Driver/stm32wl3x_hal_flash.o" --specs=nano.specs -mfloat-abi=soft -mthumb -o "Drivers/STM32WL3x_HAL_Driver/stm32wl3x_hal_flash.o"
arm-none-eabi-gcc "C:/repos/ece480/embedded/VehicleCANGateway_Workspace/Drivers/STM32WL3x_HAL_Driver/Src/stm32wl3x_hal_flash_ex.c" -mcpu=cortex-m0plus -std=gnu11 -g3 -DDEBUG -DUSE_HAL_DRIVER -DSTM32WL3XX -DUSE_FULL_LL_DRIVER -c -I../../Core/Inc -I../../Drivers/STM32WL3x_HAL_Driver/Inc -I../../Drivers/STM32WL3x_HAL_Driver/Inc/Legacy -I../../Drivers/CMSIS/Device/ST/STM32WL3X/Include -I../../Drivers/CMSIS/Include -O0 -ffunction-sections -fdata-sections -Wall -fstack-usage -fcyclomatic-complexity -MMD -MP -MF"Drivers/STM32WL3x_HAL_Driver/stm32wl3x_hal_flash_ex.d" -MT"Drivers/STM32WL3x_HAL_Driver/stm32wl3x_hal_flash_ex.o" --specs=nano.specs -mfloat-abi=soft -mthumb -o "Drivers/STM32WL3x_HAL_Driver/stm32wl3x_hal_flash_ex.o"
arm-none-eabi-gcc "C:/repos/ece480/embedded/VehicleCANGateway_Workspace/Drivers/STM32WL3x_HAL_Driver/Src/stm32wl3x_hal_gpio.c" -mcpu=cortex-m0plus -std=gnu11 -g3 -DDEBUG -DUSE_HAL_DRIVER -DSTM32WL3XX -DUSE_FULL_LL_DRIVER -c -I../../Core/Inc -I../../Drivers/STM32WL3x_HAL_Driver/Inc -I../../Drivers/STM32WL3x_HAL_Driver/Inc/Legacy -I../../Drivers/CMSIS/Device/ST/STM32WL3X/Include -I../../Drivers/CMSIS/Include -O0 -ffunction-sections -fdata-sections -Wall -fstack-usage -fcyclomatic-complexity -MMD -MP -MF"Drivers/STM32WL3x_HAL_Driver/stm32wl3x_hal_gpio.d" -MT"Drivers/STM32WL3x_HAL_Driver/stm32wl3x_hal_gpio.o" --specs=nano.specs -mfloat-abi=soft -mthumb -o "Drivers/STM32WL3x_HAL_Driver/stm32wl3x_hal_gpio.o"
arm-none-eabi-gcc "C:/repos/ece480/embedded/VehicleCANGateway_Workspace/Drivers/STM32WL3x_HAL_Driver/Src/stm32wl3x_hal_mrsubg.c" -mcpu=cortex-m0plus -std=gnu11 -g3 -DDEBUG -DUSE_HAL_DRIVER -DSTM32WL3XX -DUSE_FULL_LL_DRIVER -c -I../../Core/Inc -I../../Drivers/STM32WL3x_HAL_Driver/Inc -I../../Drivers/STM32WL3x_HAL_Driver/Inc/Legacy -I../../Drivers/CMSIS/Device/ST/STM32WL3X/Include -I../../Drivers/CMSIS/Include -O0 -ffunction-sections -fdata-sections -Wall -fstack-usage -fcyclomatic-complexity -MMD -MP -MF"Drivers/STM32WL3x_HAL_Driver/stm32wl3x_hal_mrsubg.d" -MT"Drivers/STM32WL3x_HAL_Driver/stm32wl3x_hal_mrsubg.o" --specs=nano.specs -mfloat-abi=soft -mthumb -o "Drivers/STM32WL3x_HAL_Driver/stm32wl3x_hal_mrsubg.o"
arm-none-eabi-gcc "C:/repos/ece480/embedded/VehicleCANGateway_Workspace/Drivers/STM32WL3x_HAL_Driver/Src/stm32wl3x_hal_pwr.c" -mcpu=cortex-m0plus -std=gnu11 -g3 -DDEBUG -DUSE_HAL_DRIVER -DSTM32WL3XX -DUSE_FULL_LL_DRIVER -c -I../../Core/Inc -I../../Drivers/STM32WL3x_HAL_Driver/Inc -I../../Drivers/STM32WL3x_HAL_Driver/Inc/Legacy -I../../Drivers/CMSIS/Device/ST/STM32WL3X/Include -I../../Drivers/CMSIS/Include -O0 -ffunction-sections -fdata-sections -Wall -fstack-usage -fcyclomatic-complexity -MMD -MP -MF"Drivers/STM32WL3x_HAL_Driver/stm32wl3x_hal_pwr.d" -MT"Drivers/STM32WL3x_HAL_Driver/stm32wl3x_hal_pwr.o" --specs=nano.specs -mfloat-abi=soft -mthumb -o "Drivers/STM32WL3x_HAL_Driver/stm32wl3x_hal_pwr.o"
arm-none-eabi-gcc "C:/repos/ece480/embedded/VehicleCANGateway_Workspace/Drivers/STM32WL3x_HAL_Driver/Src/stm32wl3x_hal_pwr_ex.c" -mcpu=cortex-m0plus -std=gnu11 -g3 -DDEBUG -DUSE_HAL_DRIVER -DSTM32WL3XX -DUSE_FULL_LL_DRIVER -c -I../../Core/Inc -I../../Drivers/STM32WL3x_HAL_Driver/Inc -I../../Drivers/STM32WL3x_HAL_Driver/Inc/Legacy -I../../Drivers/CMSIS/Device/ST/STM32WL3X/Include -I../../Drivers/CMSIS/Include -O0 -ffunction-sections -fdata-sections -Wall -fstack-usage -fcyclomatic-complexity -MMD -MP -MF"Drivers/STM32WL3x_HAL_Driver/stm32wl3x_hal_pwr_ex.d" -MT"Drivers/STM32WL3x_HAL_Driver/stm32wl3x_hal_pwr_ex.o" --specs=nano.specs -mfloat-abi=soft -mthumb -o "Drivers/STM32WL3x_HAL_Driver/stm32wl3x_hal_pwr_ex.o"
arm-none-eabi-gcc "C:/repos/ece480/embedded/VehicleCANGateway_Workspace/Drivers/STM32WL3x_HAL_Driver/Src/stm32wl3x_hal_rcc.c" -mcpu=cortex-m0plus -std=gnu11 -g3 -DDEBUG -DUSE_HAL_DRIVER -DSTM32WL3XX -DUSE_FULL_LL_DRIVER -c -I../../Core/Inc -I../../Drivers/STM32WL3x_HAL_Driver/Inc -I../../Drivers/STM32WL3x_HAL_Driver/Inc/Legacy -I../../Drivers/CMSIS/Device/ST/STM32WL3X/Include -I../../Drivers/CMSIS/Include -O0 -ffunction-sections -fdata-sections -Wall -fstack-usage -fcyclomatic-complexity -MMD -MP -MF"Drivers/STM32WL3x_HAL_Driver/stm32wl3x_hal_rcc.d" -MT"Drivers/STM32WL3x_HAL_Driver/stm32wl3x_hal_rcc.o" --specs=nano.specs -mfloat-abi=soft -mthumb -o "Drivers/STM32WL3x_HAL_Driver/stm32wl3x_hal_rcc.o"
arm-none-eabi-gcc "C:/repos/ece480/embedded/VehicleCANGateway_Workspace/Drivers/STM32WL3x_HAL_Driver/Src/stm32wl3x_hal_rcc_ex.c" -mcpu=cortex-m0plus -std=gnu11 -g3 -DDEBUG -DUSE_HAL_DRIVER -DSTM32WL3XX -DUSE_FULL_LL_DRIVER -c -I../../Core/Inc -I../../Drivers/STM32WL3x_HAL_Driver/Inc -I../../Drivers/STM32WL3x_HAL_Driver/Inc/Legacy -I../../Drivers/CMSIS/Device/ST/STM32WL3X/Include -I../../Drivers/CMSIS/Include -O0 -ffunction-sections -fdata-sections -Wall -fstack-usage -fcyclomatic-complexity -MMD -MP -MF"Drivers/STM32WL3x_HAL_Driver/stm32wl3x_hal_rcc_ex.d" -MT"Drivers/STM32WL3x_HAL_Driver/stm32wl3x_hal_rcc_ex.o" --specs=nano.specs -mfloat-abi=soft -mthumb -o "Drivers/STM32WL3x_HAL_Driver/stm32wl3x_hal_rcc_ex.o"
arm-none-eabi-gcc "C:/repos/ece480/embedded/VehicleCANGateway_Workspace/Drivers/STM32WL3x_HAL_Driver/Src/stm32wl3x_hal_spi.c" -mcpu=cortex-m0plus -std=gnu11 -g3 -DDEBUG -DUSE_HAL_DRIVER -DSTM32WL3XX -DUSE_FULL_LL_DRIVER -c -I../../Core/Inc -I../../Drivers/STM32WL3x_HAL_Driver/Inc -I../../Drivers/STM32WL3x_HAL_Driver/Inc/Legacy -I../../Drivers/CMSIS/Device/ST/STM32WL3X/Include -I../../Drivers/CMSIS/Include -O0 -ffunction-sections -fdata-sections -Wall -fstack-usage -fcyclomatic-complexity -MMD -MP -MF"Drivers/STM32WL3x_HAL_Driver/stm32wl3x_hal_spi.d" -MT"Drivers/STM32WL3x_HAL_Driver/stm32wl3x_hal_spi.o" --specs=nano.specs -mfloat-abi=soft -mthumb -o "Drivers/STM32WL3x_HAL_Driver/stm32wl3x_hal_spi.o"
arm-none-eabi-gcc "C:/repos/ece480/embedded/VehicleCANGateway_Workspace/Drivers/STM32WL3x_HAL_Driver/Src/stm32wl3x_hal_spi_ex.c" -mcpu=cortex-m0plus -std=gnu11 -g3 -DDEBUG -DUSE_HAL_DRIVER -DSTM32WL3XX -DUSE_FULL_LL_DRIVER -c -I../../Core/Inc -I../../Drivers/STM32WL3x_HAL_Driver/Inc -I../../Drivers/STM32WL3x_HAL_Driver/Inc/Legacy -I../../Drivers/CMSIS/Device/ST/STM32WL3X/Include -I../../Drivers/CMSIS/Include -O0 -ffunction-sections -fdata-sections -Wall -fstack-usage -fcyclomatic-complexity -MMD -MP -MF"Drivers/STM32WL3x_HAL_Driver/stm32wl3x_hal_spi_ex.d" -MT"Drivers/STM32WL3x_HAL_Driver/stm32wl3x_hal_spi_ex.o" --specs=nano.specs -mfloat-abi=soft -mthumb -o "Drivers/STM32WL3x_HAL_Driver/stm32wl3x_hal_spi_ex.o"
arm-none-eabi-gcc "C:/repos/ece480/embedded/VehicleCANGateway_Workspace/Drivers/STM32WL3x_HAL_Driver/Src/stm32wl3x_hal_tim.c" -mcpu=cortex-m0plus -std=gnu11 -g3 -DDEBUG -DUSE_HAL_DRIVER -DSTM32WL3XX -DUSE_FULL_LL_DRIVER -c -I../../Core/Inc -I../../Drivers/STM32WL3x_HAL_Driver/Inc -I../../Drivers/STM32WL3x_HAL_Driver/Inc/Legacy -I../../Drivers/CMSIS/Device/ST/STM32WL3X/Include -I../../Drivers/CMSIS/Include -O0 -ffunction-sections -fdata-sections -Wall -fstack-usage -fcyclomatic-complexity -MMD -MP -MF"Drivers/STM32WL3x_HAL_Driver/stm32wl3x_hal_tim.d" -MT"Drivers/STM32WL3x_HAL_Driver/stm32wl3x_hal_tim.o" --specs=nano.specs -mfloat-abi=soft -mthumb -o "Drivers/STM32WL3x_HAL_Driver/stm32wl3x_hal_tim.o"
arm-none-eabi-gcc "C:/repos/ece480/embedded/VehicleCANGateway_Workspace/Drivers/STM32WL3x_HAL_Driver/Src/stm32wl3x_hal_tim_ex.c" -mcpu=cortex-m0plus -std=gnu11 -g3 -DDEBUG -DUSE_HAL_DRIVER -DSTM32WL3XX -DUSE_FULL_LL_DRIVER -c -I../../Core/Inc -I../../Drivers/STM32WL3x_HAL_Driver/Inc -I../../Drivers/STM32WL3x_HAL_Driver/Inc/Legacy -I../../Drivers/CMSIS/Device/ST/STM32WL3X/Include -I../../Drivers/CMSIS/Include -O0 -ffunction-sections -fdata-sections -Wall -fstack-usage -fcyclomatic-complexity -MMD -MP -MF"Drivers/STM32WL3x_HAL_Driver/stm32wl3x_hal_tim_ex.d" -MT"Drivers/STM32WL3x_HAL_Driver/stm32wl3x_hal_tim_ex.o" --specs=nano.specs -mfloat-abi=soft -mthumb -o "Drivers/STM32WL3x_HAL_Driver/stm32wl3x_hal_tim_ex.o"
arm-none-eabi-gcc "C:/repos/ece480/embedded/VehicleCANGateway_Workspace/Drivers/STM32WL3x_HAL_Driver/Src/stm32wl3x_hal_uart.c" -mcpu=cortex-m0plus -std=gnu11 -g3 -DDEBUG -DUSE_HAL_DRIVER -DSTM32WL3XX -DUSE_FULL_LL_DRIVER -c -I../../Core/Inc -I../../Drivers/STM32WL3x_HAL_Driver/Inc -I../../Drivers/STM32WL3x_HAL_Driver/Inc/Legacy -I../../Drivers/CMSIS/Device/ST/STM32WL3X/Include -I../../Drivers/CMSIS/Include -O0 -ffunction-sections -fdata-sections -Wall -fstack-usage -fcyclomatic-complexity -MMD -MP -MF"Drivers/STM32WL3x_HAL_Driver/stm32wl3x_hal_uart.d" -MT"Drivers/STM32WL3x_HAL_Driver/stm32wl3x_hal_uart.o" --specs=nano.specs -mfloat-abi=soft -mthumb -o "Drivers/STM32WL3x_HAL_Driver/stm32wl3x_hal_uart.o"
arm-none-eabi-gcc "C:/repos/ece480/embedded/VehicleCANGateway_Workspace/Drivers/STM32WL3x_HAL_Driver/Src/stm32wl3x_hal_uart_ex.c" -mcpu=cortex-m0plus -std=gnu11 -g3 -DDEBUG -DUSE_HAL_DRIVER -DSTM32WL3XX -DUSE_FULL_LL_DRIVER -c -I../../Core/Inc -I../../Drivers/STM32WL3x_HAL_Driver/Inc -I../../Drivers/STM32WL3x_HAL_Driver/Inc/Legacy -I../../Drivers/CMSIS/Device/ST/STM32WL3X/Include -I../../Drivers/CMSIS/Include -O0 -ffunction-sections -fdata-sections -Wall -fstack-usage -fcyclomatic-complexity -MMD -MP -MF"Drivers/STM32WL3x_HAL_Driver/stm32wl3x_hal_uart_ex.d" -MT"Drivers/STM32WL3x_HAL_Driver/stm32wl3x_hal_uart_ex.o" --specs=nano.specs -mfloat-abi=soft -mthumb -o "Drivers/STM32WL3x_HAL_Driver/stm32wl3x_hal_uart_ex.o"
arm-none-eabi-gcc "C:/repos/ece480/embedded/VehicleCANGateway_Workspace/Drivers/STM32WL3x_HAL_Driver/Src/stm32wl3x_ll_utils.c" -mcpu=cortex-m0plus -std=gnu11 -g3 -DDEBUG -DUSE_HAL_DRIVER -DSTM32WL3XX -DUSE_FULL_LL_DRIVER -c -I../../Core/Inc -I../../Drivers/STM32WL3x_HAL_Driver/Inc -I../../Drivers/STM32WL3x_HAL_Driver/Inc/Legacy -I../../Drivers/CMSIS/Device/ST/STM32WL3X/Include -I../../Drivers/CMSIS/Include -O0 -ffunction-sections -fdata-sections -Wall -fstack-usage -fcyclomatic-complexity -MMD -MP -MF"Drivers/STM32WL3x_HAL_Driver/stm32wl3x_ll_utils.d" -MT"Drivers/STM32WL3x_HAL_Driver/stm32wl3x_ll_utils.o" --specs=nano.specs -mfloat-abi=soft -mthumb -o "Drivers/STM32WL3x_HAL_Driver/stm32wl3x_ll_utils.o"
arm-none-eabi-gcc "C:/repos/ece480/embedded/VehicleCANGateway_Workspace/Core/Src/system_stm32wl3x.c" -mcpu=cortex-m0plus -std=gnu11 -g3 -DDEBUG -DUSE_HAL_DRIVER -DSTM32WL3XX -DUSE_FULL_LL_DRIVER -c -I../../Core/Inc -I../../Drivers/STM32WL3x_HAL_Driver/Inc -I../../Drivers/STM32WL3x_HAL_Driver/Inc/Legacy -I../../Drivers/CMSIS/Device/ST/STM32WL3X/Include -I../../Drivers/CMSIS/Include -O0 -ffunction-sections -fdata-sections -Wall -fstack-usage -fcyclomatic-complexity -MMD -MP -MF"Drivers/CMSIS/system_stm32wl3x.d" -MT"Drivers/CMSIS/system_stm32wl3x.o" --specs=nano.specs -mfloat-abi=soft -mthumb -o "Drivers/CMSIS/system_stm32wl3x.o"
arm-none-eabi-gcc -mcpu=cortex-m0plus -g3 -DDEBUG -c -x assembler-with-cpp -MMD -MP -MF"Application/User/Startup/startup_stm32wl33kcvx.d" -MT"Application/User/Startup/startup_stm32wl33kcvx.o" --specs=nano.specs -mfloat-abi=soft -mthumb -o "Application/User/Startup/startup_stm32wl33kcvx.o" "../Application/User/Startup/startup_stm32wl33kcvx.s"
arm-none-eabi-gcc "C:/repos/ece480/embedded/VehicleCANGateway_Workspace/Core/Src/main.c" -mcpu=cortex-m0plus -std=gnu11 -g3 -DDEBUG -DUSE_HAL_DRIVER -DSTM32WL3XX -DUSE_FULL_LL_DRIVER -c -I../../Core/Inc -I../../Drivers/STM32WL3x_HAL_Driver/Inc -I../../Drivers/STM32WL3x_HAL_Driver/Inc/Legacy -I../../Drivers/CMSIS/Device/ST/STM32WL3X/Include -I../../Drivers/CMSIS/Include -O0 -ffunction-sections -fdata-sections -Wall -fstack-usage -fcyclomatic-complexity -MMD -MP -MF"Application/User/Core/main.d" -MT"Application/User/Core/main.o" --specs=nano.specs -mfloat-abi=soft -mthumb -o "Application/User/Core/main.o"
arm-none-eabi-gcc "C:/repos/ece480/embedded/VehicleCANGateway_Workspace/Core/Src/stm32wl3x_hal_msp.c" -mcpu=cortex-m0plus -std=gnu11 -g3 -DDEBUG -DUSE_HAL_DRIVER -DSTM32WL3XX -DUSE_FULL_LL_DRIVER -c -I../../Core/Inc -I../../Drivers/STM32WL3x_HAL_Driver/Inc -I../../Drivers/STM32WL3x_HAL_Driver/Inc/Legacy -I../../Drivers/CMSIS/Device/ST/STM32WL3X/Include -I../../Drivers/CMSIS/Include -O0 -ffunction-sections -fdata-sections -Wall -fstack-usage -fcyclomatic-complexity -MMD -MP -MF"Application/User/Core/stm32wl3x_hal_msp.d" -MT"Application/User/Core/stm32wl3x_hal_msp.o" --specs=nano.specs -mfloat-abi=soft -mthumb -o "Application/User/Core/stm32wl3x_hal_msp.o"
arm-none-eabi-gcc "C:/repos/ece480/embedded/VehicleCANGateway_Workspace/Core/Src/stm32wl3x_it.c" -mcpu=cortex-m0plus -std=gnu11 -g3 -DDEBUG -DUSE_HAL_DRIVER -DSTM32WL3XX -DUSE_FULL_LL_DRIVER -c -I../../Core/Inc -I../../Drivers/STM32WL3x_HAL_Driver/Inc -I../../Drivers/STM32WL3x_HAL_Driver/Inc/Legacy -I../../Drivers/CMSIS/Device/ST/STM32WL3X/Include -I../../Drivers/CMSIS/Include -O0 -ffunction-sections -fdata-sections -Wall -fstack-usage -fcyclomatic-complexity -MMD -MP -MF"Application/User/Core/stm32wl3x_it.d" -MT"Application/User/Core/stm32wl3x_it.o" --specs=nano.specs -mfloat-abi=soft -mthumb -o "Application/User/Core/stm32wl3x_it.o"
arm-none-eabi-gcc "../Application/User/Core/syscalls.c" -mcpu=cortex-m0plus -std=gnu11 -g3 -DDEBUG -DUSE_HAL_DRIVER -DSTM32WL3XX -DUSE_FULL_LL_DRIVER -c -I../../Core/Inc -I../../Drivers/STM32WL3x_HAL_Driver/Inc -I../../Drivers/STM32WL3x_HAL_Driver/Inc/Legacy -I../../Drivers/CMSIS/Device/ST/STM32WL3X/Include -I../../Drivers/CMSIS/Include -O0 -ffunction-sections -fdata-sections -Wall -fstack-usage -fcyclomatic-complexity -MMD -MP -MF"Application/User/Core/syscalls.d" -MT"Application/User/Core/syscalls.o" --specs=nano.specs -mfloat-abi=soft -mthumb -o "Application/User/Core/syscalls.o"
arm-none-eabi-gcc "../Application/User/Core/sysmem.c" -mcpu=cortex-m0plus -std=gnu11 -g3 -DDEBUG -DUSE_HAL_DRIVER -DSTM32WL3XX -DUSE_FULL_LL_DRIVER -c -I../../Core/Inc -I../../Drivers/STM32WL3x_HAL_Driver/Inc -I../../Drivers/STM32WL3x_HAL_Driver/Inc/Legacy -I../../Drivers/CMSIS/Device/ST/STM32WL3X/Include -I../../Drivers/CMSIS/Include -O0 -ffunction-sections -fdata-sections -Wall -fstack-usage -fcyclomatic-complexity -MMD -MP -MF"Application/User/Core/sysmem.d" -MT"Application/User/Core/sysmem.o" --specs=nano.specs -mfloat-abi=soft -mthumb -o "Application/User/Core/sysmem.o"
arm-none-eabi-gcc -o "VehicleCANGateway.elf" @"objects.list"   -mcpu=cortex-m0plus -T"C:\repos\ece480\embedded\VehicleCANGateway_Workspace\VehicleCANGateway\STM32WL33KCVX_FLASH.ld" --specs=nosys.specs -Wl,-Map="VehicleCANGateway.map" -Wl,--gc-sections -static --specs=nano.specs -mfloat-abi=soft -mthumb -Wl,--start-group -lc -lm -Wl,--end-group
Finished building target: VehicleCANGateway.elf
 
arm-none-eabi-size  VehicleCANGateway.elf 
arm-none-eabi-objdump -h -S VehicleCANGateway.elf  > "VehicleCANGateway.list"
   text	   data	    bss	    dec	    hex	filename
  19548	     16	   3452	  23016	   59e8	VehicleCANGateway.elf
Finished building: default.size.stdout
 
Finished building: VehicleCANGateway.list
 
23:38:46 **** Incremental Build of configuration Debug for project VehicleCANGateway ****
make -j8 all 
arm-none-eabi-size  VehicleCANGateway.elf 
   text	   data	    bss	    dec	    hex	filename
  19548	     16	   3452	  23016	   59e8	VehicleCANGateway.elf
Finished building: default.size.stdout
 
23:39:09 **** Incremental Build of configuration Debug for project VehicleCANGateway ****
make -j8 all 
arm-none-eabi-size  VehicleCANGateway.elf 
   text	   data	    bss	    dec	    hex	filename
  19548	     16	   3452	  23016	   59e8	VehicleCANGateway.elf
Finished building: default.size.stdout
 
23:39:32 **** Incremental Build of configuration Debug for project VehicleCANGateway ****
make -j8 all 
arm-none-eabi-size  VehicleCANGateway.elf 
   text	   data	    bss	    dec	    hex	filename
  19548	     16	   3452	  23016	   59e8	VehicleCANGateway.elf
Finished building: default.size.stdout
 
23:39:58 **** Incremental Build of configuration Debug for project VehicleCANGateway ****
make -j8 all 
arm-none-eabi-size  VehicleCANGateway.elf 
   text	   data	    bss	    dec	    hex	filename
  19548	     16	   3452	  23016	   59e8	VehicleCANGateway.elf
Finished building: default.size.stdout
 
23:44:11 **** Incremental Build of configuration Debug for project VehicleCANGateway ****
make -j8 all 
arm-none-eabi-size  VehicleCANGateway.elf 
   text	   data	    bss	    dec	    hex	filename
  19548	     16	   3452	  23016	   59e8	VehicleCANGateway.elf
Finished building: default.size.stdout
 
23:44:36 **** Incremental Build of configuration Debug for project VehicleCANGateway ****
make -j8 all 
arm-none-eabi-size  VehicleCANGateway.elf 
   text	   data	    bss	    dec	    hex	filename
  19548	     16	   3452	  23016	   59e8	VehicleCANGateway.elf
Finished building: default.size.stdout
 
23:48:48 **** Incremental Build of configuration Debug for project VehicleCANGateway ****
make -j8 all 
arm-none-eabi-gcc "C:/repos/ece480/embedded/VehicleCANGateway_Workspace/Core/Src/main.c" -mcpu=cortex-m0plus -std=gnu11 -g3 -DDEBUG -DUSE_HAL_DRIVER -DSTM32WL3XX -DUSE_FULL_LL_DRIVER -c -I../../Core/Inc -I../../Drivers/STM32WL3x_HAL_Driver/Inc -I../../Drivers/STM32WL3x_HAL_Driver/Inc/Legacy -I../../Drivers/CMSIS/Device/ST/STM32WL3X/Include -I../../Drivers/CMSIS/Include -O0 -ffunction-sections -fdata-sections -Wall -fstack-usage -fcyclomatic-complexity -MMD -MP -MF"Application/User/Core/main.d" -MT"Application/User/Core/main.o" --specs=nano.specs -mfloat-abi=soft -mthumb -o "Application/User/Core/main.o"
arm-none-eabi-gcc -o "VehicleCANGateway.elf" @"objects.list"   -mcpu=cortex-m0plus -T"C:\repos\ece480\embedded\VehicleCANGateway_Workspace\VehicleCANGateway\STM32WL33KCVX_FLASH.ld" --specs=nosys.specs -Wl,-Map="VehicleCANGateway.map" -Wl,--gc-sections -static --specs=nano.specs -mfloat-abi=soft -mthumb -Wl,--start-group -lc -lm -Wl,--end-group
Finished building target: VehicleCANGateway.elf
 
arm-none-eabi-size  VehicleCANGateway.elf 
arm-none-eabi-objdump -h -S VehicleCANGateway.elf  > "VehicleCANGateway.list"
   text	   data	    bss	    dec	    hex	filename
  19560	     16	   3452	  23028	   59f4	VehicleCANGateway.elf
Finished building: default.size.stdout
 
Finished building: VehicleCANGateway.list
 
23:49:06 **** Incremental Build of configuration Debug for project VehicleCANGateway ****
make -j8 all 
arm-none-eabi-size  VehicleCANGateway.elf 
   text	   data	    bss	    dec	    hex	filename
  19560	     16	   3452	  23028	   59f4	VehicleCANGateway.elf
Finished building: default.size.stdout
 
00:02:40 **** Incremental Build of configuration Debug for project VehicleCANGateway ****
make -j8 all 
arm-none-eabi-size  VehicleCANGateway.elf 
   text	   data	    bss	    dec	    hex	filename
  19560	     16	   3452	  23028	   59f4	VehicleCANGateway.elf
Finished building: default.size.stdout
 
15:00:55 **** Incremental Build of configuration Debug for project VehicleCANGateway ****
make -j8 all 
arm-none-eabi-gcc "C:/repos/ece480/embedded/VehicleCANGateway_Workspace/Core/Src/main.c" -mcpu=cortex-m0plus -std=gnu11 -g3 -DDEBUG -DUSE_HAL_DRIVER -DSTM32WL3XX -DUSE_FULL_LL_DRIVER -c -I../../Core/Inc -I../../Drivers/STM32WL3x_HAL_Driver/Inc -I../../Drivers/STM32WL3x_HAL_Driver/Inc/Legacy -I../../Drivers/CMSIS/Device/ST/STM32WL3X/Include -I../../Drivers/CMSIS/Include -O0 -ffunction-sections -fdata-sections -Wall -fstack-usage -fcyclomatic-complexity -MMD -MP -MF"Application/User/Core/main.d" -MT"Application/User/Core/main.o" --specs=nano.specs -mfloat-abi=soft -mthumb -o "Application/User/Core/main.o"
C:/repos/ece480/embedded/VehicleCANGateway_Workspace/Core/Src/main.c: In function 'main':
C:/repos/ece480/embedded/VehicleCANGateway_Workspace/Core/Src/main.c:131:38: warning: pointer targets in passing argument 2 of 'HAL_UART_Transmit' differ in signedness [-Wpointer-sign]
  131 |           HAL_UART_Transmit(&huart1, buffer, len, 100);
      |                                      ^~~~~~
      |                                      |
      |                                      char *
In file included from ../../Core/Inc/stm32wl3x_hal_conf.h:258,
                 from ../../Drivers/STM32WL3x_HAL_Driver/Inc/stm32wl3x_hal.h:29,
                 from ../../Core/Inc/main.h:30,
                 from C:/repos/ece480/embedded/VehicleCANGateway_Workspace/Core/Src/main.c:20:
../../Drivers/STM32WL3x_HAL_Driver/Inc/stm32wl3x_hal_uart.h:1645:79: note: expected 'const uint8_t *' {aka 'const unsigned char *'} but argument is of type 'char *'
 1645 | HAL_StatusTypeDef HAL_UART_Transmit(UART_HandleTypeDef *huart, const uint8_t *pData, uint16_t Size, uint32_t Timeout);
      |                                                                ~~~~~~~~~~~~~~~^~~~~
arm-none-eabi-gcc -o "VehicleCANGateway.elf" @"objects.list"   -mcpu=cortex-m0plus -T"C:\repos\ece480\embedded\VehicleCANGateway_Workspace\VehicleCANGateway\STM32WL33KCVX_FLASH.ld" --specs=nosys.specs -Wl,-Map="VehicleCANGateway.map" -Wl,--gc-sections -static --specs=nano.specs -mfloat-abi=soft -mthumb -Wl,--start-group -lc -lm -Wl,--end-group
Finished building target: VehicleCANGateway.elf
 
arm-none-eabi-size  VehicleCANGateway.elf 
arm-none-eabi-objdump -h -S VehicleCANGateway.elf  > "VehicleCANGateway.list"
   text	   data	    bss	    dec	    hex	filename
  22528	     96	   3832	  26456	   6758	VehicleCANGateway.elf
Finished building: default.size.stdout
 
Finished building: VehicleCANGateway.list
 
15:01:26 **** Incremental Build of configuration Debug for project VehicleCANGateway ****
make -j8 all 
arm-none-eabi-size  VehicleCANGateway.elf 
   text	   data	    bss	    dec	    hex	filename
  22528	     96	   3832	  26456	   6758	VehicleCANGateway.elf
Finished building: default.size.stdout
 
15:01:35 **** Incremental Build of configuration Debug for project VehicleCANGateway ****
make -j8 all 
arm-none-eabi-size  VehicleCANGateway.elf 
   text	   data	    bss	    dec	    hex	filename
  22528	     96	   3832	  26456	   6758	VehicleCANGateway.elf
Finished building: default.size.stdout
 
15:15:26 **** Incremental Build of configuration Debug for project VehicleCANGateway ****
make -j8 all 
arm-none-eabi-size  VehicleCANGateway.elf 
   text	   data	    bss	    dec	    hex	filename
  22528	     96	   3832	  26456	   6758	VehicleCANGateway.elf
Finished building: default.size.stdout
 
15:17:54 **** Incremental Build of configuration Debug for project VehicleCANGateway ****
make -j8 all 
arm-none-eabi-size  VehicleCANGateway.elf 
   text	   data	    bss	    dec	    hex	filename
  22528	     96	   3832	  26456	   6758	VehicleCANGateway.elf
Finished building: default.size.stdout
 
15:21:40 **** Incremental Build of configuration Debug for project VehicleCANGateway ****
make -j8 all 
arm-none-eabi-gcc "C:/repos/ece480/embedded/VehicleCANGateway_Workspace/Core/Src/main.c" -mcpu=cortex-m0plus -std=gnu11 -g3 -DDEBUG -DUSE_HAL_DRIVER -DSTM32WL3XX -DUSE_FULL_LL_DRIVER -c -I../../Core/Inc -I../../Drivers/STM32WL3x_HAL_Driver/Inc -I../../Drivers/STM32WL3x_HAL_Driver/Inc/Legacy -I../../Drivers/CMSIS/Device/ST/STM32WL3X/Include -I../../Drivers/CMSIS/Include -O0 -ffunction-sections -fdata-sections -Wall -fstack-usage -fcyclomatic-complexity -MMD -MP -MF"Application/User/Core/main.d" -MT"Application/User/Core/main.o" --specs=nano.specs -mfloat-abi=soft -mthumb -o "Application/User/Core/main.o"
C:/repos/ece480/embedded/VehicleCANGateway_Workspace/Core/Src/main.c: In function 'main':
C:/repos/ece480/embedded/VehicleCANGateway_Workspace/Core/Src/main.c:133:38: warning: pointer targets in passing argument 2 of 'HAL_UART_Transmit' differ in signedness [-Wpointer-sign]
  133 |           HAL_UART_Transmit(&huart1, buffer, len, 100);
      |                                      ^~~~~~
      |                                      |
      |                                      char *
In file included from ../../Core/Inc/stm32wl3x_hal_conf.h:258,
                 from ../../Drivers/STM32WL3x_HAL_Driver/Inc/stm32wl3x_hal.h:29,
                 from ../../Core/Inc/main.h:30,
                 from C:/repos/ece480/embedded/VehicleCANGateway_Workspace/Core/Src/main.c:20:
../../Drivers/STM32WL3x_HAL_Driver/Inc/stm32wl3x_hal_uart.h:1645:79: note: expected 'const uint8_t *' {aka 'const unsigned char *'} but argument is of type 'char *'
 1645 | HAL_StatusTypeDef HAL_UART_Transmit(UART_HandleTypeDef *huart, const uint8_t *pData, uint16_t Size, uint32_t Timeout);
      |                                                                ~~~~~~~~~~~~~~~^~~~~
arm-none-eabi-gcc -o "VehicleCANGateway.elf" @"objects.list"   -mcpu=cortex-m0plus -T"C:\repos\ece480\embedded\VehicleCANGateway_Workspace\VehicleCANGateway\STM32WL33KCVX_FLASH.ld" --specs=nosys.specs -Wl,-Map="VehicleCANGateway.map" -Wl,--gc-sections -static --specs=nano.specs -mfloat-abi=soft -mthumb -Wl,--start-group -lc -lm -Wl,--end-group
Finished building target: VehicleCANGateway.elf
 
arm-none-eabi-size  VehicleCANGateway.elf 
arm-none-eabi-objdump -h -S VehicleCANGateway.elf  > "VehicleCANGateway.list"
   text	   data	    bss	    dec	    hex	filename
  22560	     96	   3832	  26488	   6778	VehicleCANGateway.elf
Finished building: default.size.stdout
 
Finished building: VehicleCANGateway.list
 
15:21:51 **** Incremental Build of configuration Debug for project VehicleCANGateway ****
make -j8 all 
arm-none-eabi-size  VehicleCANGateway.elf 
   text	   data	    bss	    dec	    hex	filename
  22560	     96	   3832	  26488	   6778	VehicleCANGateway.elf
Finished building: default.size.stdout
 
15:22:07 **** Incremental Build of configuration Debug for project VehicleCANGateway ****
make -j8 all 
arm-none-eabi-size  VehicleCANGateway.elf 
   text	   data	    bss	    dec	    hex	filename
  22560	     96	   3832	  26488	   6778	VehicleCANGateway.elf
Finished building: default.size.stdout
 
15:29:08 **** Incremental Build of configuration Debug for project VehicleCANGateway ****
make -j8 all 
arm-none-eabi-gcc "C:/repos/ece480/embedded/VehicleCANGateway_Workspace/Core/Src/main.c" -mcpu=cortex-m0plus -std=gnu11 -g3 -DDEBUG -DUSE_HAL_DRIVER -DSTM32WL3XX -DUSE_FULL_LL_DRIVER -c -I../../Core/Inc -I../../Drivers/STM32WL3x_HAL_Driver/Inc -I../../Drivers/STM32WL3x_HAL_Driver/Inc/Legacy -I../../Drivers/CMSIS/Device/ST/STM32WL3X/Include -I../../Drivers/CMSIS/Include -O0 -ffunction-sections -fdata-sections -Wall -fstack-usage -fcyclomatic-complexity -MMD -MP -MF"Application/User/Core/main.d" -MT"Application/User/Core/main.o" --specs=nano.specs -mfloat-abi=soft -mthumb -o "Application/User/Core/main.o"
C:/repos/ece480/embedded/VehicleCANGateway_Workspace/Core/Src/main.c: In function 'main':
C:/repos/ece480/embedded/VehicleCANGateway_Workspace/Core/Src/main.c:135:11: error: implicit declaration of function 'RS485_Send' [-Wimplicit-function-declaration]
  135 |           RS485_Send(myData, 5); // 'Size' is 5 because there are 5 characters
      |           ^~~~~~~~~~
C:/repos/ece480/embedded/VehicleCANGateway_Workspace/Core/Src/main.c: At top level:
C:/repos/ece480/embedded/VehicleCANGateway_Workspace/Core/Src/main.c:145:6: warning: conflicting types for 'RS485_Send'; have 'void(uint8_t *, uint16_t)' {aka 'void(unsigned char *, short unsigned int)'}
  145 | void RS485_Send(uint8_t *pData, uint16_t Size) {
      |      ^~~~~~~~~~
C:/repos/ece480/embedded/VehicleCANGateway_Workspace/Core/Src/main.c:135:11: note: previous implicit declaration of 'RS485_Send' with type 'void(uint8_t *, uint16_t)' {aka 'void(unsigned char *, short unsigned int)'}
  135 |           RS485_Send(myData, 5); // 'Size' is 5 because there are 5 characters
      |           ^~~~~~~~~~
make: *** [Application/User/Core/subdir.mk:31: Application/User/Core/main.o] Error 1
"make -j8 all" terminated with exit code 2. Build might be incomplete.
15:29:40 **** Incremental Build of configuration Debug for project VehicleCANGateway ****
make -j8 all 
arm-none-eabi-gcc "C:/repos/ece480/embedded/VehicleCANGateway_Workspace/Core/Src/main.c" -mcpu=cortex-m0plus -std=gnu11 -g3 -DDEBUG -DUSE_HAL_DRIVER -DSTM32WL3XX -DUSE_FULL_LL_DRIVER -c -I../../Core/Inc -I../../Drivers/STM32WL3x_HAL_Driver/Inc -I../../Drivers/STM32WL3x_HAL_Driver/Inc/Legacy -I../../Drivers/CMSIS/Device/ST/STM32WL3X/Include -I../../Drivers/CMSIS/Include -O0 -ffunction-sections -fdata-sections -Wall -fstack-usage -fcyclomatic-complexity -MMD -MP -MF"Application/User/Core/main.d" -MT"Application/User/Core/main.o" --specs=nano.specs -mfloat-abi=soft -mthumb -o "Application/User/Core/main.o"
C:/repos/ece480/embedded/VehicleCANGateway_Workspace/Core/Src/main.c: In function 'main':
C:/repos/ece480/embedded/VehicleCANGateway_Workspace/Core/Src/main.c:135:11: error: implicit declaration of function 'RS485_Send' [-Wimplicit-function-declaration]
  135 |           RS485_Send(myData, 5); // 'Size' is 5 because there are 5 characters
      |           ^~~~~~~~~~
C:/repos/ece480/embedded/VehicleCANGateway_Workspace/Core/Src/main.c: At top level:
C:/repos/ece480/embedded/VehicleCANGateway_Workspace/Core/Src/main.c:145:6: warning: conflicting types for 'RS485_Send'; have 'void(uint8_t *, uint16_t)' {aka 'void(unsigned char *, short unsigned int)'}
  145 | void RS485_Send(uint8_t *pData, uint16_t Size) {
      |      ^~~~~~~~~~
C:/repos/ece480/embedded/VehicleCANGateway_Workspace/Core/Src/main.c:135:11: note: previous implicit declaration of 'RS485_Send' with type 'void(uint8_t *, uint16_t)' {aka 'void(unsigned char *, short unsigned int)'}
  135 |           RS485_Send(myData, 5); // 'Size' is 5 because there are 5 characters
      |           ^~~~~~~~~~
make: *** [Application/User/Core/subdir.mk:31: Application/User/Core/main.o] Error 1
"make -j8 all" terminated with exit code 2. Build might be incomplete.
15:30:48 **** Incremental Build of configuration Debug for project VehicleCANGateway ****
make -j8 all 
arm-none-eabi-gcc "C:/repos/ece480/embedded/VehicleCANGateway_Workspace/Core/Src/main.c" -mcpu=cortex-m0plus -std=gnu11 -g3 -DDEBUG -DUSE_HAL_DRIVER -DSTM32WL3XX -DUSE_FULL_LL_DRIVER -c -I../../Core/Inc -I../../Drivers/STM32WL3x_HAL_Driver/Inc -I../../Drivers/STM32WL3x_HAL_Driver/Inc/Legacy -I../../Drivers/CMSIS/Device/ST/STM32WL3X/Include -I../../Drivers/CMSIS/Include -O0 -ffunction-sections -fdata-sections -Wall -fstack-usage -fcyclomatic-complexity -MMD -MP -MF"Application/User/Core/main.d" -MT"Application/User/Core/main.o" --specs=nano.specs -mfloat-abi=soft -mthumb -o "Application/User/Core/main.o"
arm-none-eabi-gcc -o "VehicleCANGateway.elf" @"objects.list"   -mcpu=cortex-m0plus -T"C:\repos\ece480\embedded\VehicleCANGateway_Workspace\VehicleCANGateway\STM32WL33KCVX_FLASH.ld" --specs=nosys.specs -Wl,-Map="VehicleCANGateway.map" -Wl,--gc-sections -static --specs=nano.specs -mfloat-abi=soft -mthumb -Wl,--start-group -lc -lm -Wl,--end-group
Finished building target: VehicleCANGateway.elf
 
arm-none-eabi-size  VehicleCANGateway.elf 
arm-none-eabi-objdump -h -S VehicleCANGateway.elf  > "VehicleCANGateway.list"
   text	   data	    bss	    dec	    hex	filename
  20120	     24	   3456	  23600	   5c30	VehicleCANGateway.elf
Finished building: default.size.stdout
 
Finished building: VehicleCANGateway.list
 
15:35:33 **** Incremental Build of configuration Debug for project VehicleCANGateway ****
make -j8 all 
arm-none-eabi-gcc "C:/repos/ece480/embedded/VehicleCANGateway_Workspace/Core/Src/main.c" -mcpu=cortex-m0plus -std=gnu11 -g3 -DDEBUG -DUSE_HAL_DRIVER -DSTM32WL3XX -DUSE_FULL_LL_DRIVER -c -I../../Core/Inc -I../../Drivers/STM32WL3x_HAL_Driver/Inc -I../../Drivers/STM32WL3x_HAL_Driver/Inc/Legacy -I../../Drivers/CMSIS/Device/ST/STM32WL3X/Include -I../../Drivers/CMSIS/Include -O0 -ffunction-sections -fdata-sections -Wall -fstack-usage -fcyclomatic-complexity -MMD -MP -MF"Application/User/Core/main.d" -MT"Application/User/Core/main.o" --specs=nano.specs -mfloat-abi=soft -mthumb -o "Application/User/Core/main.o"
arm-none-eabi-gcc -o "VehicleCANGateway.elf" @"objects.list"   -mcpu=cortex-m0plus -T"C:\repos\ece480\embedded\VehicleCANGateway_Workspace\VehicleCANGateway\STM32WL33KCVX_FLASH.ld" --specs=nosys.specs -Wl,-Map="VehicleCANGateway.map" -Wl,--gc-sections -static --specs=nano.specs -mfloat-abi=soft -mthumb -Wl,--start-group -lc -lm -Wl,--end-group
Finished building target: VehicleCANGateway.elf
 
arm-none-eabi-size  VehicleCANGateway.elf 
arm-none-eabi-objdump -h -S VehicleCANGateway.elf  > "VehicleCANGateway.list"
   text	   data	    bss	    dec	    hex	filename
  20120	     24	   3456	  23600	   5c30	VehicleCANGateway.elf
Finished building: default.size.stdout
 
Finished building: VehicleCANGateway.list
 
15:38:58 **** Incremental Build of configuration Debug for project VehicleCANGateway ****
make -j8 all 
arm-none-eabi-gcc "C:/repos/ece480/embedded/VehicleCANGateway_Workspace/Core/Src/main.c" -mcpu=cortex-m0plus -std=gnu11 -g3 -DDEBUG -DUSE_HAL_DRIVER -DSTM32WL3XX -DUSE_FULL_LL_DRIVER -c -I../../Core/Inc -I../../Drivers/STM32WL3x_HAL_Driver/Inc -I../../Drivers/STM32WL3x_HAL_Driver/Inc/Legacy -I../../Drivers/CMSIS/Device/ST/STM32WL3X/Include -I../../Drivers/CMSIS/Include -O0 -ffunction-sections -fdata-sections -Wall -fstack-usage -fcyclomatic-complexity -MMD -MP -MF"Application/User/Core/main.d" -MT"Application/User/Core/main.o" --specs=nano.specs -mfloat-abi=soft -mthumb -o "Application/User/Core/main.o"
arm-none-eabi-gcc -o "VehicleCANGateway.elf" @"objects.list"   -mcpu=cortex-m0plus -T"C:\repos\ece480\embedded\VehicleCANGateway_Workspace\VehicleCANGateway\STM32WL33KCVX_FLASH.ld" --specs=nosys.specs -Wl,-Map="VehicleCANGateway.map" -Wl,--gc-sections -static --specs=nano.specs -mfloat-abi=soft -mthumb -Wl,--start-group -lc -lm -Wl,--end-group
Finished building target: VehicleCANGateway.elf
 
arm-none-eabi-size  VehicleCANGateway.elf 
arm-none-eabi-objdump -h -S VehicleCANGateway.elf  > "VehicleCANGateway.list"
   text	   data	    bss	    dec	    hex	filename
  20120	     20	   3456	  23596	   5c2c	VehicleCANGateway.elf
Finished building: default.size.stdout
 
Finished building: VehicleCANGateway.list
 
15:41:57 **** Incremental Build of configuration Debug for project VehicleCANGateway ****
make -j8 all 
arm-none-eabi-gcc "C:/repos/ece480/embedded/VehicleCANGateway_Workspace/Core/Src/main.c" -mcpu=cortex-m0plus -std=gnu11 -g3 -DDEBUG -DUSE_HAL_DRIVER -DSTM32WL3XX -DUSE_FULL_LL_DRIVER -c -I../../Core/Inc -I../../Drivers/STM32WL3x_HAL_Driver/Inc -I../../Drivers/STM32WL3x_HAL_Driver/Inc/Legacy -I../../Drivers/CMSIS/Device/ST/STM32WL3X/Include -I../../Drivers/CMSIS/Include -O0 -ffunction-sections -fdata-sections -Wall -fstack-usage -fcyclomatic-complexity -MMD -MP -MF"Application/User/Core/main.d" -MT"Application/User/Core/main.o" --specs=nano.specs -mfloat-abi=soft -mthumb -o "Application/User/Core/main.o"
arm-none-eabi-gcc -o "VehicleCANGateway.elf" @"objects.list"   -mcpu=cortex-m0plus -T"C:\repos\ece480\embedded\VehicleCANGateway_Workspace\VehicleCANGateway\STM32WL33KCVX_FLASH.ld" --specs=nosys.specs -Wl,-Map="VehicleCANGateway.map" -Wl,--gc-sections -static --specs=nano.specs -mfloat-abi=soft -mthumb -Wl,--start-group -lc -lm -Wl,--end-group
Finished building target: VehicleCANGateway.elf
 
arm-none-eabi-size  VehicleCANGateway.elf 
arm-none-eabi-objdump -h -S VehicleCANGateway.elf  > "VehicleCANGateway.list"
   text	   data	    bss	    dec	    hex	filename
  20128	     24	   3456	  23608	   5c38	VehicleCANGateway.elf
Finished building: default.size.stdout
 
Finished building: VehicleCANGateway.list
 
15:47:21 **** Incremental Build of configuration Debug for project VehicleCANGateway ****
make -j8 all 
arm-none-eabi-gcc "C:/repos/ece480/embedded/VehicleCANGateway_Workspace/Core/Src/main.c" -mcpu=cortex-m0plus -std=gnu11 -g3 -DDEBUG -DUSE_HAL_DRIVER -DSTM32WL3XX -DUSE_FULL_LL_DRIVER -c -I../../Core/Inc -I../../Drivers/STM32WL3x_HAL_Driver/Inc -I../../Drivers/STM32WL3x_HAL_Driver/Inc/Legacy -I../../Drivers/CMSIS/Device/ST/STM32WL3X/Include -I../../Drivers/CMSIS/Include -O0 -ffunction-sections -fdata-sections -Wall -fstack-usage -fcyclomatic-complexity -MMD -MP -MF"Application/User/Core/main.d" -MT"Application/User/Core/main.o" --specs=nano.specs -mfloat-abi=soft -mthumb -o "Application/User/Core/main.o"
In file included from C:/repos/ece480/embedded/VehicleCANGateway_Workspace/Core/Src/main.c:22:
../../Core/Inc/rs485.h: In function 'RS485_Send':
../../Core/Inc/rs485.h:12:24: error: 'huart1' undeclared (first use in this function)
   12 |     HAL_UART_Transmit(&huart1, pData, Size, 100);
      |                        ^~~~~~
../../Core/Inc/rs485.h:12:24: note: each undeclared identifier is reported only once for each function it appears in
make: *** [Application/User/Core/subdir.mk:31: Application/User/Core/main.o] Error 1
"make -j8 all" terminated with exit code 2. Build might be incomplete.
15:47:28 **** Incremental Build of configuration Debug for project VehicleCANGateway ****
make -j8 all 
arm-none-eabi-gcc "C:/repos/ece480/embedded/VehicleCANGateway_Workspace/Core/Src/main.c" -mcpu=cortex-m0plus -std=gnu11 -g3 -DDEBUG -DUSE_HAL_DRIVER -DSTM32WL3XX -DUSE_FULL_LL_DRIVER -c -I../../Core/Inc -I../../Drivers/STM32WL3x_HAL_Driver/Inc -I../../Drivers/STM32WL3x_HAL_Driver/Inc/Legacy -I../../Drivers/CMSIS/Device/ST/STM32WL3X/Include -I../../Drivers/CMSIS/Include -O0 -ffunction-sections -fdata-sections -Wall -fstack-usage -fcyclomatic-complexity -MMD -MP -MF"Application/User/Core/main.d" -MT"Application/User/Core/main.o" --specs=nano.specs -mfloat-abi=soft -mthumb -o "Application/User/Core/main.o"
In file included from C:/repos/ece480/embedded/VehicleCANGateway_Workspace/Core/Src/main.c:22:
../../Core/Inc/rs485.h: In function 'RS485_Send':
../../Core/Inc/rs485.h:12:24: error: 'huart1' undeclared (first use in this function)
   12 |     HAL_UART_Transmit(&huart1, pData, Size, 100);
      |                        ^~~~~~
../../Core/Inc/rs485.h:12:24: note: each undeclared identifier is reported only once for each function it appears in
make: *** [Application/User/Core/subdir.mk:31: Application/User/Core/main.o] Error 1
"make -j8 all" terminated with exit code 2. Build might be incomplete.
15:48:09 **** Incremental Build of configuration Debug for project VehicleCANGateway ****
make -j8 all 
arm-none-eabi-gcc "C:/repos/ece480/embedded/VehicleCANGateway_Workspace/Core/Src/main.c" -mcpu=cortex-m0plus -std=gnu11 -g3 -DDEBUG -DUSE_HAL_DRIVER -DSTM32WL3XX -DUSE_FULL_LL_DRIVER -c -I../../Core/Inc -I../../Drivers/STM32WL3x_HAL_Driver/Inc -I../../Drivers/STM32WL3x_HAL_Driver/Inc/Legacy -I../../Drivers/CMSIS/Device/ST/STM32WL3X/Include -I../../Drivers/CMSIS/Include -O0 -ffunction-sections -fdata-sections -Wall -fstack-usage -fcyclomatic-complexity -MMD -MP -MF"Application/User/Core/main.d" -MT"Application/User/Core/main.o" --specs=nano.specs -mfloat-abi=soft -mthumb -o "Application/User/Core/main.o"
In file included from C:/repos/ece480/embedded/VehicleCANGateway_Workspace/Core/Src/main.c:22:
../../Core/Inc/rs485.h: In function 'RS485_Send':
../../Core/Inc/rs485.h:14:24: error: 'huart1' undeclared (first use in this function)
   14 |     HAL_UART_Transmit(&huart1, pData, Size, 100);
      |                        ^~~~~~
../../Core/Inc/rs485.h:14:24: note: each undeclared identifier is reported only once for each function it appears in
make: *** [Application/User/Core/subdir.mk:31: Application/User/Core/main.o] Error 1
"make -j8 all" terminated with exit code 2. Build might be incomplete.
15:48:13 **** Incremental Build of configuration Debug for project VehicleCANGateway ****
make -j8 all 
arm-none-eabi-gcc "C:/repos/ece480/embedded/VehicleCANGateway_Workspace/Core/Src/main.c" -mcpu=cortex-m0plus -std=gnu11 -g3 -DDEBUG -DUSE_HAL_DRIVER -DSTM32WL3XX -DUSE_FULL_LL_DRIVER -c -I../../Core/Inc -I../../Drivers/STM32WL3x_HAL_Driver/Inc -I../../Drivers/STM32WL3x_HAL_Driver/Inc/Legacy -I../../Drivers/CMSIS/Device/ST/STM32WL3X/Include -I../../Drivers/CMSIS/Include -O0 -ffunction-sections -fdata-sections -Wall -fstack-usage -fcyclomatic-complexity -MMD -MP -MF"Application/User/Core/main.d" -MT"Application/User/Core/main.o" --specs=nano.specs -mfloat-abi=soft -mthumb -o "Application/User/Core/main.o"
In file included from C:/repos/ece480/embedded/VehicleCANGateway_Workspace/Core/Src/main.c:22:
../../Core/Inc/rs485.h: In function 'RS485_Send':
../../Core/Inc/rs485.h:14:24: error: 'huart1' undeclared (first use in this function)
   14 |     HAL_UART_Transmit(&huart1, pData, Size, 100);
      |                        ^~~~~~
../../Core/Inc/rs485.h:14:24: note: each undeclared identifier is reported only once for each function it appears in
make: *** [Application/User/Core/subdir.mk:31: Application/User/Core/main.o] Error 1
"make -j8 all" terminated with exit code 2. Build might be incomplete.
15:51:16 **** Incremental Build of configuration Debug for project VehicleCANGateway ****
make -j8 all 
arm-none-eabi-gcc "C:/repos/ece480/embedded/VehicleCANGateway_Workspace/Core/Src/main.c" -mcpu=cortex-m0plus -std=gnu11 -g3 -DDEBUG -DUSE_HAL_DRIVER -DSTM32WL3XX -DUSE_FULL_LL_DRIVER -c -I../../Core/Inc -I../../Drivers/STM32WL3x_HAL_Driver/Inc -I../../Drivers/STM32WL3x_HAL_Driver/Inc/Legacy -I../../Drivers/CMSIS/Device/ST/STM32WL3X/Include -I../../Drivers/CMSIS/Include -O0 -ffunction-sections -fdata-sections -Wall -fstack-usage -fcyclomatic-complexity -MMD -MP -MF"Application/User/Core/main.d" -MT"Application/User/Core/main.o" --specs=nano.specs -mfloat-abi=soft -mthumb -o "Application/User/Core/main.o"
arm-none-eabi-gcc -o "VehicleCANGateway.elf" @"objects.list"   -mcpu=cortex-m0plus -T"C:\repos\ece480\embedded\VehicleCANGateway_Workspace\VehicleCANGateway\STM32WL33KCVX_FLASH.ld" --specs=nosys.specs -Wl,-Map="VehicleCANGateway.map" -Wl,--gc-sections -static --specs=nano.specs -mfloat-abi=soft -mthumb -Wl,--start-group -lc -lm -Wl,--end-group
Finished building target: VehicleCANGateway.elf
 
arm-none-eabi-size  VehicleCANGateway.elf 
arm-none-eabi-objdump -h -S VehicleCANGateway.elf  > "VehicleCANGateway.list"
   text	   data	    bss	    dec	    hex	filename
  20128	     24	   3456	  23608	   5c38	VehicleCANGateway.elf
Finished building: default.size.stdout
 
Finished building: VehicleCANGateway.list
 
15:51:20 **** Incremental Build of configuration Debug for project VehicleCANGateway ****
make -j8 all 
arm-none-eabi-size  VehicleCANGateway.elf 
   text	   data	    bss	    dec	    hex	filename
  20128	     24	   3456	  23608	   5c38	VehicleCANGateway.elf
Finished building: default.size.stdout
 
15:54:39 **** Incremental Build of configuration Debug for project VehicleCANGateway ****
make -j8 all 
arm-none-eabi-gcc "C:/repos/ece480/embedded/VehicleCANGateway_Workspace/Core/Src/main.c" -mcpu=cortex-m0plus -std=gnu11 -g3 -DDEBUG -DUSE_HAL_DRIVER -DSTM32WL3XX -DUSE_FULL_LL_DRIVER -c -I../../Core/Inc -I../../Drivers/STM32WL3x_HAL_Driver/Inc -I../../Drivers/STM32WL3x_HAL_Driver/Inc/Legacy -I../../Drivers/CMSIS/Device/ST/STM32WL3X/Include -I../../Drivers/CMSIS/Include -O0 -ffunction-sections -fdata-sections -Wall -fstack-usage -fcyclomatic-complexity -MMD -MP -MF"Application/User/Core/main.d" -MT"Application/User/Core/main.o" --specs=nano.specs -mfloat-abi=soft -mthumb -o "Application/User/Core/main.o"
arm-none-eabi-gcc -o "VehicleCANGateway.elf" @"objects.list"   -mcpu=cortex-m0plus -T"C:\repos\ece480\embedded\VehicleCANGateway_Workspace\VehicleCANGateway\STM32WL33KCVX_FLASH.ld" --specs=nosys.specs -Wl,-Map="VehicleCANGateway.map" -Wl,--gc-sections -static --specs=nano.specs -mfloat-abi=soft -mthumb -Wl,--start-group -lc -lm -Wl,--end-group
Finished building target: VehicleCANGateway.elf
 
arm-none-eabi-size  VehicleCANGateway.elf 
arm-none-eabi-objdump -h -S VehicleCANGateway.elf  > "VehicleCANGateway.list"
   text	   data	    bss	    dec	    hex	filename
  20128	     24	   3456	  23608	   5c38	VehicleCANGateway.elf
Finished building: default.size.stdout
 
Finished building: VehicleCANGateway.list
 
16:01:06 **** Incremental Build of configuration Debug for project VehicleCANGateway ****
make -j8 all 
arm-none-eabi-gcc "C:/repos/ece480/embedded/VehicleCANGateway_Workspace/Core/Src/main.c" -mcpu=cortex-m0plus -std=gnu11 -g3 -DDEBUG -DUSE_HAL_DRIVER -DSTM32WL3XX -DUSE_FULL_LL_DRIVER -c -I../../Core/Inc -I../../Drivers/STM32WL3x_HAL_Driver/Inc -I../../Drivers/STM32WL3x_HAL_Driver/Inc/Legacy -I../../Drivers/CMSIS/Device/ST/STM32WL3X/Include -I../../Drivers/CMSIS/Include -O0 -ffunction-sections -fdata-sections -Wall -fstack-usage -fcyclomatic-complexity -MMD -MP -MF"Application/User/Core/main.d" -MT"Application/User/Core/main.o" --specs=nano.specs -mfloat-abi=soft -mthumb -o "Application/User/Core/main.o"
arm-none-eabi-gcc -o "VehicleCANGateway.elf" @"objects.list"   -mcpu=cortex-m0plus -T"C:\repos\ece480\embedded\VehicleCANGateway_Workspace\VehicleCANGateway\STM32WL33KCVX_FLASH.ld" --specs=nosys.specs -Wl,-Map="VehicleCANGateway.map" -Wl,--gc-sections -static --specs=nano.specs -mfloat-abi=soft -mthumb -Wl,--start-group -lc -lm -Wl,--end-group
Finished building target: VehicleCANGateway.elf
 
arm-none-eabi-size  VehicleCANGateway.elf 
arm-none-eabi-objdump -h -S VehicleCANGateway.elf  > "VehicleCANGateway.list"
   text	   data	    bss	    dec	    hex	filename
  20128	     24	   3456	  23608	   5c38	VehicleCANGateway.elf
Finished building: default.size.stdout
 
Finished building: VehicleCANGateway.list
 
16:06:30 **** Incremental Build of configuration Debug for project VehicleCANGateway ****
make -j8 all 
arm-none-eabi-gcc "C:/repos/ece480/embedded/VehicleCANGateway_Workspace/Core/Src/main.c" -mcpu=cortex-m0plus -std=gnu11 -g3 -DDEBUG -DUSE_HAL_DRIVER -DSTM32WL3XX -DUSE_FULL_LL_DRIVER -c -I../../Core/Inc -I../../Drivers/STM32WL3x_HAL_Driver/Inc -I../../Drivers/STM32WL3x_HAL_Driver/Inc/Legacy -I../../Drivers/CMSIS/Device/ST/STM32WL3X/Include -I../../Drivers/CMSIS/Include -O0 -ffunction-sections -fdata-sections -Wall -fstack-usage -fcyclomatic-complexity -MMD -MP -MF"Application/User/Core/main.d" -MT"Application/User/Core/main.o" --specs=nano.specs -mfloat-abi=soft -mthumb -o "Application/User/Core/main.o"
arm-none-eabi-gcc -o "VehicleCANGateway.elf" @"objects.list"   -mcpu=cortex-m0plus -T"C:\repos\ece480\embedded\VehicleCANGateway_Workspace\VehicleCANGateway\STM32WL33KCVX_FLASH.ld" --specs=nosys.specs -Wl,-Map="VehicleCANGateway.map" -Wl,--gc-sections -static --specs=nano.specs -mfloat-abi=soft -mthumb -Wl,--start-group -lc -lm -Wl,--end-group
Finished building target: VehicleCANGateway.elf
 
arm-none-eabi-size  VehicleCANGateway.elf 
arm-none-eabi-objdump -h -S VehicleCANGateway.elf  > "VehicleCANGateway.list"
   text	   data	    bss	    dec	    hex	filename
  20104	     24	   3456	  23584	   5c20	VehicleCANGateway.elf
Finished building: default.size.stdout
 
Finished building: VehicleCANGateway.list
 
16:07:55 **** Incremental Build of configuration Debug for project VehicleCANGateway ****
make -j8 all 
arm-none-eabi-gcc "C:/repos/ece480/embedded/VehicleCANGateway_Workspace/Core/Src/main.c" -mcpu=cortex-m0plus -std=gnu11 -g3 -DDEBUG -DUSE_HAL_DRIVER -DSTM32WL3XX -DUSE_FULL_LL_DRIVER -c -I../../Core/Inc -I../../Drivers/STM32WL3x_HAL_Driver/Inc -I../../Drivers/STM32WL3x_HAL_Driver/Inc/Legacy -I../../Drivers/CMSIS/Device/ST/STM32WL3X/Include -I../../Drivers/CMSIS/Include -O0 -ffunction-sections -fdata-sections -Wall -fstack-usage -fcyclomatic-complexity -MMD -MP -MF"Application/User/Core/main.d" -MT"Application/User/Core/main.o" --specs=nano.specs -mfloat-abi=soft -mthumb -o "Application/User/Core/main.o"
arm-none-eabi-gcc -o "VehicleCANGateway.elf" @"objects.list"   -mcpu=cortex-m0plus -T"C:\repos\ece480\embedded\VehicleCANGateway_Workspace\VehicleCANGateway\STM32WL33KCVX_FLASH.ld" --specs=nosys.specs -Wl,-Map="VehicleCANGateway.map" -Wl,--gc-sections -static --specs=nano.specs -mfloat-abi=soft -mthumb -Wl,--start-group -lc -lm -Wl,--end-group
Finished building target: VehicleCANGateway.elf
 
arm-none-eabi-size  VehicleCANGateway.elf 
arm-none-eabi-objdump -h -S VehicleCANGateway.elf  > "VehicleCANGateway.list"
   text	   data	    bss	    dec	    hex	filename
  20128	     24	   3456	  23608	   5c38	VehicleCANGateway.elf
Finished building: default.size.stdout
 
Finished building: VehicleCANGateway.list
 
16:09:33 **** Incremental Build of configuration Debug for project VehicleCANGateway ****
make -j8 all 
arm-none-eabi-gcc "C:/repos/ece480/embedded/VehicleCANGateway_Workspace/Core/Src/main.c" -mcpu=cortex-m0plus -std=gnu11 -g3 -DDEBUG -DUSE_HAL_DRIVER -DSTM32WL3XX -DUSE_FULL_LL_DRIVER -c -I../../Core/Inc -I../../Drivers/STM32WL3x_HAL_Driver/Inc -I../../Drivers/STM32WL3x_HAL_Driver/Inc/Legacy -I../../Drivers/CMSIS/Device/ST/STM32WL3X/Include -I../../Drivers/CMSIS/Include -O0 -ffunction-sections -fdata-sections -Wall -fstack-usage -fcyclomatic-complexity -MMD -MP -MF"Application/User/Core/main.d" -MT"Application/User/Core/main.o" --specs=nano.specs -mfloat-abi=soft -mthumb -o "Application/User/Core/main.o"
arm-none-eabi-gcc -o "VehicleCANGateway.elf" @"objects.list"   -mcpu=cortex-m0plus -T"C:\repos\ece480\embedded\VehicleCANGateway_Workspace\VehicleCANGateway\STM32WL33KCVX_FLASH.ld" --specs=nosys.specs -Wl,-Map="VehicleCANGateway.map" -Wl,--gc-sections -static --specs=nano.specs -mfloat-abi=soft -mthumb -Wl,--start-group -lc -lm -Wl,--end-group
Finished building target: VehicleCANGateway.elf
 
arm-none-eabi-size  VehicleCANGateway.elf 
arm-none-eabi-objdump -h -S VehicleCANGateway.elf  > "VehicleCANGateway.list"
   text	   data	    bss	    dec	    hex	filename
  20128	     24	   3456	  23608	   5c38	VehicleCANGateway.elf
Finished building: default.size.stdout
 
Finished building: VehicleCANGateway.list
 
16:15:40 **** Incremental Build of configuration Debug for project VehicleCANGateway ****
make -j8 all 
arm-none-eabi-gcc "C:/repos/ece480/embedded/VehicleCANGateway_Workspace/Core/Src/main.c" -mcpu=cortex-m0plus -std=gnu11 -g3 -DDEBUG -DUSE_HAL_DRIVER -DSTM32WL3XX -DUSE_FULL_LL_DRIVER -c -I../../Core/Inc -I../../Drivers/STM32WL3x_HAL_Driver/Inc -I../../Drivers/STM32WL3x_HAL_Driver/Inc/Legacy -I../../Drivers/CMSIS/Device/ST/STM32WL3X/Include -I../../Drivers/CMSIS/Include -O0 -ffunction-sections -fdata-sections -Wall -fstack-usage -fcyclomatic-complexity -MMD -MP -MF"Application/User/Core/main.d" -MT"Application/User/Core/main.o" --specs=nano.specs -mfloat-abi=soft -mthumb -o "Application/User/Core/main.o"
arm-none-eabi-gcc -o "VehicleCANGateway.elf" @"objects.list"   -mcpu=cortex-m0plus -T"C:\repos\ece480\embedded\VehicleCANGateway_Workspace\VehicleCANGateway\STM32WL33KCVX_FLASH.ld" --specs=nosys.specs -Wl,-Map="VehicleCANGateway.map" -Wl,--gc-sections -static --specs=nano.specs -mfloat-abi=soft -mthumb -Wl,--start-group -lc -lm -Wl,--end-group
Finished building target: VehicleCANGateway.elf
 
arm-none-eabi-size  VehicleCANGateway.elf 
arm-none-eabi-objdump -h -S VehicleCANGateway.elf  > "VehicleCANGateway.list"
   text	   data	    bss	    dec	    hex	filename
  20128	     24	   3456	  23608	   5c38	VehicleCANGateway.elf
Finished building: default.size.stdout
 
Finished building: VehicleCANGateway.list
 
16:19:37 **** Incremental Build of configuration Debug for project VehicleCANGateway ****
make -j8 all 
arm-none-eabi-gcc "C:/repos/ece480/embedded/VehicleCANGateway_Workspace/Core/Src/main.c" -mcpu=cortex-m0plus -std=gnu11 -g3 -DDEBUG -DUSE_HAL_DRIVER -DSTM32WL3XX -DUSE_FULL_LL_DRIVER -c -I../../Core/Inc -I../../Drivers/STM32WL3x_HAL_Driver/Inc -I../../Drivers/STM32WL3x_HAL_Driver/Inc/Legacy -I../../Drivers/CMSIS/Device/ST/STM32WL3X/Include -I../../Drivers/CMSIS/Include -O0 -ffunction-sections -fdata-sections -Wall -fstack-usage -fcyclomatic-complexity -MMD -MP -MF"Application/User/Core/main.d" -MT"Application/User/Core/main.o" --specs=nano.specs -mfloat-abi=soft -mthumb -o "Application/User/Core/main.o"
arm-none-eabi-gcc -o "VehicleCANGateway.elf" @"objects.list"   -mcpu=cortex-m0plus -T"C:\repos\ece480\embedded\VehicleCANGateway_Workspace\VehicleCANGateway\STM32WL33KCVX_FLASH.ld" --specs=nosys.specs -Wl,-Map="VehicleCANGateway.map" -Wl,--gc-sections -static --specs=nano.specs -mfloat-abi=soft -mthumb -Wl,--start-group -lc -lm -Wl,--end-group
Finished building target: VehicleCANGateway.elf
 
arm-none-eabi-size  VehicleCANGateway.elf 
arm-none-eabi-objdump -h -S VehicleCANGateway.elf  > "VehicleCANGateway.list"
   text	   data	    bss	    dec	    hex	filename
  20128	     28	   3456	  23612	   5c3c	VehicleCANGateway.elf
Finished building: default.size.stdout
 
Finished building: VehicleCANGateway.list
 
16:23:33 **** Incremental Build of configuration Debug for project VehicleCANGateway ****
make -j8 all 
arm-none-eabi-gcc "C:/repos/ece480/embedded/VehicleCANGateway_Workspace/Core/Src/main.c" -mcpu=cortex-m0plus -std=gnu11 -g3 -DDEBUG -DUSE_HAL_DRIVER -DSTM32WL3XX -DUSE_FULL_LL_DRIVER -c -I../../Core/Inc -I../../Drivers/STM32WL3x_HAL_Driver/Inc -I../../Drivers/STM32WL3x_HAL_Driver/Inc/Legacy -I../../Drivers/CMSIS/Device/ST/STM32WL3X/Include -I../../Drivers/CMSIS/Include -O0 -ffunction-sections -fdata-sections -Wall -fstack-usage -fcyclomatic-complexity -MMD -MP -MF"Application/User/Core/main.d" -MT"Application/User/Core/main.o" --specs=nano.specs -mfloat-abi=soft -mthumb -o "Application/User/Core/main.o"
arm-none-eabi-gcc -o "VehicleCANGateway.elf" @"objects.list"   -mcpu=cortex-m0plus -T"C:\repos\ece480\embedded\VehicleCANGateway_Workspace\VehicleCANGateway\STM32WL33KCVX_FLASH.ld" --specs=nosys.specs -Wl,-Map="VehicleCANGateway.map" -Wl,--gc-sections -static --specs=nano.specs -mfloat-abi=soft -mthumb -Wl,--start-group -lc -lm -Wl,--end-group
Finished building target: VehicleCANGateway.elf
 
arm-none-eabi-size  VehicleCANGateway.elf 
arm-none-eabi-objdump -h -S VehicleCANGateway.elf  > "VehicleCANGateway.list"
   text	   data	    bss	    dec	    hex	filename
  20128	     28	   3456	  23612	   5c3c	VehicleCANGateway.elf
Finished building: default.size.stdout
 
Finished building: VehicleCANGateway.list
 
17:44:09 **** Incremental Build of configuration Debug for project VehicleCANGateway ****
make -j8 all 
arm-none-eabi-gcc "C:/repos/ece480/embedded/VehicleCANGateway_Workspace/Core/Src/main.c" -mcpu=cortex-m0plus -std=gnu11 -g3 -DDEBUG -DUSE_HAL_DRIVER -DSTM32WL3XX -DUSE_FULL_LL_DRIVER -c -I../../Core/Inc -I../../Drivers/STM32WL3x_HAL_Driver/Inc -I../../Drivers/STM32WL3x_HAL_Driver/Inc/Legacy -I../../Drivers/CMSIS/Device/ST/STM32WL3X/Include -I../../Drivers/CMSIS/Include -O0 -ffunction-sections -fdata-sections -Wall -fstack-usage -fcyclomatic-complexity -MMD -MP -MF"Application/User/Core/main.d" -MT"Application/User/Core/main.o" --specs=nano.specs -mfloat-abi=soft -mthumb -o "Application/User/Core/main.o"
C:/repos/ece480/embedded/VehicleCANGateway_Workspace/Core/Src/main.c:80:22: error: initializer element is not constant
   80 | uint32_t device_id = TCAN4550_ReadReg(0x0000);
      |                      ^~~~~~~~~~~~~~~~
make: *** [Application/User/Core/subdir.mk:31: Application/User/Core/main.o] Error 1
"make -j8 all" terminated with exit code 2. Build might be incomplete.
17:44:31 **** Incremental Build of configuration Debug for project VehicleCANGateway ****
make -j8 all 
arm-none-eabi-gcc "C:/repos/ece480/embedded/VehicleCANGateway_Workspace/Core/Src/main.c" -mcpu=cortex-m0plus -std=gnu11 -g3 -DDEBUG -DUSE_HAL_DRIVER -DSTM32WL3XX -DUSE_FULL_LL_DRIVER -c -I../../Core/Inc -I../../Drivers/STM32WL3x_HAL_Driver/Inc -I../../Drivers/STM32WL3x_HAL_Driver/Inc/Legacy -I../../Drivers/CMSIS/Device/ST/STM32WL3X/Include -I../../Drivers/CMSIS/Include -O0 -ffunction-sections -fdata-sections -Wall -fstack-usage -fcyclomatic-complexity -MMD -MP -MF"Application/User/Core/main.d" -MT"Application/User/Core/main.o" --specs=nano.specs -mfloat-abi=soft -mthumb -o "Application/User/Core/main.o"
C:/repos/ece480/embedded/VehicleCANGateway_Workspace/Core/Src/main.c:80:22: error: initializer element is not constant
   80 | uint32_t device_id = TCAN4550_ReadReg(0x0000);
      |                      ^~~~~~~~~~~~~~~~
make: *** [Application/User/Core/subdir.mk:31: Application/User/Core/main.o] Error 1
"make -j8 all" terminated with exit code 2. Build might be incomplete.
17:46:35 **** Incremental Build of configuration Debug for project VehicleCANGateway ****
make -j8 all 
arm-none-eabi-gcc "C:/repos/ece480/embedded/VehicleCANGateway_Workspace/Core/Src/main.c" -mcpu=cortex-m0plus -std=gnu11 -g3 -DDEBUG -DUSE_HAL_DRIVER -DSTM32WL3XX -DUSE_FULL_LL_DRIVER -c -I../../Core/Inc -I../../Drivers/STM32WL3x_HAL_Driver/Inc -I../../Drivers/STM32WL3x_HAL_Driver/Inc/Legacy -I../../Drivers/CMSIS/Device/ST/STM32WL3X/Include -I../../Drivers/CMSIS/Include -O0 -ffunction-sections -fdata-sections -Wall -fstack-usage -fcyclomatic-complexity -MMD -MP -MF"Application/User/Core/main.d" -MT"Application/User/Core/main.o" --specs=nano.specs -mfloat-abi=soft -mthumb -o "Application/User/Core/main.o"
C:/repos/ece480/embedded/VehicleCANGateway_Workspace/Core/Src/main.c: In function 'main':
C:/repos/ece480/embedded/VehicleCANGateway_Workspace/Core/Src/main.c:123:12: warning: unused variable 'device_id' [-Wunused-variable]
  123 |   uint32_t device_id = TCAN4550_ReadReg(0x0000);
      |            ^~~~~~~~~
arm-none-eabi-gcc -o "VehicleCANGateway.elf" @"objects.list"   -mcpu=cortex-m0plus -T"C:\repos\ece480\embedded\VehicleCANGateway_Workspace\VehicleCANGateway\STM32WL33KCVX_FLASH.ld" --specs=nosys.specs -Wl,-Map="VehicleCANGateway.map" -Wl,--gc-sections -static --specs=nano.specs -mfloat-abi=soft -mthumb -Wl,--start-group -lc -lm -Wl,--end-group
Finished building target: VehicleCANGateway.elf
 
arm-none-eabi-size  VehicleCANGateway.elf 
arm-none-eabi-objdump -h -S VehicleCANGateway.elf  > "VehicleCANGateway.list"
   text	   data	    bss	    dec	    hex	filename
  23796	     28	   3456	  27280	   6a90	VehicleCANGateway.elf
Finished building: default.size.stdout
 
Finished building: VehicleCANGateway.list
 
17:48:33 **** Incremental Build of configuration Debug for project VehicleCANGateway ****
make -j8 all 
arm-none-eabi-gcc "C:/repos/ece480/embedded/VehicleCANGateway_Workspace/Core/Src/main.c" -mcpu=cortex-m0plus -std=gnu11 -g3 -DDEBUG -DUSE_HAL_DRIVER -DSTM32WL3XX -DUSE_FULL_LL_DRIVER -c -I../../Core/Inc -I../../Drivers/STM32WL3x_HAL_Driver/Inc -I../../Drivers/STM32WL3x_HAL_Driver/Inc/Legacy -I../../Drivers/CMSIS/Device/ST/STM32WL3X/Include -I../../Drivers/CMSIS/Include -O0 -ffunction-sections -fdata-sections -Wall -fstack-usage -fcyclomatic-complexity -MMD -MP -MF"Application/User/Core/main.d" -MT"Application/User/Core/main.o" --specs=nano.specs -mfloat-abi=soft -mthumb -o "Application/User/Core/main.o"
C:/repos/ece480/embedded/VehicleCANGateway_Workspace/Core/Src/main.c: In function 'main':
C:/repos/ece480/embedded/VehicleCANGateway_Workspace/Core/Src/main.c:134:18: error: assignment to expression with array type
  134 |           myData = device_id;
      |                  ^
make: *** [Application/User/Core/subdir.mk:31: Application/User/Core/main.o] Error 1
"make -j8 all" terminated with exit code 2. Build might be incomplete.
17:48:52 **** Incremental Build of configuration Debug for project VehicleCANGateway ****
make -j8 all 
arm-none-eabi-gcc "C:/repos/ece480/embedded/VehicleCANGateway_Workspace/Core/Src/main.c" -mcpu=cortex-m0plus -std=gnu11 -g3 -DDEBUG -DUSE_HAL_DRIVER -DSTM32WL3XX -DUSE_FULL_LL_DRIVER -c -I../../Core/Inc -I../../Drivers/STM32WL3x_HAL_Driver/Inc -I../../Drivers/STM32WL3x_HAL_Driver/Inc/Legacy -I../../Drivers/CMSIS/Device/ST/STM32WL3X/Include -I../../Drivers/CMSIS/Include -O0 -ffunction-sections -fdata-sections -Wall -fstack-usage -fcyclomatic-complexity -MMD -MP -MF"Application/User/Core/main.d" -MT"Application/User/Core/main.o" --specs=nano.specs -mfloat-abi=soft -mthumb -o "Application/User/Core/main.o"
C:/repos/ece480/embedded/VehicleCANGateway_Workspace/Core/Src/main.c: In function 'main':
C:/repos/ece480/embedded/VehicleCANGateway_Workspace/Core/Src/main.c:134:18: error: expected expression before ']' token
  134 |           myData[] = {device_id};
      |                  ^
C:/repos/ece480/embedded/VehicleCANGateway_Workspace/Core/Src/main.c:123:12: warning: unused variable 'device_id' [-Wunused-variable]
  123 |   uint32_t device_id = TCAN4550_ReadReg(0x0000);
      |            ^~~~~~~~~
make: *** [Application/User/Core/subdir.mk:31: Application/User/Core/main.o] Error 1
"make -j8 all" terminated with exit code 2. Build might be incomplete.
17:49:34 **** Incremental Build of configuration Debug for project VehicleCANGateway ****
make -j8 all 
arm-none-eabi-gcc "C:/repos/ece480/embedded/VehicleCANGateway_Workspace/Core/Src/main.c" -mcpu=cortex-m0plus -std=gnu11 -g3 -DDEBUG -DUSE_HAL_DRIVER -DSTM32WL3XX -DUSE_FULL_LL_DRIVER -c -I../../Core/Inc -I../../Drivers/STM32WL3x_HAL_Driver/Inc -I../../Drivers/STM32WL3x_HAL_Driver/Inc/Legacy -I../../Drivers/CMSIS/Device/ST/STM32WL3X/Include -I../../Drivers/CMSIS/Include -O0 -ffunction-sections -fdata-sections -Wall -fstack-usage -fcyclomatic-complexity -MMD -MP -MF"Application/User/Core/main.d" -MT"Application/User/Core/main.o" --specs=nano.specs -mfloat-abi=soft -mthumb -o "Application/User/Core/main.o"
arm-none-eabi-gcc -o "VehicleCANGateway.elf" @"objects.list"   -mcpu=cortex-m0plus -T"C:\repos\ece480\embedded\VehicleCANGateway_Workspace\VehicleCANGateway\STM32WL33KCVX_FLASH.ld" --specs=nosys.specs -Wl,-Map="VehicleCANGateway.map" -Wl,--gc-sections -static --specs=nano.specs -mfloat-abi=soft -mthumb -Wl,--start-group -lc -lm -Wl,--end-group
Finished building target: VehicleCANGateway.elf
 
arm-none-eabi-size  VehicleCANGateway.elf 
arm-none-eabi-objdump -h -S VehicleCANGateway.elf  > "VehicleCANGateway.list"
   text	   data	    bss	    dec	    hex	filename
  23808	     16	   3464	  27288	   6a98	VehicleCANGateway.elf
Finished building: default.size.stdout
 
Finished building: VehicleCANGateway.list
 
17:50:09 **** Incremental Build of configuration Debug for project VehicleCANGateway ****
make -j8 all 
arm-none-eabi-size  VehicleCANGateway.elf 
   text	   data	    bss	    dec	    hex	filename
  23808	     16	   3464	  27288	   6a98	VehicleCANGateway.elf
Finished building: default.size.stdout
 
17:50:29 **** Incremental Build of configuration Debug for project VehicleCANGateway ****
make -j8 all 
arm-none-eabi-size  VehicleCANGateway.elf 
   text	   data	    bss	    dec	    hex	filename
  23808	     16	   3464	  27288	   6a98	VehicleCANGateway.elf
Finished building: default.size.stdout
 
17:52:00 **** Incremental Build of configuration Debug for project VehicleCANGateway ****
make -j8 all 
arm-none-eabi-size  VehicleCANGateway.elf 
   text	   data	    bss	    dec	    hex	filename
  23808	     16	   3464	  27288	   6a98	VehicleCANGateway.elf
Finished building: default.size.stdout
 
17:52:31 **** Incremental Build of configuration Debug for project VehicleCANGateway ****
make -j8 all 
arm-none-eabi-size  VehicleCANGateway.elf 
   text	   data	    bss	    dec	    hex	filename
  23808	     16	   3464	  27288	   6a98	VehicleCANGateway.elf
Finished building: default.size.stdout
 
17:52:50 **** Incremental Build of configuration Debug for project VehicleCANGateway ****
make -j8 all 
arm-none-eabi-size  VehicleCANGateway.elf 
   text	   data	    bss	    dec	    hex	filename
  23808	     16	   3464	  27288	   6a98	VehicleCANGateway.elf
Finished building: default.size.stdout
 
17:53:28 **** Incremental Build of configuration Debug for project VehicleCANGateway ****
make -j8 all 
arm-none-eabi-size  VehicleCANGateway.elf 
   text	   data	    bss	    dec	    hex	filename
  23808	     16	   3464	  27288	   6a98	VehicleCANGateway.elf
Finished building: default.size.stdout
 
18:00:15 **** Incremental Build of configuration Debug for project VehicleCANGateway ****
make -j8 all 
arm-none-eabi-gcc "C:/repos/ece480/embedded/VehicleCANGateway_Workspace/Core/Src/main.c" -mcpu=cortex-m0plus -std=gnu11 -g3 -DDEBUG -DUSE_HAL_DRIVER -DSTM32WL3XX -DUSE_FULL_LL_DRIVER -c -I../../Core/Inc -I../../Drivers/STM32WL3x_HAL_Driver/Inc -I../../Drivers/STM32WL3x_HAL_Driver/Inc/Legacy -I../../Drivers/CMSIS/Device/ST/STM32WL3X/Include -I../../Drivers/CMSIS/Include -O0 -ffunction-sections -fdata-sections -Wall -fstack-usage -fcyclomatic-complexity -MMD -MP -MF"Application/User/Core/main.d" -MT"Application/User/Core/main.o" --specs=nano.specs -mfloat-abi=soft -mthumb -o "Application/User/Core/main.o"
arm-none-eabi-gcc -o "VehicleCANGateway.elf" @"objects.list"   -mcpu=cortex-m0plus -T"C:\repos\ece480\embedded\VehicleCANGateway_Workspace\VehicleCANGateway\STM32WL33KCVX_FLASH.ld" --specs=nosys.specs -Wl,-Map="VehicleCANGateway.map" -Wl,--gc-sections -static --specs=nano.specs -mfloat-abi=soft -mthumb -Wl,--start-group -lc -lm -Wl,--end-group
Finished building target: VehicleCANGateway.elf
 
arm-none-eabi-size  VehicleCANGateway.elf 
arm-none-eabi-objdump -h -S VehicleCANGateway.elf  > "VehicleCANGateway.list"
   text	   data	    bss	    dec	    hex	filename
  23804	     16	   3468	  27288	   6a98	VehicleCANGateway.elf
Finished building: default.size.stdout
 
Finished building: VehicleCANGateway.list
 
18:00:38 **** Incremental Build of configuration Debug for project VehicleCANGateway ****
make -j8 all 
arm-none-eabi-size  VehicleCANGateway.elf 
   text	   data	    bss	    dec	    hex	filename
  23804	     16	   3468	  27288	   6a98	VehicleCANGateway.elf
Finished building: default.size.stdout
 
18:15:23 **** Incremental Build of configuration Debug for project VehicleCANGateway ****
make -j8 all 
arm-none-eabi-size  VehicleCANGateway.elf 
   text	   data	    bss	    dec	    hex	filename
  23804	     16	   3468	  27288	   6a98	VehicleCANGateway.elf
Finished building: default.size.stdout
 
18:18:12 **** Incremental Build of configuration Debug for project VehicleCANGateway ****
make -j8 all 
arm-none-eabi-gcc "C:/repos/ece480/embedded/VehicleCANGateway_Workspace/Core/Src/main.c" -mcpu=cortex-m0plus -std=gnu11 -g3 -DDEBUG -DUSE_HAL_DRIVER -DSTM32WL3XX -DUSE_FULL_LL_DRIVER -c -I../../Core/Inc -I../../Drivers/STM32WL3x_HAL_Driver/Inc -I../../Drivers/STM32WL3x_HAL_Driver/Inc/Legacy -I../../Drivers/CMSIS/Device/ST/STM32WL3X/Include -I../../Drivers/CMSIS/Include -O0 -ffunction-sections -fdata-sections -Wall -fstack-usage -fcyclomatic-complexity -MMD -MP -MF"Application/User/Core/main.d" -MT"Application/User/Core/main.o" --specs=nano.specs -mfloat-abi=soft -mthumb -o "Application/User/Core/main.o"
arm-none-eabi-gcc -o "VehicleCANGateway.elf" @"objects.list"   -mcpu=cortex-m0plus -T"C:\repos\ece480\embedded\VehicleCANGateway_Workspace\VehicleCANGateway\STM32WL33KCVX_FLASH.ld" --specs=nosys.specs -Wl,-Map="VehicleCANGateway.map" -Wl,--gc-sections -static --specs=nano.specs -mfloat-abi=soft -mthumb -Wl,--start-group -lc -lm -Wl,--end-group
Finished building target: VehicleCANGateway.elf
 
arm-none-eabi-size  VehicleCANGateway.elf 
arm-none-eabi-objdump -h -S VehicleCANGateway.elf  > "VehicleCANGateway.list"
   text	   data	    bss	    dec	    hex	filename
  23972	     16	   3468	  27456	   6b40	VehicleCANGateway.elf
Finished building: default.size.stdout
 
Finished building: VehicleCANGateway.list
 
18:18:32 **** Incremental Build of configuration Debug for project VehicleCANGateway ****
make -j8 all 
arm-none-eabi-size  VehicleCANGateway.elf 
   text	   data	    bss	    dec	    hex	filename
  23972	     16	   3468	  27456	   6b40	VehicleCANGateway.elf
Finished building: default.size.stdout
 
18:20:37 **** Incremental Build of configuration Debug for project VehicleCANGateway ****
make -j8 all 
arm-none-eabi-size  VehicleCANGateway.elf 
   text	   data	    bss	    dec	    hex	filename
  23972	     16	   3468	  27456	   6b40	VehicleCANGateway.elf
Finished building: default.size.stdout
 
18:20:54 **** Incremental Build of configuration Debug for project VehicleCANGateway ****
make -j8 all 
arm-none-eabi-size  VehicleCANGateway.elf 
   text	   data	    bss	    dec	    hex	filename
  23972	     16	   3468	  27456	   6b40	VehicleCANGateway.elf
Finished building: default.size.stdout
 
18:21:05 **** Incremental Build of configuration Debug for project VehicleCANGateway ****
make -j8 all 
arm-none-eabi-size  VehicleCANGateway.elf 
   text	   data	    bss	    dec	    hex	filename
  23972	     16	   3468	  27456	   6b40	VehicleCANGateway.elf
Finished building: default.size.stdout
 
18:21:57 **** Incremental Build of configuration Debug for project VehicleCANGateway ****
make -j8 all 
arm-none-eabi-size  VehicleCANGateway.elf 
   text	   data	    bss	    dec	    hex	filename
  23972	     16	   3468	  27456	   6b40	VehicleCANGateway.elf
Finished building: default.size.stdout
 
18:24:31 **** Incremental Build of configuration Debug for project VehicleCANGateway ****
make -j8 all 
arm-none-eabi-size  VehicleCANGateway.elf 
   text	   data	    bss	    dec	    hex	filename
  23972	     16	   3468	  27456	   6b40	VehicleCANGateway.elf
Finished building: default.size.stdout
 
18:26:55 **** Incremental Build of configuration Debug for project VehicleCANGateway ****
make -j8 all 
arm-none-eabi-gcc "C:/repos/ece480/embedded/VehicleCANGateway_Workspace/Core/Src/main.c" -mcpu=cortex-m0plus -std=gnu11 -g3 -DDEBUG -DUSE_HAL_DRIVER -DSTM32WL3XX -DUSE_FULL_LL_DRIVER -c -I../../Core/Inc -I../../Drivers/STM32WL3x_HAL_Driver/Inc -I../../Drivers/STM32WL3x_HAL_Driver/Inc/Legacy -I../../Drivers/CMSIS/Device/ST/STM32WL3X/Include -I../../Drivers/CMSIS/Include -O0 -ffunction-sections -fdata-sections -Wall -fstack-usage -fcyclomatic-complexity -MMD -MP -MF"Application/User/Core/main.d" -MT"Application/User/Core/main.o" --specs=nano.specs -mfloat-abi=soft -mthumb -o "Application/User/Core/main.o"
C:/repos/ece480/embedded/VehicleCANGateway_Workspace/Core/Src/main.c: In function 'main':
C:/repos/ece480/embedded/VehicleCANGateway_Workspace/Core/Src/main.c:126:10: warning: unused variable 'num_elements' [-Wunused-variable]
  126 |   size_t num_elements = sizeof(myData) / sizeof(myData[0]);
      |          ^~~~~~~~~~~~
arm-none-eabi-gcc -o "VehicleCANGateway.elf" @"objects.list"   -mcpu=cortex-m0plus -T"C:\repos\ece480\embedded\VehicleCANGateway_Workspace\VehicleCANGateway\STM32WL33KCVX_FLASH.ld" --specs=nosys.specs -Wl,-Map="VehicleCANGateway.map" -Wl,--gc-sections -static --specs=nano.specs -mfloat-abi=soft -mthumb -Wl,--start-group -lc -lm -Wl,--end-group
Finished building target: VehicleCANGateway.elf
 
arm-none-eabi-size  VehicleCANGateway.elf 
arm-none-eabi-objdump -h -S VehicleCANGateway.elf  > "VehicleCANGateway.list"
   text	   data	    bss	    dec	    hex	filename
  23484	     16	   3460	  26960	   6950	VehicleCANGateway.elf
Finished building: default.size.stdout
 
Finished building: VehicleCANGateway.list
 
18:28:35 **** Incremental Build of configuration Debug for project VehicleCANGateway ****
make -j8 all 
arm-none-eabi-size  VehicleCANGateway.elf 
   text	   data	    bss	    dec	    hex	filename
  23484	     16	   3460	  26960	   6950	VehicleCANGateway.elf
Finished building: default.size.stdout
 
18:29:21 **** Incremental Build of configuration Debug for project VehicleCANGateway ****
make -j8 all 
arm-none-eabi-size  VehicleCANGateway.elf 
   text	   data	    bss	    dec	    hex	filename
  23484	     16	   3460	  26960	   6950	VehicleCANGateway.elf
Finished building: default.size.stdout
 
18:31:46 **** Incremental Build of configuration Debug for project VehicleCANGateway ****
make -j8 all 
arm-none-eabi-size  VehicleCANGateway.elf 
   text	   data	    bss	    dec	    hex	filename
  23484	     16	   3460	  26960	   6950	VehicleCANGateway.elf
Finished building: default.size.stdout
 
18:32:23 **** Incremental Build of configuration Debug for project VehicleCANGateway ****
make -j8 all 
arm-none-eabi-size  VehicleCANGateway.elf 
   text	   data	    bss	    dec	    hex	filename
  23484	     16	   3460	  26960	   6950	VehicleCANGateway.elf
Finished building: default.size.stdout
 
18:33:30 **** Incremental Build of configuration Debug for project VehicleCANGateway ****
make -j8 all 
arm-none-eabi-gcc "C:/repos/ece480/embedded/VehicleCANGateway_Workspace/Core/Src/main.c" -mcpu=cortex-m0plus -std=gnu11 -g3 -DDEBUG -DUSE_HAL_DRIVER -DSTM32WL3XX -DUSE_FULL_LL_DRIVER -c -I../../Core/Inc -I../../Drivers/STM32WL3x_HAL_Driver/Inc -I../../Drivers/STM32WL3x_HAL_Driver/Inc/Legacy -I../../Drivers/CMSIS/Device/ST/STM32WL3X/Include -I../../Drivers/CMSIS/Include -O0 -ffunction-sections -fdata-sections -Wall -fstack-usage -fcyclomatic-complexity -MMD -MP -MF"Application/User/Core/main.d" -MT"Application/User/Core/main.o" --specs=nano.specs -mfloat-abi=soft -mthumb -o "Application/User/Core/main.o"
C:/repos/ece480/embedded/VehicleCANGateway_Workspace/Core/Src/main.c: In function 'main':
C:/repos/ece480/embedded/VehicleCANGateway_Workspace/Core/Src/main.c:128:10: warning: unused variable 'num_elements' [-Wunused-variable]
  128 |   size_t num_elements = sizeof(myData) / sizeof(myData[0]);
      |          ^~~~~~~~~~~~
arm-none-eabi-gcc -o "VehicleCANGateway.elf" @"objects.list"   -mcpu=cortex-m0plus -T"C:\repos\ece480\embedded\VehicleCANGateway_Workspace\VehicleCANGateway\STM32WL33KCVX_FLASH.ld" --specs=nosys.specs -Wl,-Map="VehicleCANGateway.map" -Wl,--gc-sections -static --specs=nano.specs -mfloat-abi=soft -mthumb -Wl,--start-group -lc -lm -Wl,--end-group
Finished building target: VehicleCANGateway.elf
 
arm-none-eabi-size  VehicleCANGateway.elf 
arm-none-eabi-objdump -h -S VehicleCANGateway.elf  > "VehicleCANGateway.list"
   text	   data	    bss	    dec	    hex	filename
  23496	     16	   3460	  26972	   695c	VehicleCANGateway.elf
Finished building: default.size.stdout
 
Finished building: VehicleCANGateway.list
 
18:34:02 **** Incremental Build of configuration Debug for project VehicleCANGateway ****
make -j8 all 
arm-none-eabi-gcc "C:/repos/ece480/embedded/VehicleCANGateway_Workspace/Core/Src/main.c" -mcpu=cortex-m0plus -std=gnu11 -g3 -DDEBUG -DUSE_HAL_DRIVER -DSTM32WL3XX -DUSE_FULL_LL_DRIVER -c -I../../Core/Inc -I../../Drivers/STM32WL3x_HAL_Driver/Inc -I../../Drivers/STM32WL3x_HAL_Driver/Inc/Legacy -I../../Drivers/CMSIS/Device/ST/STM32WL3X/Include -I../../Drivers/CMSIS/Include -O0 -ffunction-sections -fdata-sections -Wall -fstack-usage -fcyclomatic-complexity -MMD -MP -MF"Application/User/Core/main.d" -MT"Application/User/Core/main.o" --specs=nano.specs -mfloat-abi=soft -mthumb -o "Application/User/Core/main.o"
arm-none-eabi-gcc -o "VehicleCANGateway.elf" @"objects.list"   -mcpu=cortex-m0plus -T"C:\repos\ece480\embedded\VehicleCANGateway_Workspace\VehicleCANGateway\STM32WL33KCVX_FLASH.ld" --specs=nosys.specs -Wl,-Map="VehicleCANGateway.map" -Wl,--gc-sections -static --specs=nano.specs -mfloat-abi=soft -mthumb -Wl,--start-group -lc -lm -Wl,--end-group
Finished building target: VehicleCANGateway.elf
 
arm-none-eabi-size  VehicleCANGateway.elf 
arm-none-eabi-objdump -h -S VehicleCANGateway.elf  > "VehicleCANGateway.list"
   text	   data	    bss	    dec	    hex	filename
  19628	     16	   3456	  23100	   5a3c	VehicleCANGateway.elf
Finished building: default.size.stdout
 
Finished building: VehicleCANGateway.list
 
18:35:12 **** Incremental Build of configuration Debug for project VehicleCANGateway ****
make -j8 all 
arm-none-eabi-size  VehicleCANGateway.elf 
   text	   data	    bss	    dec	    hex	filename
  19628	     16	   3456	  23100	   5a3c	VehicleCANGateway.elf
Finished building: default.size.stdout
 
18:37:52 **** Incremental Build of configuration Debug for project VehicleCANGateway ****
make -j8 all 
arm-none-eabi-gcc "C:/repos/ece480/embedded/VehicleCANGateway_Workspace/Core/Src/main.c" -mcpu=cortex-m0plus -std=gnu11 -g3 -DDEBUG -DUSE_HAL_DRIVER -DSTM32WL3XX -DUSE_FULL_LL_DRIVER -c -I../../Core/Inc -I../../Drivers/STM32WL3x_HAL_Driver/Inc -I../../Drivers/STM32WL3x_HAL_Driver/Inc/Legacy -I../../Drivers/CMSIS/Device/ST/STM32WL3X/Include -I../../Drivers/CMSIS/Include -O0 -ffunction-sections -fdata-sections -Wall -fstack-usage -fcyclomatic-complexity -MMD -MP -MF"Application/User/Core/main.d" -MT"Application/User/Core/main.o" --specs=nano.specs -mfloat-abi=soft -mthumb -o "Application/User/Core/main.o"
In file included from C:/repos/ece480/embedded/VehicleCANGateway_Workspace/Core/Src/main.c:23:
../../Core/Inc/tcan.h:13:13: warning: 'MX_SPI3_Init' defined but not used [-Wunused-function]
   13 | static void MX_SPI3_Init(void)
      |             ^~~~~~~~~~~~
[...]
Finished building target: VehicleCANGateway.elf
 
arm-none-eabi-size  VehicleCANGateway.elf 
arm-none-eabi-objdump -h -S VehicleCANGateway.elf  > "VehicleCANGateway.list"
   text	   data	    bss	    dec	    hex	filename
  22580	     24	   3456	  26060	   65cc	VehicleCANGateway.elf
Finished building: default.size.stdout
 
Finished building: VehicleCANGateway.list
 
03:24:09 **** Incremental Build of configuration Debug for project VehicleCANGateway ****
make -j8 all 
arm-none-eabi-gcc "C:/repos/ece480/embedded/VehicleCANGateway_Workspace/Core/Src/main.c" -mcpu=cortex-m0plus -std=gnu11 -g3 -DDEBUG -DUSE_HAL_DRIVER -DSTM32WL3XX -DUSE_FULL_LL_DRIVER -c -I../../Core/Inc -I../../Drivers/STM32WL3x_HAL_Driver/Inc -I../../Drivers/STM32WL3x_HAL_Driver/Inc/Legacy -I../../Drivers/CMSIS/Device/ST/STM32WL3X/Include -I../../Drivers/CMSIS/Include -O0 -ffunction-sections -fdata-sections -Wall -fstack-usage -fcyclomatic-complexity -MMD -MP -MF"Application/User/Core/main.d" -MT"Application/User/Core/main.o" --specs=nano.specs -mfloat-abi=soft -mthumb -o "Application/User/Core/main.o"
arm-none-eabi-gcc -o "VehicleCANGateway.elf" @"objects.list"   -mcpu=cortex-m0plus -T"C:\repos\ece480\embedded\VehicleCANGateway_Workspace\VehicleCANGateway\STM32WL33KCVX_FLASH.ld" --specs=nosys.specs -Wl,-Map="VehicleCANGateway.map" -Wl,--gc-sections -static --specs=nano.specs -mfloat-abi=soft -mthumb -Wl,--start-group -lc -lm -Wl,--end-group
Finished building target: VehicleCANGateway.elf
 
arm-none-eabi-size  VehicleCANGateway.elf 
arm-none-eabi-objdump -h -S VehicleCANGateway.elf  > "VehicleCANGateway.list"
   text	   data	    bss	    dec	    hex	filename
  22580	     24	   3456	  26060	   65cc	VehicleCANGateway.elf
Finished building: default.size.stdout
 
Finished building: VehicleCANGateway.list
 
03:25:24 **** Incremental Build of configuration Debug for project VehicleCANGateway ****
make -j8 all 
arm-none-eabi-gcc "C:/repos/ece480/embedded/VehicleCANGateway_Workspace/Core/Src/main.c" -mcpu=cortex-m0plus -std=gnu11 -g3 -DDEBUG -DUSE_HAL_DRIVER -DSTM32WL3XX -DUSE_FULL_LL_DRIVER -c -I../../Core/Inc -I../../Drivers/STM32WL3x_HAL_Driver/Inc -I../../Drivers/STM32WL3x_HAL_Driver/Inc/Legacy -I../../Drivers/CMSIS/Device/ST/STM32WL3X/Include -I../../Drivers/CMSIS/Include -O0 -ffunction-sections -fdata-sections -Wall -fstack-usage -fcyclomatic-complexity -MMD -MP -MF"Application/User/Core/main.d" -MT"Application/User/Core/main.o" --specs=nano.specs -mfloat-abi=soft -mthumb -o "Application/User/Core/main.o"
arm-none-eabi-gcc -o "VehicleCANGateway.elf" @"objects.list"   -mcpu=cortex-m0plus -T"C:\repos\ece480\embedded\VehicleCANGateway_Workspace\VehicleCANGateway\STM32WL33KCVX_FLASH.ld" --specs=nosys.specs -Wl,-Map="VehicleCANGateway.map" -Wl,--gc-sections -static --specs=nano.specs -mfloat-abi=soft -mthumb -Wl,--start-group -lc -lm -Wl,--end-group
Finished building target: VehicleCANGateway.elf
 
arm-none-eabi-size  VehicleCANGateway.elf 
arm-none-eabi-objdump -h -S VehicleCANGateway.elf  > "VehicleCANGateway.list"
   text	   data	    bss	    dec	    hex	filename
  22580	     24	   3456	  26060	   65cc	VehicleCANGateway.elf
Finished building: default.size.stdout
 
Finished building: VehicleCANGateway.list
 
16:02:23 **** Incremental Build of configuration Debug for project VehicleCANGateway ****
make -j8 all 
arm-none-eabi-gcc "C:/repos/ece480/embedded/VehicleCANGateway_Workspace/Core/Src/main.c" -mcpu=cortex-m0plus -std=gnu11 -g3 -DDEBUG -DUSE_HAL_DRIVER -DSTM32WL3XX -DUSE_FULL_LL_DRIVER -c -I../../Core/Inc -I../../Drivers/STM32WL3x_HAL_Driver/Inc -I../../Drivers/STM32WL3x_HAL_Driver/Inc/Legacy -I../../Drivers/CMSIS/Device/ST/STM32WL3X/Include -I../../Drivers/CMSIS/Include -O0 -ffunction-sections -fdata-sections -Wall -fstack-usage -fcyclomatic-complexity -MMD -MP -MF"Application/User/Core/main.d" -MT"Application/User/Core/main.o" --specs=nano.specs -mfloat-abi=soft -mthumb -o "Application/User/Core/main.o"
C:/repos/ece480/embedded/VehicleCANGateway_Workspace/Core/Src/main.c: In function 'main':
C:/repos/ece480/embedded/VehicleCANGateway_Workspace/Core/Src/main.c:137:19: error: too many arguments to function 'Send_Test_RS485_Message'
  137 |                   Send_Test_RS485_Message(data);
      |                   ^~~~~~~~~~~~~~~~~~~~~~~
In file included from C:/repos/ece480/embedded/VehicleCANGateway_Workspace/Core/Src/main.c:25:
../../Core/Inc/rs485_send.h:6:6: note: declared here
    6 | void Send_Test_RS485_Message(void) {
      |      ^~~~~~~~~~~~~~~~~~~~~~~
make: *** [Application/User/Core/subdir.mk:31: Application/User/Core/main.o] Error 1
"make -j8 all" terminated with exit code 2. Build might be incomplete.
16:02:59 **** Incremental Build of configuration Debug for project VehicleCANGateway ****
make -j8 all 
arm-none-eabi-gcc "C:/repos/ece480/embedded/VehicleCANGateway_Workspace/Core/Src/main.c" -mcpu=cortex-m0plus -std=gnu11 -g3 -DDEBUG -DUSE_HAL_DRIVER -DSTM32WL3XX -DUSE_FULL_LL_DRIVER -c -I../../Core/Inc -I../../Drivers/STM32WL3x_HAL_Driver/Inc -I../../Drivers/STM32WL3x_HAL_Driver/Inc/Legacy -I../../Drivers/CMSIS/Device/ST/STM32WL3X/Include -I../../Drivers/CMSIS/Include -O0 -ffunction-sections -fdata-sections -Wall -fstack-usage -fcyclomatic-complexity -MMD -MP -MF"Application/User/Core/main.d" -MT"Application/User/Core/main.o" --specs=nano.specs -mfloat-abi=soft -mthumb -o "Application/User/Core/main.o"
arm-none-eabi-gcc -o "VehicleCANGateway.elf" @"objects.list"   -mcpu=cortex-m0plus -T"C:\repos\ece480\embedded\VehicleCANGateway_Workspace\VehicleCANGateway\STM32WL33KCVX_FLASH.ld" --specs=nosys.specs -Wl,-Map="VehicleCANGateway.map" -Wl,--gc-sections -static --specs=nano.specs -mfloat-abi=soft -mthumb -Wl,--start-group -lc -lm -Wl,--end-group
Finished building target: VehicleCANGateway.elf
 
arm-none-eabi-size  VehicleCANGateway.elf 
arm-none-eabi-objdump -h -S VehicleCANGateway.elf  > "VehicleCANGateway.list"
   text	   data	    bss	    dec	    hex	filename
  22912	     16	   3460	  26388	   6714	VehicleCANGateway.elf
Finished building: default.size.stdout
 
Finished building: VehicleCANGateway.list
 
19:30:45 **** Incremental Build of configuration Debug for project VehicleCANGateway ****
make -j8 all 
arm-none-eabi-gcc "C:/repos/ece480/embedded/VehicleCANGateway_Workspace/Core/Src/main.c" -mcpu=cortex-m0plus -std=gnu11 -g3 -DDEBUG -DUSE_HAL_DRIVER -DSTM32WL3XX -DUSE_FULL_LL_DRIVER -c -I../../Core/Inc -I../../Drivers/STM32WL3x_HAL_Driver/Inc -I../../Drivers/STM32WL3x_HAL_Driver/Inc/Legacy -I../../Drivers/CMSIS/Device/ST/STM32WL3X/Include -I../../Drivers/CMSIS/Include -O0 -ffunction-sections -fdata-sections -Wall -fstack-usage -fcyclomatic-complexity -MMD -MP -MF"Application/User/Core/main.d" -MT"Application/User/Core/main.o" --specs=nano.specs -mfloat-abi=soft -mthumb -o "Application/User/Core/main.o"
In file included from C:/repos/ece480/embedded/VehicleCANGateway_Workspace/Core/Src/main.c:28:
../../Core/Inc/can_send.h: In function 'CAN1_Online':
../../Core/Inc/can_send.h:39:19: error: too few arguments to function 'Send_Test_CAN_Message'
   39 |                   Send_Test_CAN_Message();
      |                   ^~~~~~~~~~~~~~~~~~~~~
../../Core/Inc/can_send.h:9:6: note: declared here
    9 | void Send_Test_CAN_Message(uint16_t cs) {
      |      ^~~~~~~~~~~~~~~~~~~~~
make: *** [Application/User/Core/subdir.mk:31: Application/User/Core/main.o] Error 1
"make -j8 all" terminated with exit code 2. Build might be incomplete.
19:31:41 **** Incremental Build of configuration Debug for project VehicleCANGateway ****
make -j8 all 
arm-none-eabi-gcc "C:/repos/ece480/embedded/VehicleCANGateway_Workspace/Core/Src/main.c" -mcpu=cortex-m0plus -std=gnu11 -g3 -DDEBUG -DUSE_HAL_DRIVER -DSTM32WL3XX -DUSE_FULL_LL_DRIVER -c -I../../Core/Inc -I../../Drivers/STM32WL3x_HAL_Driver/Inc -I../../Drivers/STM32WL3x_HAL_Driver/Inc/Legacy -I../../Drivers/CMSIS/Device/ST/STM32WL3X/Include -I../../Drivers/CMSIS/Include -O0 -ffunction-sections -fdata-sections -Wall -fstack-usage -fcyclomatic-complexity -MMD -MP -MF"Application/User/Core/main.d" -MT"Application/User/Core/main.o" --specs=nano.specs -mfloat-abi=soft -mthumb -o "Application/User/Core/main.o"
In file included from C:/repos/ece480/embedded/VehicleCANGateway_Workspace/Core/Src/main.c:28:
../../Core/Inc/can_send.h: In function 'CAN1_Online':
../../Core/Inc/can_send.h:39:19: error: too few arguments to function 'Send_Test_CAN_Message'
   39 |                   Send_Test_CAN_Message();
      |                   ^~~~~~~~~~~~~~~~~~~~~
../../Core/Inc/can_send.h:9:6: note: declared here
    9 | void Send_Test_CAN_Message(uint16_t cs) {
      |      ^~~~~~~~~~~~~~~~~~~~~
make: *** [Application/User/Core/subdir.mk:31: Application/User/Core/main.o] Error 1
"make -j8 all" terminated with exit code 2. Build might be incomplete.
19:32:00 **** Incremental Build of configuration Debug for project VehicleCANGateway ****
make -j8 all 
arm-none-eabi-gcc "C:/repos/ece480/embedded/VehicleCANGateway_Workspace/Core/Src/main.c" -mcpu=cortex-m0plus -std=gnu11 -g3 -DDEBUG -DUSE_HAL_DRIVER -DSTM32WL3XX -DUSE_FULL_LL_DRIVER -c -I../../Core/Inc -I../../Drivers/STM32WL3x_HAL_Driver/Inc -I../../Drivers/STM32WL3x_HAL_Driver/Inc/Legacy -I../../Drivers/CMSIS/Device/ST/STM32WL3X/Include -I../../Drivers/CMSIS/Include -O0 -ffunction-sections -fdata-sections -Wall -fstack-usage -fcyclomatic-complexity -MMD -MP -MF"Application/User/Core/main.d" -MT"Application/User/Core/main.o" --specs=nano.specs -mfloat-abi=soft -mthumb -o "Application/User/Core/main.o"
arm-none-eabi-gcc -o "VehicleCANGateway.elf" @"objects.list"   -mcpu=cortex-m0plus -T"C:\repos\ece480\embedded\VehicleCANGateway_Workspace\VehicleCANGateway\STM32WL33KCVX_FLASH.ld" --specs=nosys.specs -Wl,-Map="VehicleCANGateway.map" -Wl,--gc-sections -static --specs=nano.specs -mfloat-abi=soft -mthumb -Wl,--start-group -lc -lm -Wl,--end-group
Finished building target: VehicleCANGateway.elf
 
arm-none-eabi-size  VehicleCANGateway.elf 
arm-none-eabi-objdump -h -S VehicleCANGateway.elf  > "VehicleCANGateway.list"
   text	   data	    bss	    dec	    hex	filename
  22940	     32	   3460	  26432	   6740	VehicleCANGateway.elf
Finished building: default.size.stdout
 
Finished building: VehicleCANGateway.list
 
19:34:05 **** Incremental Build of configuration Debug for project VehicleCANGateway ****
make -j8 all 
arm-none-eabi-gcc "C:/repos/ece480/embedded/VehicleCANGateway_Workspace/Core/Src/main.c" -mcpu=cortex-m0plus -std=gnu11 -g3 -DDEBUG -DUSE_HAL_DRIVER -DSTM32WL3XX -DUSE_FULL_LL_DRIVER -c -I../../Core/Inc -I../../Drivers/STM32WL3x_HAL_Driver/Inc -I../../Drivers/STM32WL3x_HAL_Driver/Inc/Legacy -I../../Drivers/CMSIS/Device/ST/STM32WL3X/Include -I../../Drivers/CMSIS/Include -O0 -ffunction-sections -fdata-sections -Wall -fstack-usage -fcyclomatic-complexity -MMD -MP -MF"Application/User/Core/main.d" -MT"Application/User/Core/main.o" --specs=nano.specs -mfloat-abi=soft -mthumb -o "Application/User/Core/main.o"
arm-none-eabi-gcc -o "VehicleCANGateway.elf" @"objects.list"   -mcpu=cortex-m0plus -T"C:\repos\ece480\embedded\VehicleCANGateway_Workspace\VehicleCANGateway\STM32WL33KCVX_FLASH.ld" --specs=nosys.specs -Wl,-Map="VehicleCANGateway.map" -Wl,--gc-sections -static --specs=nano.specs -mfloat-abi=soft -mthumb -Wl,--start-group -lc -lm -Wl,--end-group
Finished building target: VehicleCANGateway.elf
 
arm-none-eabi-size  VehicleCANGateway.elf 
arm-none-eabi-objdump -h -S VehicleCANGateway.elf  > "VehicleCANGateway.list"
   text	   data	    bss	    dec	    hex	filename
  22940	     32	   3460	  26432	   6740	VehicleCANGateway.elf
Finished building: default.size.stdout
 
Finished building: VehicleCANGateway.list
 
19:50:00 **** Incremental Build of configuration Debug for project VehicleCANGateway ****
make -j8 all 
arm-none-eabi-gcc "C:/repos/ece480/embedded/VehicleCANGateway_Workspace/Core/Src/main.c" -mcpu=cortex-m0plus -std=gnu11 -g3 -DDEBUG -DUSE_HAL_DRIVER -DSTM32WL3XX -DUSE_FULL_LL_DRIVER -c -I../../Core/Inc -I../../Drivers/STM32WL3x_HAL_Driver/Inc -I../../Drivers/STM32WL3x_HAL_Driver/Inc/Legacy -I../../Drivers/CMSIS/Device/ST/STM32WL3X/Include -I../../Drivers/CMSIS/Include -O0 -ffunction-sections -fdata-sections -Wall -fstack-usage -fcyclomatic-complexity -MMD -MP -MF"Application/User/Core/main.d" -MT"Application/User/Core/main.o" --specs=nano.specs -mfloat-abi=soft -mthumb -o "Application/User/Core/main.o"
arm-none-eabi-gcc -o "VehicleCANGateway.elf" @"objects.list"   -mcpu=cortex-m0plus -T"C:\repos\ece480\embedded\VehicleCANGateway_Workspace\VehicleCANGateway\STM32WL33KCVX_FLASH.ld" --specs=nosys.specs -Wl,-Map="VehicleCANGateway.map" -Wl,--gc-sections -static --specs=nano.specs -mfloat-abi=soft -mthumb -Wl,--start-group -lc -lm -Wl,--end-group
Finished building target: VehicleCANGateway.elf
 
arm-none-eabi-size  VehicleCANGateway.elf 
arm-none-eabi-objdump -h -S VehicleCANGateway.elf  > "VehicleCANGateway.list"
   text	   data	    bss	    dec	    hex	filename
  22940	     32	   3460	  26432	   6740	VehicleCANGateway.elf
Finished building: default.size.stdout
 
Finished building: VehicleCANGateway.list
 
19:57:00 **** Incremental Build of configuration Debug for project VehicleCANGateway ****
make -j8 all 
arm-none-eabi-size  VehicleCANGateway.elf 
   text	   data	    bss	    dec	    hex	filename
  22940	     32	   3460	  26432	   6740	VehicleCANGateway.elf
Finished building: default.size.stdout
 
19:57:59 **** Incremental Build of configuration Debug for project VehicleCANGateway ****
make -j8 all 
arm-none-eabi-size  VehicleCANGateway.elf 
   text	   data	    bss	    dec	    hex	filename
  22940	     32	   3460	  26432	   6740	VehicleCANGateway.elf
Finished building: default.size.stdout
 
19:59:35 **** Incremental Build of configuration Debug for project VehicleCANGateway ****
make -j8 all 
arm-none-eabi-size  VehicleCANGateway.elf 
   text	   data	    bss	    dec	    hex	filename
  22940	     32	   3460	  26432	   6740	VehicleCANGateway.elf
Finished building: default.size.stdout
 
20:02:23 **** Incremental Build of configuration Debug for project VehicleCANGateway ****
make -j8 all 
arm-none-eabi-gcc "C:/repos/ece480/embedded/VehicleCANGateway_Workspace/Core/Src/main.c" -mcpu=cortex-m0plus -std=gnu11 -g3 -DDEBUG -DUSE_HAL_DRIVER -DSTM32WL3XX -DUSE_FULL_LL_DRIVER -c -I../../Core/Inc -I../../Drivers/STM32WL3x_HAL_Driver/Inc -I../../Drivers/STM32WL3x_HAL_Driver/Inc/Legacy -I../../Drivers/CMSIS/Device/ST/STM32WL3X/Include -I../../Drivers/CMSIS/Include -O0 -ffunction-sections -fdata-sections -Wall -fstack-usage -fcyclomatic-complexity -MMD -MP -MF"Application/User/Core/main.d" -MT"Application/User/Core/main.o" --specs=nano.specs -mfloat-abi=soft -mthumb -o "Application/User/Core/main.o"
arm-none-eabi-gcc -o "VehicleCANGateway.elf" @"objects.list"   -mcpu=cortex-m0plus -T"C:\repos\ece480\embedded\VehicleCANGateway_Workspace\VehicleCANGateway\STM32WL33KCVX_FLASH.ld" --specs=nosys.specs -Wl,-Map="VehicleCANGateway.map" -Wl,--gc-sections -static --specs=nano.specs -mfloat-abi=soft -mthumb -Wl,--start-group -lc -lm -Wl,--end-group
Finished building target: VehicleCANGateway.elf
 
arm-none-eabi-size  VehicleCANGateway.elf 
arm-none-eabi-objdump -h -S VehicleCANGateway.elf  > "VehicleCANGateway.list"
   text	   data	    bss	    dec	    hex	filename
  22940	     32	   3460	  26432	   6740	VehicleCANGateway.elf
Finished building: default.size.stdout
 
Finished building: VehicleCANGateway.list
 
20:05:41 **** Incremental Build of configuration Debug for project VehicleCANGateway ****
make -j8 all 
arm-none-eabi-size  VehicleCANGateway.elf 
   text	   data	    bss	    dec	    hex	filename
  22940	     32	   3460	  26432	   6740	VehicleCANGateway.elf
Finished building: default.size.stdout
 
20:08:28 **** Incremental Build of configuration Debug for project VehicleCANGateway ****
make -j8 all 
arm-none-eabi-size  VehicleCANGateway.elf 
   text	   data	    bss	    dec	    hex	filename
  22940	     32	   3460	  26432	   6740	VehicleCANGateway.elf
Finished building: default.size.stdout
 
20:08:44 **** Incremental Build of configuration Debug for project VehicleCANGateway ****
make -j8 all 
arm-none-eabi-size  VehicleCANGateway.elf 
   text	   data	    bss	    dec	    hex	filename
  22940	     32	   3460	  26432	   6740	VehicleCANGateway.elf
Finished building: default.size.stdout
 
20:41:39 **** Incremental Build of configuration Debug for project VehicleCANGateway ****
make -j8 all 
arm-none-eabi-size  VehicleCANGateway.elf 
   text	   data	    bss	    dec	    hex	filename
  22940	     32	   3460	  26432	   6740	VehicleCANGateway.elf
Finished building: default.size.stdout
 
20:42:10 **** Incremental Build of configuration Debug for project VehicleCANGateway ****
make -j8 all 
arm-none-eabi-size  VehicleCANGateway.elf 
   text	   data	    bss	    dec	    hex	filename
  22940	     32	   3460	  26432	   6740	VehicleCANGateway.elf
Finished building: default.size.stdout
 
20:46:17 **** Incremental Build of configuration Debug for project VehicleCANGateway ****
make -j8 all 
arm-none-eabi-size  VehicleCANGateway.elf 
   text	   data	    bss	    dec	    hex	filename
  22940	     32	   3460	  26432	   6740	VehicleCANGateway.elf
Finished building: default.size.stdout
 
20:47:16 **** Incremental Build of configuration Debug for project VehicleCANGateway ****
make -j8 all 
arm-none-eabi-size  VehicleCANGateway.elf 
   text	   data	    bss	    dec	    hex	filename
  22940	     32	   3460	  26432	   6740	VehicleCANGateway.elf
Finished building: default.size.stdout
 
20:55:16 **** Incremental Build of configuration Debug for project VehicleCANGateway ****
make -j8 all 
arm-none-eabi-size  VehicleCANGateway.elf 
   text	   data	    bss	    dec	    hex	filename
  22940	     32	   3460	  26432	   6740	VehicleCANGateway.elf
Finished building: default.size.stdout
 
20:56:14 **** Incremental Build of configuration Debug for project VehicleCANGateway ****
make -j8 all 
arm-none-eabi-size  VehicleCANGateway.elf 
   text	   data	    bss	    dec	    hex	filename
  22940	     32	   3460	  26432	   6740	VehicleCANGateway.elf
Finished building: default.size.stdout
 
20:57:39 **** Incremental Build of configuration Debug for project VehicleCANGateway ****
make -j8 all 
arm-none-eabi-size  VehicleCANGateway.elf 
   text	   data	    bss	    dec	    hex	filename
  22940	     32	   3460	  26432	   6740	VehicleCANGateway.elf
Finished building: default.size.stdout
 
20:59:07 **** Incremental Build of configuration Debug for project VehicleCANGateway ****
make -j8 all 
arm-none-eabi-size  VehicleCANGateway.elf 
   text	   data	    bss	    dec	    hex	filename
  22940	     32	   3460	  26432	   6740	VehicleCANGateway.elf
Finished building: default.size.stdout
 
23:37:55 **** Incremental Build of configuration Debug for project VehicleCANGateway ****
make -j8 all 
arm-none-eabi-size  VehicleCANGateway.elf 
   text	   data	    bss	    dec	    hex	filename
  22940	     32	   3460	  26432	   6740	VehicleCANGateway.elf
Finished building: default.size.stdout
 
23:38:50 **** Incremental Build of configuration Debug for project VehicleCANGateway ****
make -j8 all 
arm-none-eabi-size  VehicleCANGateway.elf 
   text	   data	    bss	    dec	    hex	filename
  22940	     32	   3460	  26432	   6740	VehicleCANGateway.elf
Finished building: default.size.stdout
 
23:39:27 **** Incremental Build of configuration Debug for project VehicleCANGateway ****
make -j8 all 
arm-none-eabi-size  VehicleCANGateway.elf 
   text	   data	    bss	    dec	    hex	filename
  22940	     32	   3460	  26432	   6740	VehicleCANGateway.elf
Finished building: default.size.stdout
 
23:39:57 **** Incremental Build of configuration Debug for project VehicleCANGateway ****
make -j8 all 
arm-none-eabi-size  VehicleCANGateway.elf 
   text	   data	    bss	    dec	    hex	filename
  22940	     32	   3460	  26432	   6740	VehicleCANGateway.elf
Finished building: default.size.stdout
 
