03:25:24 **** Incremental Build of configuration Debug for project VehicleCANGateway ****
make -j8 all 
arm-none-eabi-gcc "C:/repos/ece480/embedded/VehicleCANGateway_Workspace/Core/Src/main.c" -mcpu=cortex-m0plus -std=gnu11 -g3 -DDEBUG -DUSE_HAL_DRIVER -DSTM32WL3XX -DUSE_FULL_LL_DRIVER -c -I../../Core/Inc -I../../Drivers/STM32WL3x_HAL_Driver/Inc -I../../Drivers/STM32WL3x_HAL_Driver/Inc/Legacy -I../../Drivers/CMSIS/Device/ST/STM32WL3X/Include -I../../Drivers/CMSIS/Include -O0 -ffunction-sections -fdata-sections -Wall -fstack-usage -fcyclomatic-complexity -MMD -MP -MF"Application/User/Core/main.d" -MT"Application/User/Core/main.o" --specs=nano.specs -mfloat-abi=soft -mthumb -o "Application/User/Core/main.o"
arm-none-eabi-gcc -o "VehicleCANGateway.elf" @"objects.list"   -mcpu=cortex-m0plus -T"C:\repos\ece480\embedded\VehicleCANGateway_Workspace\VehicleCANGateway\STM32WL33KCVX_FLASH.ld" --specs=nosys.specs -Wl,-Map="VehicleCANGateway.map" -Wl,--gc-sections -static --specs=nano.specs -mfloat-abi=soft -mthumb -Wl,--start-group -lc -lm -Wl,--end-group
Finished building target: VehicleCANGateway.elf
 
arm-none-eabi-size  VehicleCANGateway.elf 
arm-none-eabi-objdump -h -S VehicleCANGateway.elf  > "VehicleCANGateway.list"
   text	   data	    bss	    dec	    hex	filename
  22580	     24	   3456	  26060	   65cc	VehicleCANGateway.elf
Finished building: default.size.stdout
 
Finished building: VehicleCANGateway.list
 

03:25:26 Build Finished. 0 errors, 0 warnings. (took 2s.56ms)

