../../Drivers/STM32WL3x_HAL_Driver/Inc/stm32wl3x_ll_rcc.h:770:26:LL_RCC_DIRECT_HSE_IsEnabled	8	static
../../Drivers/STM32WL3x_HAL_Driver/Inc/stm32wl3x_ll_rcc.h:853:22:LL_RCC_LSCO_SetSource	16	static
../../Drivers/STM32WL3x_HAL_Driver/Inc/stm32wl3x_ll_rcc.h:866:26:LL_RCC_LSCO_GetSource	8	static
../../Drivers/STM32WL3x_HAL_Driver/Inc/stm32wl3x_ll_rcc.h:1200:22:LL_RCC_SetSMPSPrescaler	16	static
../../Drivers/STM32WL3x_HAL_Driver/Inc/stm32wl3x_ll_rcc.h:1212:26:LL_RCC_GetSMPSPrescaler	8	static
../../Drivers/STM32WL3x_HAL_Driver/Inc/stm32wl3x_ll_rcc.h:1251:26:LL_RCC_KRM_IsEnabled	8	static
../../Drivers/STM32WL3x_HAL_Driver/Inc/stm32wl3x_ll_rcc.h:1263:22:LL_RCC_KRM_SetRateMultiplier	16	static
../../Drivers/STM32WL3x_HAL_Driver/Inc/stm32wl3x_ll_rcc.h:1274:26:LL_RCC_KRM_GetRateMultiplier	8	static
../../Drivers/STM32WL3x_HAL_Driver/Inc/stm32wl3x_ll_rcc.h:1297:22:LL_RCC_SetLPUARTClockSource	16	static
../../Drivers/STM32WL3x_HAL_Driver/Inc/stm32wl3x_ll_rcc.h:1309:26:LL_RCC_GetLPUARTClockSource	8	static
../../Drivers/STM32WL3x_HAL_Driver/Inc/stm32wl3x_ll_rcc.h:1359:22:LL_RCC_ConfigLSCO	16	static
../../Drivers/STM32WL3x_HAL_Driver/Inc/stm32wl3x_ll_rcc.h:1370:22:LL_RCC_LSCOinDeepStop_Enable	8	static
../../Drivers/STM32WL3x_HAL_Driver/Inc/stm32wl3x_ll_rcc.h:1380:22:LL_RCC_LSCOinDeepStop_Disable	8	static
../../Drivers/STM32WL3x_HAL_Driver/Inc/stm32wl3x_ll_rcc.h:1452:22:LL_RCC_SetSPI3I2SClockSource	16	static
../../Drivers/STM32WL3x_HAL_Driver/Inc/stm32wl3x_ll_rcc.h:1465:26:LL_RCC_GetSPI3I2SClockSource	8	static
../../Drivers/STM32WL3x_HAL_Driver/Inc/stm32wl3x_ll_bus.h:220:22:LL_AHB1_GRP1_EnableClock	24	static
C:/repos/ece480/embedded/SensorDataUnit_Workspace/Drivers/STM32WL3x_HAL_Driver/Src/stm32wl3x_hal_rcc_ex.c:105:19:HAL_RCCEx_PeriphCLKConfig	16	static
C:/repos/ece480/embedded/SensorDataUnit_Workspace/Drivers/STM32WL3x_HAL_Driver/Src/stm32wl3x_hal_rcc_ex.c:152:6:HAL_RCCEx_GetPeriphCLKConfig	16	static
C:/repos/ece480/embedded/SensorDataUnit_Workspace/Drivers/STM32WL3x_HAL_Driver/Src/stm32wl3x_hal_rcc_ex.c:189:10:HAL_RCCEx_GetPeriphCLKFreq	32	static
C:/repos/ece480/embedded/SensorDataUnit_Workspace/Drivers/STM32WL3x_HAL_Driver/Src/stm32wl3x_hal_rcc_ex.c:328:6:HAL_RCCEx_LSCOConfig	48	static
C:/repos/ece480/embedded/SensorDataUnit_Workspace/Drivers/STM32WL3x_HAL_Driver/Src/stm32wl3x_hal_rcc_ex.c:388:6:HAL_RCCEx_EnableLSCOinDEEPSTOP	40	static
C:/repos/ece480/embedded/SensorDataUnit_Workspace/Drivers/STM32WL3x_HAL_Driver/Src/stm32wl3x_hal_rcc_ex.c:418:6:HAL_RCCEx_DisableLSCO	8	static
