C:/repos/ece480/embedded/SensorDataUnit_Workspace/Drivers/STM32WL3x_HAL_Driver/Src/stm32wl3x_hal_uart.c:309:19:HAL_UART_Init	16	static
C:/repos/ece480/embedded/SensorDataUnit_Workspace/Drivers/STM32WL3x_HAL_Driver/Src/stm32wl3x_hal_uart.c:384:19:HAL_HalfDuplex_Init	16	static
C:/repos/ece480/embedded/SensorDataUnit_Workspace/Drivers/STM32WL3x_HAL_Driver/Src/stm32wl3x_hal_uart.c:459:19:HAL_LIN_Init	16	static
C:/repos/ece480/embedded/SensorDataUnit_Workspace/Drivers/STM32WL3x_HAL_Driver/Src/stm32wl3x_hal_uart.c:558:19:HAL_MultiProcessor_Init	24	static
C:/repos/ece480/embedded/SensorDataUnit_Workspace/Drivers/STM32WL3x_HAL_Driver/Src/stm32wl3x_hal_uart.c:634:19:HAL_UART_DeInit	16	static
C:/repos/ece480/embedded/SensorDataUnit_Workspace/Drivers/STM32WL3x_HAL_Driver/Src/stm32wl3x_hal_uart.c:679:13:HAL_UART_MspInit	16	static
C:/repos/ece480/embedded/SensorDataUnit_Workspace/Drivers/STM32WL3x_HAL_Driver/Src/stm32wl3x_hal_uart.c:694:13:HAL_UART_MspDeInit	16	static
C:/repos/ece480/embedded/SensorDataUnit_Workspace/Drivers/STM32WL3x_HAL_Driver/Src/stm32wl3x_hal_uart.c:1126:19:HAL_UART_Transmit	48	static
C:/repos/ece480/embedded/SensorDataUnit_Workspace/Drivers/STM32WL3x_HAL_Driver/Src/stm32wl3x_hal_uart.c:1240:19:HAL_UART_Receive	48	static
C:/repos/ece480/embedded/SensorDataUnit_Workspace/Drivers/STM32WL3x_HAL_Driver/Src/stm32wl3x_hal_uart.c:1348:19:HAL_UART_Transmit_IT	56	static,ignoring_inline_asm
C:/repos/ece480/embedded/SensorDataUnit_Workspace/Drivers/STM32WL3x_HAL_Driver/Src/stm32wl3x_hal_uart.c:1432:19:HAL_UART_Receive_IT	40	static,ignoring_inline_asm
C:/repos/ece480/embedded/SensorDataUnit_Workspace/Drivers/STM32WL3x_HAL_Driver/Src/stm32wl3x_hal_uart.c:1490:19:HAL_UART_Transmit_DMA	40	static,ignoring_inline_asm
C:/repos/ece480/embedded/SensorDataUnit_Workspace/Drivers/STM32WL3x_HAL_Driver/Src/stm32wl3x_hal_uart.c:1576:19:HAL_UART_Receive_DMA	40	static,ignoring_inline_asm
C:/repos/ece480/embedded/SensorDataUnit_Workspace/Drivers/STM32WL3x_HAL_Driver/Src/stm32wl3x_hal_uart.c:1623:19:HAL_UART_DMAPause	88	static,ignoring_inline_asm
C:/repos/ece480/embedded/SensorDataUnit_Workspace/Drivers/STM32WL3x_HAL_Driver/Src/stm32wl3x_hal_uart.c:1653:19:HAL_UART_DMAResume	80	static,ignoring_inline_asm
C:/repos/ece480/embedded/SensorDataUnit_Workspace/Drivers/STM32WL3x_HAL_Driver/Src/stm32wl3x_hal_uart.c:1684:19:HAL_UART_DMAStop	56	static,ignoring_inline_asm
C:/repos/ece480/embedded/SensorDataUnit_Workspace/Drivers/STM32WL3x_HAL_Driver/Src/stm32wl3x_hal_uart.c:1760:19:HAL_UART_Abort	96	static,ignoring_inline_asm
C:/repos/ece480/embedded/SensorDataUnit_Workspace/Drivers/STM32WL3x_HAL_Driver/Src/stm32wl3x_hal_uart.c:1861:19:HAL_UART_AbortTransmit	64	static,ignoring_inline_asm
C:/repos/ece480/embedded/SensorDataUnit_Workspace/Drivers/STM32WL3x_HAL_Driver/Src/stm32wl3x_hal_uart.c:1919:19:HAL_UART_AbortReceive	80	static,ignoring_inline_asm
C:/repos/ece480/embedded/SensorDataUnit_Workspace/Drivers/STM32WL3x_HAL_Driver/Src/stm32wl3x_hal_uart.c:1986:19:HAL_UART_Abort_IT	104	static,ignoring_inline_asm
C:/repos/ece480/embedded/SensorDataUnit_Workspace/Drivers/STM32WL3x_HAL_Driver/Src/stm32wl3x_hal_uart.c:2137:19:HAL_UART_AbortTransmit_IT	64	static,ignoring_inline_asm
C:/repos/ece480/embedded/SensorDataUnit_Workspace/Drivers/STM32WL3x_HAL_Driver/Src/stm32wl3x_hal_uart.c:2225:19:HAL_UART_AbortReceive_IT	80	static,ignoring_inline_asm
C:/repos/ece480/embedded/SensorDataUnit_Workspace/Drivers/STM32WL3x_HAL_Driver/Src/stm32wl3x_hal_uart.c:2314:6:HAL_UART_IRQHandler	184	static,ignoring_inline_asm
C:/repos/ece480/embedded/SensorDataUnit_Workspace/Drivers/STM32WL3x_HAL_Driver/Src/stm32wl3x_hal_uart.c:2672:13:HAL_UART_TxCpltCallback	16	static
C:/repos/ece480/embedded/SensorDataUnit_Workspace/Drivers/STM32WL3x_HAL_Driver/Src/stm32wl3x_hal_uart.c:2687:13:HAL_UART_TxHalfCpltCallback	16	static
C:/repos/ece480/embedded/SensorDataUnit_Workspace/Drivers/STM32WL3x_HAL_Driver/Src/stm32wl3x_hal_uart.c:2702:13:HAL_UART_RxCpltCallback	16	static
C:/repos/ece480/embedded/SensorDataUnit_Workspace/Drivers/STM32WL3x_HAL_Driver/Src/stm32wl3x_hal_uart.c:2717:13:HAL_UART_RxHalfCpltCallback	16	static
C:/repos/ece480/embedded/SensorDataUnit_Workspace/Drivers/STM32WL3x_HAL_Driver/Src/stm32wl3x_hal_uart.c:2732:13:HAL_UART_ErrorCallback	16	static
C:/repos/ece480/embedded/SensorDataUnit_Workspace/Drivers/STM32WL3x_HAL_Driver/Src/stm32wl3x_hal_uart.c:2747:13:HAL_UART_AbortCpltCallback	16	static
C:/repos/ece480/embedded/SensorDataUnit_Workspace/Drivers/STM32WL3x_HAL_Driver/Src/stm32wl3x_hal_uart.c:2762:13:HAL_UART_AbortTransmitCpltCallback	16	static
C:/repos/ece480/embedded/SensorDataUnit_Workspace/Drivers/STM32WL3x_HAL_Driver/Src/stm32wl3x_hal_uart.c:2777:13:HAL_UART_AbortReceiveCpltCallback	16	static
C:/repos/ece480/embedded/SensorDataUnit_Workspace/Drivers/STM32WL3x_HAL_Driver/Src/stm32wl3x_hal_uart.c:2794:13:HAL_UARTEx_RxEventCallback	16	static
C:/repos/ece480/embedded/SensorDataUnit_Workspace/Drivers/STM32WL3x_HAL_Driver/Src/stm32wl3x_hal_uart.c:2842:6:HAL_UART_ReceiverTimeout_Config	16	static
C:/repos/ece480/embedded/SensorDataUnit_Workspace/Drivers/STM32WL3x_HAL_Driver/Src/stm32wl3x_hal_uart.c:2857:19:HAL_UART_EnableReceiverTimeout	16	static
C:/repos/ece480/embedded/SensorDataUnit_Workspace/Drivers/STM32WL3x_HAL_Driver/Src/stm32wl3x_hal_uart.c:2895:19:HAL_UART_DisableReceiverTimeout	16	static
C:/repos/ece480/embedded/SensorDataUnit_Workspace/Drivers/STM32WL3x_HAL_Driver/Src/stm32wl3x_hal_uart.c:2933:19:HAL_MultiProcessor_EnableMuteMode	32	static,ignoring_inline_asm
C:/repos/ece480/embedded/SensorDataUnit_Workspace/Drivers/STM32WL3x_HAL_Driver/Src/stm32wl3x_hal_uart.c:2953:19:HAL_MultiProcessor_DisableMuteMode	32	static,ignoring_inline_asm
C:/repos/ece480/embedded/SensorDataUnit_Workspace/Drivers/STM32WL3x_HAL_Driver/Src/stm32wl3x_hal_uart.c:2973:6:HAL_MultiProcessor_EnterMuteMode	16	static
C:/repos/ece480/embedded/SensorDataUnit_Workspace/Drivers/STM32WL3x_HAL_Driver/Src/stm32wl3x_hal_uart.c:2983:19:HAL_HalfDuplex_EnableTransmitter	48	static,ignoring_inline_asm
C:/repos/ece480/embedded/SensorDataUnit_Workspace/Drivers/STM32WL3x_HAL_Driver/Src/stm32wl3x_hal_uart.c:3006:19:HAL_HalfDuplex_EnableReceiver	48	static,ignoring_inline_asm
C:/repos/ece480/embedded/SensorDataUnit_Workspace/Drivers/STM32WL3x_HAL_Driver/Src/stm32wl3x_hal_uart.c:3030:19:HAL_LIN_SendBreak	16	static
C:/repos/ece480/embedded/SensorDataUnit_Workspace/Drivers/STM32WL3x_HAL_Driver/Src/stm32wl3x_hal_uart.c:3075:23:HAL_UART_GetState	24	static
C:/repos/ece480/embedded/SensorDataUnit_Workspace/Drivers/STM32WL3x_HAL_Driver/Src/stm32wl3x_hal_uart.c:3091:10:HAL_UART_GetError	16	static
C:/repos/ece480/embedded/SensorDataUnit_Workspace/Drivers/STM32WL3x_HAL_Driver/Src/stm32wl3x_hal_uart.c:3137:19:UART_SetConfig	80	static
C:/repos/ece480/embedded/SensorDataUnit_Workspace/Drivers/STM32WL3x_HAL_Driver/Src/stm32wl3x_hal_uart.c:3291:6:UART_AdvFeatureConfig	16	static
C:/repos/ece480/embedded/SensorDataUnit_Workspace/Drivers/STM32WL3x_HAL_Driver/Src/stm32wl3x_hal_uart.c:3367:19:UART_CheckIdleState	80	static,ignoring_inline_asm
C:/repos/ece480/embedded/SensorDataUnit_Workspace/Drivers/STM32WL3x_HAL_Driver/Src/stm32wl3x_hal_uart.c:3436:19:UART_WaitOnFlagUntilTimeout	24	static
C:/repos/ece480/embedded/SensorDataUnit_Workspace/Drivers/STM32WL3x_HAL_Driver/Src/stm32wl3x_hal_uart.c:3504:19:UART_Start_Receive_IT	104	static,ignoring_inline_asm
C:/repos/ece480/embedded/SensorDataUnit_Workspace/Drivers/STM32WL3x_HAL_Driver/Src/stm32wl3x_hal_uart.c:3577:19:UART_Start_Receive_DMA	72	static,ignoring_inline_asm
C:/repos/ece480/embedded/SensorDataUnit_Workspace/Drivers/STM32WL3x_HAL_Driver/Src/stm32wl3x_hal_uart.c:3634:13:UART_EndTxTransfer	48	static,ignoring_inline_asm
C:/repos/ece480/embedded/SensorDataUnit_Workspace/Drivers/STM32WL3x_HAL_Driver/Src/stm32wl3x_hal_uart.c:3651:13:UART_EndRxTransfer	64	static,ignoring_inline_asm
C:/repos/ece480/embedded/SensorDataUnit_Workspace/Drivers/STM32WL3x_HAL_Driver/Src/stm32wl3x_hal_uart.c:3678:13:UART_DMATransmitCplt	56	static,ignoring_inline_asm
C:/repos/ece480/embedded/SensorDataUnit_Workspace/Drivers/STM32WL3x_HAL_Driver/Src/stm32wl3x_hal_uart.c:3712:13:UART_DMATxHalfCplt	24	static
C:/repos/ece480/embedded/SensorDataUnit_Workspace/Drivers/STM32WL3x_HAL_Driver/Src/stm32wl3x_hal_uart.c:3730:13:UART_DMAReceiveCplt	88	static,ignoring_inline_asm
C:/repos/ece480/embedded/SensorDataUnit_Workspace/Drivers/STM32WL3x_HAL_Driver/Src/stm32wl3x_hal_uart.c:3803:13:UART_DMARxHalfCplt	24	static
C:/repos/ece480/embedded/SensorDataUnit_Workspace/Drivers/STM32WL3x_HAL_Driver/Src/stm32wl3x_hal_uart.c:3851:13:UART_DMAError	32	static
C:/repos/ece480/embedded/SensorDataUnit_Workspace/Drivers/STM32WL3x_HAL_Driver/Src/stm32wl3x_hal_uart.c:3889:13:UART_DMAAbortOnError	24	static
C:/repos/ece480/embedded/SensorDataUnit_Workspace/Drivers/STM32WL3x_HAL_Driver/Src/stm32wl3x_hal_uart.c:3910:13:UART_DMATxAbortCallback	24	static
C:/repos/ece480/embedded/SensorDataUnit_Workspace/Drivers/STM32WL3x_HAL_Driver/Src/stm32wl3x_hal_uart.c:3961:13:UART_DMARxAbortCallback	24	static
C:/repos/ece480/embedded/SensorDataUnit_Workspace/Drivers/STM32WL3x_HAL_Driver/Src/stm32wl3x_hal_uart.c:4009:13:UART_DMATxOnlyAbortCallback	24	static
C:/repos/ece480/embedded/SensorDataUnit_Workspace/Drivers/STM32WL3x_HAL_Driver/Src/stm32wl3x_hal_uart.c:4040:13:UART_DMARxOnlyAbortCallback	24	static
C:/repos/ece480/embedded/SensorDataUnit_Workspace/Drivers/STM32WL3x_HAL_Driver/Src/stm32wl3x_hal_uart.c:4072:13:UART_TxISR_8BIT	48	static,ignoring_inline_asm
C:/repos/ece480/embedded/SensorDataUnit_Workspace/Drivers/STM32WL3x_HAL_Driver/Src/stm32wl3x_hal_uart.c:4101:13:UART_TxISR_16BIT	56	static,ignoring_inline_asm
C:/repos/ece480/embedded/SensorDataUnit_Workspace/Drivers/STM32WL3x_HAL_Driver/Src/stm32wl3x_hal_uart.c:4133:13:UART_TxISR_8BIT_FIFOEN	56	static,ignoring_inline_asm
C:/repos/ece480/embedded/SensorDataUnit_Workspace/Drivers/STM32WL3x_HAL_Driver/Src/stm32wl3x_hal_uart.c:4173:13:UART_TxISR_16BIT_FIFOEN	56	static,ignoring_inline_asm
C:/repos/ece480/embedded/SensorDataUnit_Workspace/Drivers/STM32WL3x_HAL_Driver/Src/stm32wl3x_hal_uart.c:4214:13:UART_EndTransmit_IT	32	static,ignoring_inline_asm
C:/repos/ece480/embedded/SensorDataUnit_Workspace/Drivers/STM32WL3x_HAL_Driver/Src/stm32wl3x_hal_uart.c:4239:13:UART_RxISR_8BIT	88	static,ignoring_inline_asm
C:/repos/ece480/embedded/SensorDataUnit_Workspace/Drivers/STM32WL3x_HAL_Driver/Src/stm32wl3x_hal_uart.c:4330:13:UART_RxISR_16BIT	88	static,ignoring_inline_asm
C:/repos/ece480/embedded/SensorDataUnit_Workspace/Drivers/STM32WL3x_HAL_Driver/Src/stm32wl3x_hal_uart.c:4423:13:UART_RxISR_8BIT_FIFOEN	136	static,ignoring_inline_asm
C:/repos/ece480/embedded/SensorDataUnit_Workspace/Drivers/STM32WL3x_HAL_Driver/Src/stm32wl3x_hal_uart.c:4586:13:UART_RxISR_16BIT_FIFOEN	144	static,ignoring_inline_asm
