../../Drivers/STM32WL3x_HAL_Driver/Inc/stm32wl3x_ll_adc.h:953:22:LL_ADC_SetInputSamplingMode	16	static
../../Drivers/STM32WL3x_HAL_Driver/Inc/stm32wl3x_ll_adc.h:978:22:LL_ADC_InvertOutputDiffModeEnable	16	static
../../Drivers/STM32WL3x_HAL_Driver/Inc/stm32wl3x_ll_adc.h:990:22:LL_ADC_InvertOutputDiffModeDisable	16	static
../../Drivers/STM32WL3x_HAL_Driver/Inc/stm32wl3x_ll_adc.h:1014:22:LL_ADC_InvertOutputSingleNegModeEnable	16	static
../../Drivers/STM32WL3x_HAL_Driver/Inc/stm32wl3x_ll_adc.h:1026:22:LL_ADC_InvertOutputSingleNegModeDisable	16	static
../../Drivers/STM32WL3x_HAL_Driver/Inc/stm32wl3x_ll_adc.h:1055:22:LL_ADC_SetOverrunDS	16	static
../../Drivers/STM32WL3x_HAL_Driver/Inc/stm32wl3x_ll_adc.h:1082:22:LL_ADC_DMAModeDSEnable	16	static
../../Drivers/STM32WL3x_HAL_Driver/Inc/stm32wl3x_ll_adc.h:1094:22:LL_ADC_DMAModeDSDisable	16	static
../../Drivers/STM32WL3x_HAL_Driver/Inc/stm32wl3x_ll_adc.h:1106:26:LL_ADC_IsDMAModeDSEnabled	16	static
../../Drivers/STM32WL3x_HAL_Driver/Inc/stm32wl3x_ll_adc.h:1150:22:LL_ADC_SetSampleRate	16	static
../../Drivers/STM32WL3x_HAL_Driver/Inc/stm32wl3x_ll_adc.h:1209:22:LL_ADC_SMPSSyncEnable	16	static
../../Drivers/STM32WL3x_HAL_Driver/Inc/stm32wl3x_ll_adc.h:1223:22:LL_ADC_SMPSSyncDisable	16	static
../../Drivers/STM32WL3x_HAL_Driver/Inc/stm32wl3x_ll_adc.h:1251:22:LL_ADC_SetSequenceLength	16	static
../../Drivers/STM32WL3x_HAL_Driver/Inc/stm32wl3x_ll_adc.h:1314:22:LL_ADC_ContinuousModeEnable	16	static
../../Drivers/STM32WL3x_HAL_Driver/Inc/stm32wl3x_ll_adc.h:1327:22:LL_ADC_ContinuousModeDisable	16	static
../../Drivers/STM32WL3x_HAL_Driver/Inc/stm32wl3x_ll_adc.h:1339:26:LL_ADC_IsContinuousModeEnabled	16	static
../../Drivers/STM32WL3x_HAL_Driver/Inc/stm32wl3x_ll_adc.h:1362:22:LL_ADC_StopConversion	16	static
../../Drivers/STM32WL3x_HAL_Driver/Inc/stm32wl3x_ll_adc.h:1387:22:LL_ADC_StartConversion	16	static
../../Drivers/STM32WL3x_HAL_Driver/Inc/stm32wl3x_ll_adc.h:1399:26:LL_ADC_IsConversionOngoing	16	static
../../Drivers/STM32WL3x_HAL_Driver/Inc/stm32wl3x_ll_adc.h:1411:22:LL_ADC_Enable	16	static
../../Drivers/STM32WL3x_HAL_Driver/Inc/stm32wl3x_ll_adc.h:1423:22:LL_ADC_Disable	16	static
../../Drivers/STM32WL3x_HAL_Driver/Inc/stm32wl3x_ll_adc.h:1435:26:LL_ADC_IsEnabled	16	static
../../Drivers/STM32WL3x_HAL_Driver/Inc/stm32wl3x_ll_adc.h:1489:22:LL_ADC_SetChannelVoltageRange	24	static
../../Drivers/STM32WL3x_HAL_Driver/Inc/stm32wl3x_ll_adc.h:1559:22:LL_ADC_ConfigureDSDataOutput	24	static
../../Drivers/STM32WL3x_HAL_Driver/Inc/stm32wl3x_ll_adc.h:1712:22:LL_ADC_SetSequencerRanks	32	static
../../Drivers/STM32WL3x_HAL_Driver/Inc/stm32wl3x_ll_adc.h:1818:22:LL_ADC_ConfigureCalibPoint	32	static
../../Drivers/STM32WL3x_HAL_Driver/Inc/stm32wl3x_ll_adc.h:1918:22:LL_ADC_SetCalibPointForDiff	24	static
../../Drivers/STM32WL3x_HAL_Driver/Inc/stm32wl3x_ll_adc.h:1987:22:LL_ADC_SetCalibPointForSinglePos	24	static
../../Drivers/STM32WL3x_HAL_Driver/Inc/stm32wl3x_ll_adc.h:2057:22:LL_ADC_SetCalibPointForSingleNeg	24	static
../../Drivers/STM32WL3x_HAL_Driver/Inc/stm32wl3x_ll_adc.h:2129:22:LL_ADC_ConfigureAWDThresholds	24	static
../../Drivers/STM32WL3x_HAL_Driver/Inc/stm32wl3x_ll_adc.h:2208:22:LL_ADC_SetAWDInputChannels	16	static
../../Drivers/STM32WL3x_HAL_Driver/Inc/stm32wl3x_ll_adc.h:2259:26:LL_ADC_DSGetOutputData	16	static
../../Drivers/STM32WL3x_HAL_Driver/Inc/stm32wl3x_ll_adc.h:2284:26:LL_ADC_GetActiveFlags	16	static
../../Drivers/STM32WL3x_HAL_Driver/Inc/stm32wl3x_ll_adc.h:2300:22:LL_ADC_ClearActiveFlags	16	static
../../Drivers/STM32WL3x_HAL_Driver/Inc/stm32wl3x_ll_adc.h:2316:26:LL_ADC_IsActiveFlag	16	static
../../Drivers/STM32WL3x_HAL_Driver/Inc/stm32wl3x_ll_adc.h:2362:22:LL_ADC_ClearFlag_AWD	16	static
../../Drivers/STM32WL3x_HAL_Driver/Inc/stm32wl3x_ll_adc.h:2455:22:LL_ADC_EnableIT	16	static
../../Drivers/STM32WL3x_HAL_Driver/Inc/stm32wl3x_ll_adc.h:2471:22:LL_ADC_DisableIT	16	static
../../Drivers/STM32WL3x_HAL_Driver/Inc/stm32wl3x_ll_adc.h:2535:22:LL_ADC_EnableIT_AWD	16	static
../../Drivers/STM32WL3x_HAL_Driver/Inc/stm32wl3x_ll_adc.h:2547:22:LL_ADC_DisableIT_AWD	16	static
C:/repos/ece480/embedded/SensorDataUnit_Workspace/Drivers/STM32WL3x_HAL_Driver/Src/stm32wl3x_hal_adc.c:313:19:HAL_ADC_Init	24	static
C:/repos/ece480/embedded/SensorDataUnit_Workspace/Drivers/STM32WL3x_HAL_Driver/Src/stm32wl3x_hal_adc.c:452:19:HAL_ADC_DeInit	32	static
C:/repos/ece480/embedded/SensorDataUnit_Workspace/Drivers/STM32WL3x_HAL_Driver/Src/stm32wl3x_hal_adc.c:630:13:HAL_ADC_MspInit	16	static
C:/repos/ece480/embedded/SensorDataUnit_Workspace/Drivers/STM32WL3x_HAL_Driver/Src/stm32wl3x_hal_adc.c:647:13:HAL_ADC_MspDeInit	16	static
C:/repos/ece480/embedded/SensorDataUnit_Workspace/Drivers/STM32WL3x_HAL_Driver/Src/stm32wl3x_hal_adc.c:880:19:HAL_ADC_Start	32	static
C:/repos/ece480/embedded/SensorDataUnit_Workspace/Drivers/STM32WL3x_HAL_Driver/Src/stm32wl3x_hal_adc.c:928:19:HAL_ADC_Stop	32	static
C:/repos/ece480/embedded/SensorDataUnit_Workspace/Drivers/STM32WL3x_HAL_Driver/Src/stm32wl3x_hal_adc.c:975:19:HAL_ADC_PollForConversion	24	static
C:/repos/ece480/embedded/SensorDataUnit_Workspace/Drivers/STM32WL3x_HAL_Driver/Src/stm32wl3x_hal_adc.c:1045:19:HAL_ADC_PollForEvent	32	static
C:/repos/ece480/embedded/SensorDataUnit_Workspace/Drivers/STM32WL3x_HAL_Driver/Src/stm32wl3x_hal_adc.c:1146:19:HAL_ADC_Start_IT	32	static
C:/repos/ece480/embedded/SensorDataUnit_Workspace/Drivers/STM32WL3x_HAL_Driver/Src/stm32wl3x_hal_adc.c:1221:19:HAL_ADC_Stop_IT	32	static
C:/repos/ece480/embedded/SensorDataUnit_Workspace/Drivers/STM32WL3x_HAL_Driver/Src/stm32wl3x_hal_adc.c:1271:19:HAL_ADC_Start_DMA	40	static
C:/repos/ece480/embedded/SensorDataUnit_Workspace/Drivers/STM32WL3x_HAL_Driver/Src/stm32wl3x_hal_adc.c:1358:19:HAL_ADC_Stop_DMA	32	static
C:/repos/ece480/embedded/SensorDataUnit_Workspace/Drivers/STM32WL3x_HAL_Driver/Src/stm32wl3x_hal_adc.c:1459:10:HAL_ADC_GetValue	16	static
C:/repos/ece480/embedded/SensorDataUnit_Workspace/Drivers/STM32WL3x_HAL_Driver/Src/stm32wl3x_hal_adc.c:1474:6:HAL_ADC_IRQHandler	32	static
C:/repos/ece480/embedded/SensorDataUnit_Workspace/Drivers/STM32WL3x_HAL_Driver/Src/stm32wl3x_hal_adc.c:1602:13:HAL_ADC_ConvCpltCallback	16	static
C:/repos/ece480/embedded/SensorDataUnit_Workspace/Drivers/STM32WL3x_HAL_Driver/Src/stm32wl3x_hal_adc.c:1618:13:HAL_ADC_ConvHalfCpltCallback	16	static
C:/repos/ece480/embedded/SensorDataUnit_Workspace/Drivers/STM32WL3x_HAL_Driver/Src/stm32wl3x_hal_adc.c:1634:13:HAL_ADC_LevelOutOfWindowCallback	16	static
C:/repos/ece480/embedded/SensorDataUnit_Workspace/Drivers/STM32WL3x_HAL_Driver/Src/stm32wl3x_hal_adc.c:1657:13:HAL_ADC_ErrorCallback	16	static
C:/repos/ece480/embedded/SensorDataUnit_Workspace/Drivers/STM32WL3x_HAL_Driver/Src/stm32wl3x_hal_adc.c:1693:19:HAL_ADC_SMPSSyncEnable	24	static
C:/repos/ece480/embedded/SensorDataUnit_Workspace/Drivers/STM32WL3x_HAL_Driver/Src/stm32wl3x_hal_adc.c:1720:19:HAL_ADC_SMPSSyncDisable	24	static
C:/repos/ece480/embedded/SensorDataUnit_Workspace/Drivers/STM32WL3x_HAL_Driver/Src/stm32wl3x_hal_adc.c:1766:19:HAL_ADC_ConfigChannel	24	static,ignoring_inline_asm
C:/repos/ece480/embedded/SensorDataUnit_Workspace/Drivers/STM32WL3x_HAL_Driver/Src/stm32wl3x_hal_adc.c:1904:19:HAL_ADC_AnalogWDGConfig	24	static
C:/repos/ece480/embedded/SensorDataUnit_Workspace/Drivers/STM32WL3x_HAL_Driver/Src/stm32wl3x_hal_adc.c:1990:10:HAL_ADC_GetState	16	static
C:/repos/ece480/embedded/SensorDataUnit_Workspace/Drivers/STM32WL3x_HAL_Driver/Src/stm32wl3x_hal_adc.c:2004:10:HAL_ADC_GetError	16	static
C:/repos/ece480/embedded/SensorDataUnit_Workspace/Drivers/STM32WL3x_HAL_Driver/Src/stm32wl3x_hal_adc.c:2029:19:ADC_ConversionStop	24	static
C:/repos/ece480/embedded/SensorDataUnit_Workspace/Drivers/STM32WL3x_HAL_Driver/Src/stm32wl3x_hal_adc.c:2057:19:ADC_Enable	16	static
C:/repos/ece480/embedded/SensorDataUnit_Workspace/Drivers/STM32WL3x_HAL_Driver/Src/stm32wl3x_hal_adc.c:2078:19:ADC_Disable	16	static
C:/repos/ece480/embedded/SensorDataUnit_Workspace/Drivers/STM32WL3x_HAL_Driver/Src/stm32wl3x_hal_adc.c:2096:6:ADC_DMAConvCplt	24	static
C:/repos/ece480/embedded/SensorDataUnit_Workspace/Drivers/STM32WL3x_HAL_Driver/Src/stm32wl3x_hal_adc.c:2159:6:ADC_DMAHalfConvCplt	24	static
C:/repos/ece480/embedded/SensorDataUnit_Workspace/Drivers/STM32WL3x_HAL_Driver/Src/stm32wl3x_hal_adc.c:2177:6:ADC_DMAError	24	static
