C:/repos/ece480/embedded/SensorDataUnit_Workspace/Drivers/STM32WL3x_HAL_Driver/Src/stm32wl3x_hal_gpio.c:168:6:HAL_GPIO_Init	32	static
C:/repos/ece480/embedded/SensorDataUnit_Workspace/Drivers/STM32WL3x_HAL_Driver/Src/stm32wl3x_hal_gpio.c:331:6:HAL_GPIO_DeInit	32	static
C:/repos/ece480/embedded/SensorDataUnit_Workspace/Drivers/STM32WL3x_HAL_Driver/Src/stm32wl3x_hal_gpio.c:443:15:HAL_GPIO_ReadPin	24	static
C:/repos/ece480/embedded/SensorDataUnit_Workspace/Drivers/STM32WL3x_HAL_Driver/Src/stm32wl3x_hal_gpio.c:475:6:HAL_GPIO_WritePin	16	static
C:/repos/ece480/embedded/SensorDataUnit_Workspace/Drivers/STM32WL3x_HAL_Driver/Src/stm32wl3x_hal_gpio.c:505:6:HAL_GPIO_WriteMultipleStatePin	24	static
C:/repos/ece480/embedded/SensorDataUnit_Workspace/Drivers/STM32WL3x_HAL_Driver/Src/stm32wl3x_hal_gpio.c:524:6:HAL_GPIO_TogglePin	24	static
C:/repos/ece480/embedded/SensorDataUnit_Workspace/Drivers/STM32WL3x_HAL_Driver/Src/stm32wl3x_hal_gpio.c:549:19:HAL_GPIO_LockPin	24	static
C:/repos/ece480/embedded/SensorDataUnit_Workspace/Drivers/STM32WL3x_HAL_Driver/Src/stm32wl3x_hal_gpio.c:585:6:HAL_GPIO_EXTI_IRQHandler	16	static
C:/repos/ece480/embedded/SensorDataUnit_Workspace/Drivers/STM32WL3x_HAL_Driver/Src/stm32wl3x_hal_gpio.c:601:13:HAL_GPIO_EXTI_Callback	16	static
