../../Drivers/STM32WL3x_HAL_Driver/Inc/stm32wl3x_ll_bus.h:220:22:LL_AHB1_GRP1_EnableClock	1
../../Core/Inc/easytimer.h:12:6:Timer_HasElapsed	2
../../Core/Inc/adxl.h:204:20:ADXL372_WriteReg	1
../../Core/Inc/adxl.h:217:23:ADXL372_ReadReg	2
../../Core/Inc/adxl.h:234:23:ADXL372_Init	2
../../Core/Inc/adxl.h:260:20:Sample_ADXL372	5
../../Core/Inc/sensors.h:39:10:ADC_to_Voltage	1
../../Core/Inc/adc.h:12:6:Sample_ADCs	3
../../Core/Inc/rs485.h:104:6:RS485_Write_Message	3
../../Core/Inc/rs485_send.h:35:6:Send_RS485_Message_A0	1
../../Core/Inc/rs485_send.h:62:6:Send_RS485_Message_B0	1
../../Core/Inc/rs485_send.h:90:6:Send_RS485_Message_C0	1
../../Core/Inc/rs485_send.h:118:6:RS485_Send	2
C:/repos/ece480/embedded/SensorDataUnit_Workspace/Core/Src/main.c:100:5:main	1
C:/repos/ece480/embedded/SensorDataUnit_Workspace/Core/Src/main.c:169:6:SystemClock_Config	3
C:/repos/ece480/embedded/SensorDataUnit_Workspace/Core/Src/main.c:199:6:PeriphCommonClock_Config	2
C:/repos/ece480/embedded/SensorDataUnit_Workspace/Core/Src/main.c:220:13:MX_USART1_UART_Init	5
C:/repos/ece480/embedded/SensorDataUnit_Workspace/Core/Src/main.c:264:6:USART1_IRQHandler	1
C:/repos/ece480/embedded/SensorDataUnit_Workspace/Core/Src/main.c:274:13:MX_MRSUBG_Init	1
C:/repos/ece480/embedded/SensorDataUnit_Workspace/Core/Src/main.c:317:13:MX_SPI3_Init	2
C:/repos/ece480/embedded/SensorDataUnit_Workspace/Core/Src/main.c:358:13:MX_ADC1_Init	4
C:/repos/ece480/embedded/SensorDataUnit_Workspace/Core/Src/main.c:423:13:MX_GPIO_Init	1
C:/repos/ece480/embedded/SensorDataUnit_Workspace/Core/Src/main.c:498:6:Error_Handler	1
