../../Drivers/STM32WL3x_HAL_Driver/Inc/stm32wl3x_ll_bus.h:220:22:LL_AHB1_GRP1_EnableClock	24	static
../../Core/Inc/easytimer.h:12:6:Timer_HasElapsed	16	static
../../Core/Inc/adxl.h:204:20:ADXL372_WriteReg	32	static
../../Core/Inc/adxl.h:217:23:ADXL372_ReadReg	32	static
../../Core/Inc/adxl.h:234:23:ADXL372_Init	32	static
../../Core/Inc/adxl.h:260:20:Sample_ADXL372	40	static
../../Core/Inc/sensors.h:39:10:ADC_to_Voltage	16	static
../../Core/Inc/adc.h:12:6:Sample_ADCs	8	static
../../Core/Inc/rs485.h:104:6:RS485_Write_Message	48	static
../../Core/Inc/rs485_send.h:35:6:Send_RS485_Message_A0	16	static
../../Core/Inc/rs485_send.h:62:6:Send_RS485_Message_B0	16	static
../../Core/Inc/rs485_send.h:90:6:Send_RS485_Message_C0	16	static
../../Core/Inc/rs485_send.h:118:6:RS485_Send	8	static
C:/repos/ece480/embedded/SensorDataUnit_Workspace/Core/Src/main.c:100:5:main	8	static
C:/repos/ece480/embedded/SensorDataUnit_Workspace/Core/Src/main.c:169:6:SystemClock_Config	48	static
C:/repos/ece480/embedded/SensorDataUnit_Workspace/Core/Src/main.c:199:6:PeriphCommonClock_Config	32	static
C:/repos/ece480/embedded/SensorDataUnit_Workspace/Core/Src/main.c:220:13:MX_USART1_UART_Init	8	static
C:/repos/ece480/embedded/SensorDataUnit_Workspace/Core/Src/main.c:264:6:USART1_IRQHandler	8	static
C:/repos/ece480/embedded/SensorDataUnit_Workspace/Core/Src/main.c:274:13:MX_MRSUBG_Init	8	static
C:/repos/ece480/embedded/SensorDataUnit_Workspace/Core/Src/main.c:317:13:MX_SPI3_Init	8	static
C:/repos/ece480/embedded/SensorDataUnit_Workspace/Core/Src/main.c:358:13:MX_ADC1_Init	32	static
C:/repos/ece480/embedded/SensorDataUnit_Workspace/Core/Src/main.c:423:13:MX_GPIO_Init	32	static
C:/repos/ece480/embedded/SensorDataUnit_Workspace/Core/Src/main.c:498:6:Error_Handler	8	static,ignoring_inline_asm
