../../Drivers/STM32WL3x_HAL_Driver/Inc/stm32wl3x_ll_bus.h:220:22:LL_AHB1_GRP1_EnableClock	24	static
../../Core/Inc/easytimer.h:12:6:Timer_HasElapsed	16	static
../../Core/Inc/adxl.h:40:20:ADXL372_WriteReg	32	static
../../Core/Inc/adxl.h:53:23:ADXL372_ReadReg	40	static
../../Core/Inc/adxl.h:69:6:ADXL372_Init	16	static
../../Core/Inc/adxl.h:92:20:Sample_ADXL372	56	static
../../Core/Inc/adxl.h:123:21:ADXL372_GetG	16	static
../../Core/Inc/sensors.h:54:10:ADC_to_Voltage	16	static
../../Core/Inc/sensors.h:58:7:Get_G_Force	16	static
../../Core/Inc/sensors.h:72:7:Raw_to_G	16	static
../../Core/Inc/adc.h:40:6:Sample_ADCs	8	static
../../Core/Inc/rs485.h:87:6:RS485_Write_Message	56	static
../../Core/Inc/rs485_send.h:35:6:Send_Combined_Message	40	static
../../Core/Inc/rs485_send.h:113:6:Send_Message_A0	32	static
../../Core/Inc/rs485_send.h:146:6:Send_Message_B0	32	static
../../Core/Inc/rs485_send.h:173:6:Send_Message_C0	32	static
../../Core/Inc/rs485_send.h:201:6:RS485_Send	8	static
C:/repos/ece480/embedded/SensorDataUnit_Workspace/Core/Src/main.c:118:5:main	8	static
C:/repos/ece480/embedded/SensorDataUnit_Workspace/Core/Src/main.c:218:6:SystemClock_Config	48	static
C:/repos/ece480/embedded/SensorDataUnit_Workspace/Core/Src/main.c:248:6:PeriphCommonClock_Config	32	static
C:/repos/ece480/embedded/SensorDataUnit_Workspace/Core/Src/main.c:269:13:MX_TIM2_Init	56	static
C:/repos/ece480/embedded/SensorDataUnit_Workspace/Core/Src/main.c:321:13:MX_USART1_UART_Init	8	static
C:/repos/ece480/embedded/SensorDataUnit_Workspace/Core/Src/main.c:365:6:USART1_IRQHandler	8	static
C:/repos/ece480/embedded/SensorDataUnit_Workspace/Core/Src/main.c:375:13:MX_MRSUBG_Init	8	static
C:/repos/ece480/embedded/SensorDataUnit_Workspace/Core/Src/main.c:418:13:MX_SPI3_Init	8	static
C:/repos/ece480/embedded/SensorDataUnit_Workspace/Core/Src/main.c:459:13:MX_ADC1_Init	32	static
C:/repos/ece480/embedded/SensorDataUnit_Workspace/Core/Src/main.c:526:13:MX_GPIO_Init	32	static
C:/repos/ece480/embedded/SensorDataUnit_Workspace/Core/Src/main.c:601:6:Error_Handler	8	static,ignoring_inline_asm
