../../Drivers/STM32WL3x_HAL_Driver/Inc/stm32wl3x_ll_bus.h:220:22:LL_AHB1_GRP1_EnableClock	24	static
../../Core/Inc/easytimer.h:12:6:Timer_HasElapsed	16	static
../../Core/Inc/rs485.h:39:6:RS485_Write_Message	48	static
../../Core/Inc/rs485_send.h:9:6:Send_Test_RS485_Message	32	static
../../Core/Inc/rs485_send.h:29:6:RS485_Online	8	static
C:/repos/ece480/embedded/SensorDataUnit_Workspace/Core/Src/main.c:87:5:main	8	static
C:/repos/ece480/embedded/SensorDataUnit_Workspace/Core/Src/main.c:141:6:SystemClock_Config	48	static
C:/repos/ece480/embedded/SensorDataUnit_Workspace/Core/Src/main.c:171:6:PeriphCommonClock_Config	32	static
C:/repos/ece480/embedded/SensorDataUnit_Workspace/Core/Src/main.c:192:13:MX_USART1_UART_Init	8	static
C:/repos/ece480/embedded/SensorDataUnit_Workspace/Core/Src/main.c:242:13:MX_MRSUBG_Init	8	static
C:/repos/ece480/embedded/SensorDataUnit_Workspace/Core/Src/main.c:285:13:MX_SPI3_Init	8	static
C:/repos/ece480/embedded/SensorDataUnit_Workspace/Core/Src/main.c:326:13:MX_ADC1_Init	32	static
C:/repos/ece480/embedded/SensorDataUnit_Workspace/Core/Src/main.c:397:13:MX_GPIO_Init	32	static
C:/repos/ece480/embedded/SensorDataUnit_Workspace/Core/Src/main.c:472:6:Error_Handler	8	static,ignoring_inline_asm
