../../Drivers/STM32WL3x_HAL_Driver/Inc/stm32wl3x_ll_mrsubg.h:508:22:LL_MRSubG_SetPAMode	16	static
../../Drivers/STM32WL3x_HAL_Driver/Inc/stm32wl3x_ll_mrsubg.h:517:31:LL_MRSubG_GetPAMode	8	static
../../Drivers/STM32WL3x_HAL_Driver/Inc/stm32wl3x_ll_mrsubg.h:527:22:LL_MRSubG_SetPADriveMode	16	static
../../Drivers/STM32WL3x_HAL_Driver/Inc/stm32wl3x_ll_mrsubg.h:536:35:LL_MRSubG_GetPADriveMode	8	static
../../Drivers/STM32WL3x_HAL_Driver/Inc/stm32wl3x_ll_mrsubg.h:565:22:LL_MRSubG_SetConstellationMapping	16	static
../../Drivers/STM32WL3x_HAL_Driver/Inc/stm32wl3x_ll_mrsubg.h:713:22:LL_MRSubG_SetPADegen	16	static
../../Drivers/STM32WL3x_HAL_Driver/Inc/stm32wl3x_ll_mrsubg.h:846:25:LL_MRSubG_GetPALevelMaxIndex	8	static
../../Drivers/STM32WL3x_HAL_Driver/Inc/stm32wl3x_ll_mrsubg.h:908:22:LL_MRSubG_SetPreambleLength	16	static
../../Drivers/STM32WL3x_HAL_Driver/Inc/stm32wl3x_ll_mrsubg.h:927:22:LL_MRSubG_SetPreambleSeq	16	static
../../Drivers/STM32WL3x_HAL_Driver/Inc/stm32wl3x_ll_mrsubg.h:951:22:LL_MRSubG_SetPostambleLength	16	static
../../Drivers/STM32WL3x_HAL_Driver/Inc/stm32wl3x_ll_mrsubg.h:974:22:LL_MRSubG_SetPostamblSeq	16	static
../../Drivers/STM32WL3x_HAL_Driver/Inc/stm32wl3x_ll_mrsubg.h:995:22:LL_MRSubG_SetSyncPresent	16	static
../../Drivers/STM32WL3x_HAL_Driver/Inc/stm32wl3x_ll_mrsubg.h:1017:22:LL_MRSubG_SetSecondarySync	16	static
../../Drivers/STM32WL3x_HAL_Driver/Inc/stm32wl3x_ll_mrsubg.h:1041:22:LL_MRSubG_SetSyncLength	16	static
../../Drivers/STM32WL3x_HAL_Driver/Inc/stm32wl3x_ll_mrsubg.h:1060:22:LL_MRSubG_SetSyncWord	16	static
../../Drivers/STM32WL3x_HAL_Driver/Inc/stm32wl3x_ll_mrsubg.h:1100:22:LL_MRSubG_PacketHandlerWhitening	16	static
../../Drivers/STM32WL3x_HAL_Driver/Inc/stm32wl3x_ll_mrsubg.h:1147:22:LL_MRSubG_PacketHandlerSetWhiteningInit	16	static
../../Drivers/STM32WL3x_HAL_Driver/Inc/stm32wl3x_ll_mrsubg.h:1157:22:LL_MRSubG_PacketHandlerCoding	16	static
../../Drivers/STM32WL3x_HAL_Driver/Inc/stm32wl3x_ll_mrsubg.h:1169:22:LL_MRSubG_PacketHandlerManchesterType	16	static
../../Drivers/STM32WL3x_HAL_Driver/Inc/stm32wl3x_ll_mrsubg.h:1179:22:LL_MRSubG_PacketHandlerSetCrcMode	16	static
../../Drivers/STM32WL3x_HAL_Driver/Inc/stm32wl3x_ll_mrsubg.h:1198:22:LL_MRSUBG_SetPacketLength	16	static
../../Drivers/STM32WL3x_HAL_Driver/Inc/stm32wl3x_ll_mrsubg.h:1219:22:LL_MRSUBG_SetFixedVariableLength	16	static
../../Drivers/STM32WL3x_HAL_Driver/Inc/stm32wl3x_ll_mrsubg.h:1248:22:LL_MRSubG_SetLenWidth	16	static
../../Drivers/STM32WL3x_HAL_Driver/Inc/stm32wl3x_ll_mrsubg.h:1372:26:LL_MRSubG_GetRssiLevelOnSync	8	static
../../Drivers/STM32WL3x_HAL_Driver/Inc/stm32wl3x_ll_mrsubg.h:1390:22:LL_MRSubG_SetRssiThresholdRegister	16	static
C:/repos/ece480/embedded/VehicleCANGateway_Workspace/Drivers/STM32WL3x_HAL_Driver/Src/stm32wl3x_hal_mrsubg.c:142:13:MRSubG_ComputeSynthWord	64	static
C:/repos/ece480/embedded/VehicleCANGateway_Workspace/Drivers/STM32WL3x_HAL_Driver/Src/stm32wl3x_hal_mrsubg.c:170:17:MRSubG_ComputeDatarate	88	static
C:/repos/ece480/embedded/VehicleCANGateway_Workspace/Drivers/STM32WL3x_HAL_Driver/Src/stm32wl3x_hal_mrsubg.c:191:13:MRSubG_SearchDatarateME	168	static
C:/repos/ece480/embedded/VehicleCANGateway_Workspace/Drivers/STM32WL3x_HAL_Driver/Src/stm32wl3x_hal_mrsubg.c:237:17:MRSubG_ComputeFreqDeviation	80	static
C:/repos/ece480/embedded/VehicleCANGateway_Workspace/Drivers/STM32WL3x_HAL_Driver/Src/stm32wl3x_hal_mrsubg.c:258:13:MRSubG_SearchFreqDevME	168	static
C:/repos/ece480/embedded/VehicleCANGateway_Workspace/Drivers/STM32WL3x_HAL_Driver/Src/stm32wl3x_hal_mrsubg.c:305:13:MRSubG_SearchChannelBwME	96	static
C:/repos/ece480/embedded/VehicleCANGateway_Workspace/Drivers/STM32WL3x_HAL_Driver/Src/stm32wl3x_hal_mrsubg.c:361:16:MRSubG_ConvertRssiToDbm	16	static
C:/repos/ece480/embedded/VehicleCANGateway_Workspace/Drivers/STM32WL3x_HAL_Driver/Src/stm32wl3x_hal_mrsubg.c:371:16:MRSubG_GetAllowedMaxOutputPower	24	static
C:/repos/ece480/embedded/VehicleCANGateway_Workspace/Drivers/STM32WL3x_HAL_Driver/Src/stm32wl3x_hal_mrsubg.c:397:13:MRSUBG_EvaluateDSSS	24	static
C:/repos/ece480/embedded/VehicleCANGateway_Workspace/Drivers/STM32WL3x_HAL_Driver/Src/stm32wl3x_hal_mrsubg.c:431:18:HAL_MRSubGGetVersion	16	static
C:/repos/ece480/embedded/VehicleCANGateway_Workspace/Drivers/STM32WL3x_HAL_Driver/Src/stm32wl3x_hal_mrsubg.c:448:9:HAL_MRSubG_Init	16	static
C:/repos/ece480/embedded/VehicleCANGateway_Workspace/Drivers/STM32WL3x_HAL_Driver/Src/stm32wl3x_hal_mrsubg.c:503:6:HAL_MRSubG_GetInfo	16	static
C:/repos/ece480/embedded/VehicleCANGateway_Workspace/Drivers/STM32WL3x_HAL_Driver/Src/stm32wl3x_hal_mrsubg.c:519:6:HAL_MRSubG_SetFrequencyBase	40	static
C:/repos/ece480/embedded/VehicleCANGateway_Workspace/Drivers/STM32WL3x_HAL_Driver/Src/stm32wl3x_hal_mrsubg.c:557:10:HAL_MRSubG_GetFrequencyBase	56	static
C:/repos/ece480/embedded/VehicleCANGateway_Workspace/Drivers/STM32WL3x_HAL_Driver/Src/stm32wl3x_hal_mrsubg.c:592:6:HAL_MRSubG_SetDatarate	32	static
C:/repos/ece480/embedded/VehicleCANGateway_Workspace/Drivers/STM32WL3x_HAL_Driver/Src/stm32wl3x_hal_mrsubg.c:610:10:HAL_MRSubG_GetDatarate	64	static
C:/repos/ece480/embedded/VehicleCANGateway_Workspace/Drivers/STM32WL3x_HAL_Driver/Src/stm32wl3x_hal_mrsubg.c:640:6:HAL_MRSubG_SetFrequencyDev	32	static
C:/repos/ece480/embedded/VehicleCANGateway_Workspace/Drivers/STM32WL3x_HAL_Driver/Src/stm32wl3x_hal_mrsubg.c:675:10:HAL_MRSubG_GetFrequencyDev	56	static
C:/repos/ece480/embedded/VehicleCANGateway_Workspace/Drivers/STM32WL3x_HAL_Driver/Src/stm32wl3x_hal_mrsubg.c:721:6:HAL_MRSubG_SetChannelBW	48	static
C:/repos/ece480/embedded/VehicleCANGateway_Workspace/Drivers/STM32WL3x_HAL_Driver/Src/stm32wl3x_hal_mrsubg.c:781:10:HAL_MRSubG_GetChannelBW	24	static
C:/repos/ece480/embedded/VehicleCANGateway_Workspace/Drivers/STM32WL3x_HAL_Driver/Src/stm32wl3x_hal_mrsubg.c:807:6:HAL_MRSubG_SetModulation	16	static
C:/repos/ece480/embedded/VehicleCANGateway_Workspace/Drivers/STM32WL3x_HAL_Driver/Src/stm32wl3x_hal_mrsubg.c:863:17:HAL_MRSubG_GetModulation	16	static
C:/repos/ece480/embedded/VehicleCANGateway_Workspace/Drivers/STM32WL3x_HAL_Driver/Src/stm32wl3x_hal_mrsubg.c:890:9:HAL_MRSubG_GetRssidBm	24	static
C:/repos/ece480/embedded/VehicleCANGateway_Workspace/Drivers/STM32WL3x_HAL_Driver/Src/stm32wl3x_hal_mrsubg.c:902:6:HAL_MRSubG_SetRSSIThreshold	24	static
C:/repos/ece480/embedded/VehicleCANGateway_Workspace/Drivers/STM32WL3x_HAL_Driver/Src/stm32wl3x_hal_mrsubg.c:912:9:HAL_MRSubG_GetRSSIThreshold	16	static
C:/repos/ece480/embedded/VehicleCANGateway_Workspace/Drivers/STM32WL3x_HAL_Driver/Src/stm32wl3x_hal_mrsubg.c:926:6:HAL_MRSubG_SetPALeveldBm	40	static
C:/repos/ece480/embedded/VehicleCANGateway_Workspace/Drivers/STM32WL3x_HAL_Driver/Src/stm32wl3x_hal_mrsubg.c:981:8:HAL_MRSubG_GetPALeveldBm	40	static
C:/repos/ece480/embedded/VehicleCANGateway_Workspace/Drivers/STM32WL3x_HAL_Driver/Src/stm32wl3x_hal_mrsubg.c:1020:10:HAL_MRSubG_GetBytesOfTransaction	16	static
C:/repos/ece480/embedded/VehicleCANGateway_Workspace/Drivers/STM32WL3x_HAL_Driver/Src/stm32wl3x_hal_mrsubg.c:1043:10:HAL_MRSubG_Sequencer_Microseconds	48	static
C:/repos/ece480/embedded/VehicleCANGateway_Workspace/Drivers/STM32WL3x_HAL_Driver/Src/stm32wl3x_hal_mrsubg.c:1068:10:HAL_MRSubG_Sequencer_Milliseconds	16	static
C:/repos/ece480/embedded/VehicleCANGateway_Workspace/Drivers/STM32WL3x_HAL_Driver/Src/stm32wl3x_hal_mrsubg.c:1078:10:HAL_MRSubG_Sequencer_Seconds	16	static
C:/repos/ece480/embedded/VehicleCANGateway_Workspace/Drivers/STM32WL3x_HAL_Driver/Src/stm32wl3x_hal_mrsubg.c:1089:13:HAL_MRSubG_Sequencer_ApplyStaticConfig	16	static
C:/repos/ece480/embedded/VehicleCANGateway_Workspace/Drivers/STM32WL3x_HAL_Driver/Src/stm32wl3x_hal_mrsubg.c:1110:13:HAL_MRSubG_Sequencer_ApplyDynamicConfig	24	static
C:/repos/ece480/embedded/VehicleCANGateway_Workspace/Drivers/STM32WL3x_HAL_Driver/Src/stm32wl3x_hal_mrsubg.c:1152:6:HAL_MRSubG_PktBasicSetPayloadLength	16	static
C:/repos/ece480/embedded/VehicleCANGateway_Workspace/Drivers/STM32WL3x_HAL_Driver/Src/stm32wl3x_hal_mrsubg.c:1166:6:HAL_MRSubG_PacketBasicInit	16	static
C:/repos/ece480/embedded/VehicleCANGateway_Workspace/Drivers/STM32WL3x_HAL_Driver/Src/stm32wl3x_hal_mrsubg.c:1213:6:HAL_MRSubG_WMBus_PacketInit	16	static
C:/repos/ece480/embedded/VehicleCANGateway_Workspace/Drivers/STM32WL3x_HAL_Driver/Src/stm32wl3x_hal_mrsubg.c:1294:6:HAL_MRSubG_802_15_4_PacketInit	24	static
C:/repos/ece480/embedded/VehicleCANGateway_Workspace/Drivers/STM32WL3x_HAL_Driver/Src/stm32wl3x_hal_mrsubg.c:1379:13:HAL_MRSubG_MspInit	8	static
C:/repos/ece480/embedded/VehicleCANGateway_Workspace/Drivers/STM32WL3x_HAL_Driver/Src/stm32wl3x_hal_mrsubg.c:1390:13:HAL_MRSubG_MspDeInit	8	static
C:/repos/ece480/embedded/VehicleCANGateway_Workspace/Drivers/STM32WL3x_HAL_Driver/Src/stm32wl3x_hal_mrsubg.c:1398:13:HAL_MRSubG_IRQ_Callback	8	static
C:/repos/ece480/embedded/VehicleCANGateway_Workspace/Drivers/STM32WL3x_HAL_Driver/Src/stm32wl3x_hal_mrsubg.c:1405:13:HAL_MRSubG_BUSY_Callback	8	static
C:/repos/ece480/embedded/VehicleCANGateway_Workspace/Drivers/STM32WL3x_HAL_Driver/Src/stm32wl3x_hal_mrsubg.c:1412:13:HAL_MRSubG_TX_RX_SEQUENCE_Callback	8	static
C:/repos/ece480/embedded/VehicleCANGateway_Workspace/Drivers/STM32WL3x_HAL_Driver/Src/stm32wl3x_hal_mrsubg.c:1419:13:HAL_MRSubG_WKUP_Callback	8	static
C:/repos/ece480/embedded/VehicleCANGateway_Workspace/Drivers/STM32WL3x_HAL_Driver/Src/stm32wl3x_hal_mrsubg.c:1426:6:HAL_MRSubG_IRQHandler	8	static
C:/repos/ece480/embedded/VehicleCANGateway_Workspace/Drivers/STM32WL3x_HAL_Driver/Src/stm32wl3x_hal_mrsubg.c:1431:6:HAL_MRSubG_BUSY_IRQHandler	8	static
C:/repos/ece480/embedded/VehicleCANGateway_Workspace/Drivers/STM32WL3x_HAL_Driver/Src/stm32wl3x_hal_mrsubg.c:1436:6:HAL_MRSubG_TX_RX_SEQUENCE_IRQHandler	8	static
C:/repos/ece480/embedded/VehicleCANGateway_Workspace/Drivers/STM32WL3x_HAL_Driver/Src/stm32wl3x_hal_mrsubg.c:1441:6:HAL_MRSubG_WKUP_IRQHandler	8	static
