../../Drivers/STM32WL3x_HAL_Driver/Inc/stm32wl3x_ll_bus.h:375:22:LL_AHB1_GRP1_ForceReset	16	static
../../Drivers/STM32WL3x_HAL_Driver/Inc/stm32wl3x_ll_bus.h:397:22:LL_AHB1_GRP1_ReleaseReset	16	static
../../Drivers/STM32WL3x_HAL_Driver/Inc/stm32wl3x_ll_bus.h:625:22:LL_APB0_GRP1_ForceReset	16	static
../../Drivers/STM32WL3x_HAL_Driver/Inc/stm32wl3x_ll_bus.h:655:22:LL_APB0_GRP1_ReleaseReset	16	static
../../Drivers/STM32WL3x_HAL_Driver/Inc/stm32wl3x_ll_bus.h:845:22:LL_APB1_GRP1_ForceReset	16	static
../../Drivers/STM32WL3x_HAL_Driver/Inc/stm32wl3x_ll_bus.h:870:22:LL_APB1_GRP1_ReleaseReset	16	static
../../Drivers/STM32WL3x_HAL_Driver/Inc/stm32wl3x_ll_bus.h:936:22:LL_APB2_GRP1_ForceReset	16	static
../../Drivers/STM32WL3x_HAL_Driver/Inc/stm32wl3x_ll_bus.h:950:22:LL_APB2_GRP1_ReleaseReset	16	static
../../Drivers/STM32WL3x_HAL_Driver/Inc/stm32wl3x_ll_system.h:370:26:LL_SYSCFG_GetDeviceID	8	static
../../Drivers/STM32WL3x_HAL_Driver/Inc/stm32wl3x_ll_system.h:381:26:LL_SYSCFG_GetDeviceRevision	8	static
../../Drivers/STM32WL3x_HAL_Driver/Inc/stm32wl3x_ll_system.h:391:26:LL_SYSCFG_GetDeviceVersion	8	static
../../Drivers/STM32WL3x_HAL_Driver/Inc/stm32wl3x_ll_system.h:401:26:LL_SYSCFG_GetDeviceJTAG_ID	8	static
C:/repos/ece480/embedded/VehicleCANGateway_Workspace/Drivers/STM32WL3x_HAL_Driver/Src/stm32wl3x_hal.c:118:19:HAL_Init	16	static
C:/repos/ece480/embedded/VehicleCANGateway_Workspace/Drivers/STM32WL3x_HAL_Driver/Src/stm32wl3x_hal.c:142:19:HAL_DeInit	8	static
C:/repos/ece480/embedded/VehicleCANGateway_Workspace/Drivers/STM32WL3x_HAL_Driver/Src/stm32wl3x_hal.c:168:13:HAL_MspInit	8	static
C:/repos/ece480/embedded/VehicleCANGateway_Workspace/Drivers/STM32WL3x_HAL_Driver/Src/stm32wl3x_hal.c:179:13:HAL_MspDeInit	8	static
C:/repos/ece480/embedded/VehicleCANGateway_Workspace/Drivers/STM32WL3x_HAL_Driver/Src/stm32wl3x_hal.c:202:26:HAL_InitTick	32	static
C:/repos/ece480/embedded/VehicleCANGateway_Workspace/Drivers/STM32WL3x_HAL_Driver/Src/stm32wl3x_hal.c:270:13:HAL_IncTick	8	static
C:/repos/ece480/embedded/VehicleCANGateway_Workspace/Drivers/STM32WL3x_HAL_Driver/Src/stm32wl3x_hal.c:281:17:HAL_GetTick	8	static
C:/repos/ece480/embedded/VehicleCANGateway_Workspace/Drivers/STM32WL3x_HAL_Driver/Src/stm32wl3x_hal.c:290:10:HAL_GetTickPrio	8	static
C:/repos/ece480/embedded/VehicleCANGateway_Workspace/Drivers/STM32WL3x_HAL_Driver/Src/stm32wl3x_hal.c:299:19:HAL_SetTickFreq	32	static
C:/repos/ece480/embedded/VehicleCANGateway_Workspace/Drivers/STM32WL3x_HAL_Driver/Src/stm32wl3x_hal.c:319:21:HAL_GetTickFreq	8	static
C:/repos/ece480/embedded/VehicleCANGateway_Workspace/Drivers/STM32WL3x_HAL_Driver/Src/stm32wl3x_hal.c:335:13:HAL_Delay	24	static
C:/repos/ece480/embedded/VehicleCANGateway_Workspace/Drivers/STM32WL3x_HAL_Driver/Src/stm32wl3x_hal.c:362:13:HAL_SuspendTick	8	static
C:/repos/ece480/embedded/VehicleCANGateway_Workspace/Drivers/STM32WL3x_HAL_Driver/Src/stm32wl3x_hal.c:378:13:HAL_ResumeTick	8	static
C:/repos/ece480/embedded/VehicleCANGateway_Workspace/Drivers/STM32WL3x_HAL_Driver/Src/stm32wl3x_hal.c:388:10:HAL_GetHalVersion	8	static
C:/repos/ece480/embedded/VehicleCANGateway_Workspace/Drivers/STM32WL3x_HAL_Driver/Src/stm32wl3x_hal.c:397:10:HAL_GetREVID	8	static
C:/repos/ece480/embedded/VehicleCANGateway_Workspace/Drivers/STM32WL3x_HAL_Driver/Src/stm32wl3x_hal.c:406:10:HAL_GetVERID	8	static
C:/repos/ece480/embedded/VehicleCANGateway_Workspace/Drivers/STM32WL3x_HAL_Driver/Src/stm32wl3x_hal.c:415:10:HAL_GetDEVID	8	static
C:/repos/ece480/embedded/VehicleCANGateway_Workspace/Drivers/STM32WL3x_HAL_Driver/Src/stm32wl3x_hal.c:424:10:HAL_GetJTAGID	8	static
C:/repos/ece480/embedded/VehicleCANGateway_Workspace/Drivers/STM32WL3x_HAL_Driver/Src/stm32wl3x_hal.c:433:10:HAL_GetUIDw0	8	static
C:/repos/ece480/embedded/VehicleCANGateway_Workspace/Drivers/STM32WL3x_HAL_Driver/Src/stm32wl3x_hal.c:442:10:HAL_GetUIDw1	8	static
C:/repos/ece480/embedded/VehicleCANGateway_Workspace/Drivers/STM32WL3x_HAL_Driver/Src/stm32wl3x_hal.c:471:6:HAL_DBGMCU_EnableDBGStopMode	8	static
C:/repos/ece480/embedded/VehicleCANGateway_Workspace/Drivers/STM32WL3x_HAL_Driver/Src/stm32wl3x_hal.c:480:6:HAL_DBGMCU_DisableDBGStopMode	8	static
C:/repos/ece480/embedded/VehicleCANGateway_Workspace/Drivers/STM32WL3x_HAL_Driver/Src/stm32wl3x_hal.c:489:6:HAL_DBGMCU_EnableDBGSleepMode	8	static
C:/repos/ece480/embedded/VehicleCANGateway_Workspace/Drivers/STM32WL3x_HAL_Driver/Src/stm32wl3x_hal.c:498:6:HAL_DBGMCU_DisableDBGSleepMode	8	static
C:/repos/ece480/embedded/VehicleCANGateway_Workspace/Drivers/STM32WL3x_HAL_Driver/Src/stm32wl3x_hal.c:530:6:HAL_SYSCFG_EnableIOAnalogSwitchControl_PB14	8	static
C:/repos/ece480/embedded/VehicleCANGateway_Workspace/Drivers/STM32WL3x_HAL_Driver/Src/stm32wl3x_hal.c:539:6:HAL_SYSCFG_DisableIOAnalogSwitchControl_PB14	8	static
