../../Drivers/STM32WL3x_HAL_Driver/Inc/stm32wl3x_ll_pwr.h:457:22:LL_PWR_EnableBORinSDN	8	static
../../Drivers/STM32WL3x_HAL_Driver/Inc/stm32wl3x_ll_pwr.h:467:22:LL_PWR_DisableBORinSDN	8	static
../../Drivers/STM32WL3x_HAL_Driver/Inc/stm32wl3x_ll_pwr.h:488:22:LL_PWR_EnableIOWakeupSDN	8	static
../../Drivers/STM32WL3x_HAL_Driver/Inc/stm32wl3x_ll_pwr.h:498:22:LL_PWR_DisableIOWakeupSDN	8	static
../../Drivers/STM32WL3x_HAL_Driver/Inc/stm32wl3x_ll_pwr.h:522:22:LL_PWR_IOWakeupPolaritySDN	16	static
../../Drivers/STM32WL3x_HAL_Driver/Inc/stm32wl3x_ll_pwr.h:690:22:LL_PWR_SetPVDLevel	16	static
../../Drivers/STM32WL3x_HAL_Driver/Inc/stm32wl3x_ll_pwr.h:739:22:LL_PWR_EnableWakeUpPin	16	static
../../Drivers/STM32WL3x_HAL_Driver/Inc/stm32wl3x_ll_pwr.h:777:22:LL_PWR_DisableWakeUpPin	16	static
../../Drivers/STM32WL3x_HAL_Driver/Inc/stm32wl3x_ll_pwr.h:851:22:LL_PWR_SetWakeUpPinPolarityLow	16	static
../../Drivers/STM32WL3x_HAL_Driver/Inc/stm32wl3x_ll_pwr.h:875:22:LL_PWR_SetWakeUpPinPolarityHigh	16	static
../../Drivers/STM32WL3x_HAL_Driver/Inc/stm32wl3x_ll_pwr.h:950:26:LL_PWR_GetWakeupSource	16	static
../../Drivers/STM32WL3x_HAL_Driver/Inc/stm32wl3x_ll_pwr.h:1000:22:LL_PWR_ClearWakeupSource	16	static
../../Drivers/STM32WL3x_HAL_Driver/Inc/stm32wl3x_ll_pwr.h:1154:22:LL_PWR_ClearInternalWakeupSource	16	static
../../Drivers/STM32WL3x_HAL_Driver/Inc/stm32wl3x_ll_pwr.h:2128:22:LL_PWR_EnableGPIORET	8	static
../../Drivers/STM32WL3x_HAL_Driver/Inc/stm32wl3x_ll_rcc.h:694:26:LL_RCC_HSI_IsReady	8	static
../../Drivers/STM32WL3x_HAL_Driver/Inc/stm32wl3x_ll_rcc.h:758:22:LL_RCC_DIRECT_HSE_Disable	8	static
../../Drivers/STM32WL3x_HAL_Driver/Inc/stm32wl3x_ll_rcc.h:770:26:LL_RCC_DIRECT_HSE_IsEnabled	8	static
../../Drivers/STM32WL3x_HAL_Driver/Inc/stm32wl3x_ll_rcc.h:894:22:LL_RCC_LSE_Disable	8	static
../../Drivers/STM32WL3x_HAL_Driver/Inc/stm32wl3x_ll_rcc.h:914:26:LL_RCC_LSE_IsReady	8	static
../../Drivers/STM32WL3x_HAL_Driver/Inc/stm32wl3x_ll_rcc.h:1002:22:LL_RCC_LSI_Disable	8	static
../../Drivers/STM32WL3x_HAL_Driver/Inc/stm32wl3x_ll_rcc.h:1022:26:LL_RCC_LSI_IsReady	8	static
C:/repos/ece480/embedded/VehicleCANGateway_Workspace/Drivers/STM32WL3x_HAL_Driver/Src/stm32wl3x_hal_pwr.c:128:19:HAL_PWR_ConfigPVD	16	static
C:/repos/ece480/embedded/VehicleCANGateway_Workspace/Drivers/STM32WL3x_HAL_Driver/Src/stm32wl3x_hal_pwr.c:153:6:HAL_PWR_EnablePVD	8	static
C:/repos/ece480/embedded/VehicleCANGateway_Workspace/Drivers/STM32WL3x_HAL_Driver/Src/stm32wl3x_hal_pwr.c:163:6:HAL_PWR_DisablePVD	8	static
C:/repos/ece480/embedded/VehicleCANGateway_Workspace/Drivers/STM32WL3x_HAL_Driver/Src/stm32wl3x_hal_pwr.c:173:13:HAL_PWR_PVDCallback	8	static
C:/repos/ece480/embedded/VehicleCANGateway_Workspace/Drivers/STM32WL3x_HAL_Driver/Src/stm32wl3x_hal_pwr.c:195:6:HAL_PWR_EnableWakeUpPin	24	static
C:/repos/ece480/embedded/VehicleCANGateway_Workspace/Drivers/STM32WL3x_HAL_Driver/Src/stm32wl3x_hal_pwr.c:223:6:HAL_PWR_DisableWakeUpPin	16	static
C:/repos/ece480/embedded/VehicleCANGateway_Workspace/Drivers/STM32WL3x_HAL_Driver/Src/stm32wl3x_hal_pwr.c:240:10:HAL_PWR_GetClearWakeupSource	24	static
C:/repos/ece480/embedded/VehicleCANGateway_Workspace/Drivers/STM32WL3x_HAL_Driver/Src/stm32wl3x_hal_pwr.c:261:6:HAL_PWR_EnterSLEEPMode	8	static,ignoring_inline_asm
C:/repos/ece480/embedded/VehicleCANGateway_Workspace/Drivers/STM32WL3x_HAL_Driver/Src/stm32wl3x_hal_pwr.c:277:19:HAL_PWR_ConfigDEEPSTOP	16	static
C:/repos/ece480/embedded/VehicleCANGateway_Workspace/Drivers/STM32WL3x_HAL_Driver/Src/stm32wl3x_hal_pwr.c:318:6:HAL_PWR_EnterDEEPSTOPMode	8	static,ignoring_inline_asm
C:/repos/ece480/embedded/VehicleCANGateway_Workspace/Drivers/STM32WL3x_HAL_Driver/Src/stm32wl3x_hal_pwr.c:405:19:HAL_PWR_ConfigSHUTDOWN	16	static
C:/repos/ece480/embedded/VehicleCANGateway_Workspace/Drivers/STM32WL3x_HAL_Driver/Src/stm32wl3x_hal_pwr.c:453:6:HAL_PWR_EnableSleepOnExit	8	static
C:/repos/ece480/embedded/VehicleCANGateway_Workspace/Drivers/STM32WL3x_HAL_Driver/Src/stm32wl3x_hal_pwr.c:466:6:HAL_PWR_DisableSleepOnExit	8	static
C:/repos/ece480/embedded/VehicleCANGateway_Workspace/Drivers/STM32WL3x_HAL_Driver/Src/stm32wl3x_hal_pwr.c:479:6:HAL_PWR_EnableSEVOnPend	8	static
C:/repos/ece480/embedded/VehicleCANGateway_Workspace/Drivers/STM32WL3x_HAL_Driver/Src/stm32wl3x_hal_pwr.c:491:6:HAL_PWR_DisableSEVOnPend	8	static
C:/repos/ece480/embedded/VehicleCANGateway_Workspace/Drivers/STM32WL3x_HAL_Driver/Src/stm32wl3x_hal_pwr.c:502:6:HAL_PWR_PVD_IRQHandler	8	static
C:/repos/ece480/embedded/VehicleCANGateway_Workspace/Drivers/STM32WL3x_HAL_Driver/Src/stm32wl3x_hal_pwr.c:519:6:HAL_PWR_WKUP_IRQHandler	16	static
C:/repos/ece480/embedded/VehicleCANGateway_Workspace/Drivers/STM32WL3x_HAL_Driver/Src/stm32wl3x_hal_pwr.c:549:13:HAL_PWR_WKUPx_Callback	16	static
