../../Drivers/STM32WL3x_HAL_Driver/Inc/stm32wl3x_ll_pwr.h:1854:22:LL_PWR_SetNoPullB	16	static
../../Drivers/STM32WL3x_HAL_Driver/Inc/stm32wl3x_ll_rcc.h:476:22:LL_RCC_HSE_Enable	8	static
../../Drivers/STM32WL3x_HAL_Driver/Inc/stm32wl3x_ll_rcc.h:486:22:LL_RCC_HSE_Disable	8	static
../../Drivers/STM32WL3x_HAL_Driver/Inc/stm32wl3x_ll_rcc.h:496:26:LL_RCC_HSE_IsEnabled	8	static
../../Drivers/STM32WL3x_HAL_Driver/Inc/stm32wl3x_ll_rcc.h:538:26:LL_RCC_HSE_IsReady	8	static
../../Drivers/STM32WL3x_HAL_Driver/Inc/stm32wl3x_ll_rcc.h:549:22:LL_RCC_HSE_SetCapacitorTuning	16	static
../../Drivers/STM32WL3x_HAL_Driver/Inc/stm32wl3x_ll_rcc.h:576:22:LL_RCC_HSE_SetCurrentControl	16	static
../../Drivers/STM32WL3x_HAL_Driver/Inc/stm32wl3x_ll_rcc.h:623:22:LL_RCC_HSE_SetStartupCurrent	16	static
../../Drivers/STM32WL3x_HAL_Driver/Inc/stm32wl3x_ll_rcc.h:644:22:LL_RCC_HSE_SetAmplitudeThreshold	16	static
../../Drivers/STM32WL3x_HAL_Driver/Inc/stm32wl3x_ll_rcc.h:672:22:LL_RCC_HSI_Enable	8	static
../../Drivers/STM32WL3x_HAL_Driver/Inc/stm32wl3x_ll_rcc.h:683:22:LL_RCC_HSI_Disable	8	static
../../Drivers/STM32WL3x_HAL_Driver/Inc/stm32wl3x_ll_rcc.h:694:26:LL_RCC_HSI_IsReady	8	static
../../Drivers/STM32WL3x_HAL_Driver/Inc/stm32wl3x_ll_rcc.h:742:22:LL_RCC_DIRECT_HSE_Enable	16	static,ignoring_inline_asm
../../Drivers/STM32WL3x_HAL_Driver/Inc/stm32wl3x_ll_rcc.h:758:22:LL_RCC_DIRECT_HSE_Disable	8	static
../../Drivers/STM32WL3x_HAL_Driver/Inc/stm32wl3x_ll_rcc.h:770:26:LL_RCC_DIRECT_HSE_IsEnabled	8	static
../../Drivers/STM32WL3x_HAL_Driver/Inc/stm32wl3x_ll_rcc.h:853:22:LL_RCC_LSCO_SetSource	16	static
../../Drivers/STM32WL3x_HAL_Driver/Inc/stm32wl3x_ll_rcc.h:884:22:LL_RCC_LSE_Enable	8	static
../../Drivers/STM32WL3x_HAL_Driver/Inc/stm32wl3x_ll_rcc.h:894:22:LL_RCC_LSE_Disable	8	static
../../Drivers/STM32WL3x_HAL_Driver/Inc/stm32wl3x_ll_rcc.h:904:26:LL_RCC_LSE_IsEnabled	8	static
../../Drivers/STM32WL3x_HAL_Driver/Inc/stm32wl3x_ll_rcc.h:914:26:LL_RCC_LSE_IsReady	8	static
../../Drivers/STM32WL3x_HAL_Driver/Inc/stm32wl3x_ll_rcc.h:924:22:LL_RCC_LSE_EnableBypass	8	static
../../Drivers/STM32WL3x_HAL_Driver/Inc/stm32wl3x_ll_rcc.h:934:22:LL_RCC_LSE_DisableBypass	8	static
../../Drivers/STM32WL3x_HAL_Driver/Inc/stm32wl3x_ll_rcc.h:944:26:LL_RCC_LSE_IsBypassEnabled	8	static
../../Drivers/STM32WL3x_HAL_Driver/Inc/stm32wl3x_ll_rcc.h:960:22:LL_RCC_LSE_SetDriveCapability	16	static
../../Drivers/STM32WL3x_HAL_Driver/Inc/stm32wl3x_ll_rcc.h:992:22:LL_RCC_LSI_Enable	8	static
../../Drivers/STM32WL3x_HAL_Driver/Inc/stm32wl3x_ll_rcc.h:1002:22:LL_RCC_LSI_Disable	8	static
../../Drivers/STM32WL3x_HAL_Driver/Inc/stm32wl3x_ll_rcc.h:1012:26:LL_RCC_LSI_IsEnabled	8	static
../../Drivers/STM32WL3x_HAL_Driver/Inc/stm32wl3x_ll_rcc.h:1022:26:LL_RCC_LSI_IsReady	8	static
../../Drivers/STM32WL3x_HAL_Driver/Inc/stm32wl3x_ll_rcc.h:1345:22:LL_RCC_ConfigMCO	16	static
../../Drivers/STM32WL3x_HAL_Driver/Inc/stm32wl3x_ll_rcc.h:1521:22:LL_RCC_RC64MPLL_Enable	8	static
../../Drivers/STM32WL3x_HAL_Driver/Inc/stm32wl3x_ll_rcc.h:1532:22:LL_RCC_RC64MPLL_Disable	8	static
../../Drivers/STM32WL3x_HAL_Driver/Inc/stm32wl3x_ll_rcc.h:1542:26:LL_RCC_RC64MPLL_IsReady	8	static
../../Drivers/STM32WL3x_HAL_Driver/Inc/stm32wl3x_ll_rcc.h:1560:22:LL_RCC_SetRC64MPLLPrescaler	16	static
../../Drivers/STM32WL3x_HAL_Driver/Inc/stm32wl3x_ll_rcc.h:1601:26:LL_RCC_GetCLKSYSPrescalerStatus	8	static
../../Drivers/STM32WL3x_HAL_Driver/Inc/stm32wl3x_ll_rcc.h:1934:22:LL_RCC_ClearResetFlags	8	static
../../Drivers/STM32WL3x_HAL_Driver/Inc/stm32wl3x_ll_bus.h:220:22:LL_AHB1_GRP1_EnableClock	24	static
C:/repos/ece480/embedded/VehicleCANGateway_Workspace/Drivers/STM32WL3x_HAL_Driver/Src/stm32wl3x_hal_rcc.c:183:19:HAL_RCC_DeInit	16	static
C:/repos/ece480/embedded/VehicleCANGateway_Workspace/Drivers/STM32WL3x_HAL_Driver/Src/stm32wl3x_hal_rcc.c:265:19:HAL_RCC_OscConfig	24	static
C:/repos/ece480/embedded/VehicleCANGateway_Workspace/Drivers/STM32WL3x_HAL_Driver/Src/stm32wl3x_hal_rcc.c:546:19:HAL_RCC_ClockConfig	24	static
C:/repos/ece480/embedded/VehicleCANGateway_Workspace/Drivers/STM32WL3x_HAL_Driver/Src/stm32wl3x_hal_rcc.c:721:6:HAL_RCC_MCOConfig	56	static
C:/repos/ece480/embedded/VehicleCANGateway_Workspace/Drivers/STM32WL3x_HAL_Driver/Src/stm32wl3x_hal_rcc.c:781:10:HAL_RCC_GetSysClockFreq	8	static
C:/repos/ece480/embedded/VehicleCANGateway_Workspace/Drivers/STM32WL3x_HAL_Driver/Src/stm32wl3x_hal_rcc.c:793:6:HAL_RCC_GetOscConfig	16	static
C:/repos/ece480/embedded/VehicleCANGateway_Workspace/Drivers/STM32WL3x_HAL_Driver/Src/stm32wl3x_hal_rcc.c:854:6:HAL_RCC_GetClockConfig	16	static
