../../Drivers/STM32WL3x_HAL_Driver/Inc/stm32wl3x_ll_pwr.h:566:22:LL_PWR_SetPowerMode	16	static
../../Drivers/STM32WL3x_HAL_Driver/Inc/stm32wl3x_ll_pwr.h:1000:22:LL_PWR_ClearWakeupSource	16	static
../../Drivers/STM32WL3x_HAL_Driver/Inc/stm32wl3x_ll_pwr.h:1027:22:LL_PWR_EnableInternWU	16	static
../../Drivers/STM32WL3x_HAL_Driver/Inc/stm32wl3x_ll_pwr.h:1047:22:LL_PWR_DisableInternWU	16	static
../../Drivers/STM32WL3x_HAL_Driver/Inc/stm32wl3x_ll_pwr.h:1089:22:LL_PWR_SetWakeupInternalPolarity	16	static
../../Drivers/STM32WL3x_HAL_Driver/Inc/stm32wl3x_ll_pwr.h:1135:26:LL_PWR_GetInternalWakeupSource	8	static
../../Drivers/STM32WL3x_HAL_Driver/Inc/stm32wl3x_ll_pwr.h:1154:22:LL_PWR_ClearInternalWakeupSource	16	static
../../Drivers/STM32WL3x_HAL_Driver/Inc/stm32wl3x_ll_pwr.h:1307:26:LL_PWR_IsSMPSinRUNMode	8	static
../../Drivers/STM32WL3x_HAL_Driver/Inc/stm32wl3x_ll_pwr.h:1362:22:LL_PWR_SetSMPSMode	16	static
../../Drivers/STM32WL3x_HAL_Driver/Inc/stm32wl3x_ll_pwr.h:1374:26:LL_PWR_GetSMPSMode	8	static
../../Drivers/STM32WL3x_HAL_Driver/Inc/stm32wl3x_ll_pwr.h:1387:23:LL_PWR_SetSMPSPrechargeMode	16	static
../../Drivers/STM32WL3x_HAL_Driver/Inc/stm32wl3x_ll_pwr.h:1397:26:LL_PWR_IsEnabledSMPSPrechargeMode	8	static
C:/repos/ece480/embedded/VehicleCANGateway_Workspace/Drivers/STM32WL3x_HAL_Driver/Src/stm32wl3x_hal_pwr_ex.c:56:19:HAL_PWREx_EnableGPIOPullUp	24	static
C:/repos/ece480/embedded/VehicleCANGateway_Workspace/Drivers/STM32WL3x_HAL_Driver/Src/stm32wl3x_hal_pwr_ex.c:92:19:HAL_PWREx_DisableGPIOPullUp	24	static
C:/repos/ece480/embedded/VehicleCANGateway_Workspace/Drivers/STM32WL3x_HAL_Driver/Src/stm32wl3x_hal_pwr_ex.c:137:19:HAL_PWREx_EnableGPIOPullDown	24	static
C:/repos/ece480/embedded/VehicleCANGateway_Workspace/Drivers/STM32WL3x_HAL_Driver/Src/stm32wl3x_hal_pwr_ex.c:178:19:HAL_PWREx_DisableGPIOPullDown	24	static
C:/repos/ece480/embedded/VehicleCANGateway_Workspace/Drivers/STM32WL3x_HAL_Driver/Src/stm32wl3x_hal_pwr_ex.c:211:6:HAL_PWREx_EnablePullUpPullDownConfig	8	static
C:/repos/ece480/embedded/VehicleCANGateway_Workspace/Drivers/STM32WL3x_HAL_Driver/Src/stm32wl3x_hal_pwr_ex.c:222:6:HAL_PWREx_DisablePullUpPullDownConfig	8	static
C:/repos/ece480/embedded/VehicleCANGateway_Workspace/Drivers/STM32WL3x_HAL_Driver/Src/stm32wl3x_hal_pwr_ex.c:247:6:HAL_PWREx_EnableInternalWakeUpLine	16	static
C:/repos/ece480/embedded/VehicleCANGateway_Workspace/Drivers/STM32WL3x_HAL_Driver/Src/stm32wl3x_hal_pwr_ex.c:265:10:HAL_PWREx_GetClearInternalWakeUpLine	16	static
C:/repos/ece480/embedded/VehicleCANGateway_Workspace/Drivers/STM32WL3x_HAL_Driver/Src/stm32wl3x_hal_pwr_ex.c:292:6:HAL_PWREx_DisableInternalWakeUpLine	16	static
C:/repos/ece480/embedded/VehicleCANGateway_Workspace/Drivers/STM32WL3x_HAL_Driver/Src/stm32wl3x_hal_pwr_ex.c:310:6:HAL_PWREx_EnterSHUTDOWNMode	8	static,ignoring_inline_asm
C:/repos/ece480/embedded/VehicleCANGateway_Workspace/Drivers/STM32WL3x_HAL_Driver/Src/stm32wl3x_hal_pwr_ex.c:338:6:HAL_PWREx_EnableDEEPSTOP2	8	static
C:/repos/ece480/embedded/VehicleCANGateway_Workspace/Drivers/STM32WL3x_HAL_Driver/Src/stm32wl3x_hal_pwr_ex.c:348:6:HAL_PWREx_DisableDEEPSTOP2	8	static
C:/repos/ece480/embedded/VehicleCANGateway_Workspace/Drivers/STM32WL3x_HAL_Driver/Src/stm32wl3x_hal_pwr_ex.c:364:19:HAL_PWREx_ConfigSMPS	16	static
C:/repos/ece480/embedded/VehicleCANGateway_Workspace/Drivers/STM32WL3x_HAL_Driver/Src/stm32wl3x_hal_pwr_ex.c:385:6:HAL_PWREx_SMPS_SetMode	16	static
C:/repos/ece480/embedded/VehicleCANGateway_Workspace/Drivers/STM32WL3x_HAL_Driver/Src/stm32wl3x_hal_pwr_ex.c:422:10:HAL_PWREx_SMPS_GetMode	16	static
C:/repos/ece480/embedded/VehicleCANGateway_Workspace/Drivers/STM32WL3x_HAL_Driver/Src/stm32wl3x_hal_pwr_ex.c:444:6:HAL_PWREx_EnableSRAMRetention	8	static
C:/repos/ece480/embedded/VehicleCANGateway_Workspace/Drivers/STM32WL3x_HAL_Driver/Src/stm32wl3x_hal_pwr_ex.c:456:6:HAL_PWREx_DisableSRAMRetention	8	static
C:/repos/ece480/embedded/VehicleCANGateway_Workspace/Drivers/STM32WL3x_HAL_Driver/Src/stm32wl3x_hal_pwr_ex.c:468:6:HAL_PWREx_EnableGPIORetention	8	static
C:/repos/ece480/embedded/VehicleCANGateway_Workspace/Drivers/STM32WL3x_HAL_Driver/Src/stm32wl3x_hal_pwr_ex.c:478:6:HAL_PWREx_DisableGPIORetention	8	static
C:/repos/ece480/embedded/VehicleCANGateway_Workspace/Drivers/STM32WL3x_HAL_Driver/Src/stm32wl3x_hal_pwr_ex.c:489:6:HAL_PWREx_EnableDBGRetention	8	static
C:/repos/ece480/embedded/VehicleCANGateway_Workspace/Drivers/STM32WL3x_HAL_Driver/Src/stm32wl3x_hal_pwr_ex.c:499:6:HAL_PWREx_DisableDBGRetention	8	static
