Archive member included to satisfy reference by file (symbol)

C:/ST/STM32CubeIDE_2.1.0/STM32CubeIDE/plugins/com.st.stm32cube.ide.mcu.externaltools.gnu-tools-for-stm32.14.3.rel1.win32_1.0.100.202602081740/tools/bin/../lib/gcc/arm-none-eabi/14.3.1/../../../../arm-none-eabi/lib/thumb/v6-m/nofp\libc_nano.a(libc_a-exit.o)
                              C:/ST/STM32CubeIDE_2.1.0/STM32CubeIDE/plugins/com.st.stm32cube.ide.mcu.externaltools.gnu-tools-for-stm32.14.3.rel1.win32_1.0.100.202602081740/tools/bin/../lib/gcc/arm-none-eabi/14.3.1/../../../../arm-none-eabi/lib/thumb/v6-m/nofp/crt0.o (exit)
C:/ST/STM32CubeIDE_2.1.0/STM32CubeIDE/plugins/com.st.stm32cube.ide.mcu.externaltools.gnu-tools-for-stm32.14.3.rel1.win32_1.0.100.202602081740/tools/bin/../lib/gcc/arm-none-eabi/14.3.1/../../../../arm-none-eabi/lib/thumb/v6-m/nofp\libc_nano.a(libc_a-findfp.o)
                              C:/ST/STM32CubeIDE_2.1.0/STM32CubeIDE/plugins/com.st.stm32cube.ide.mcu.externaltools.gnu-tools-for-stm32.14.3.rel1.win32_1.0.100.202602081740/tools/bin/../lib/gcc/arm-none-eabi/14.3.1/../../../../arm-none-eabi/lib/thumb/v6-m/nofp\libc_nano.a(libc_a-exit.o) (__stdio_exit_handler)
C:/ST/STM32CubeIDE_2.1.0/STM32CubeIDE/plugins/com.st.stm32cube.ide.mcu.externaltools.gnu-tools-for-stm32.14.3.rel1.win32_1.0.100.202602081740/tools/bin/../lib/gcc/arm-none-eabi/14.3.1/../../../../arm-none-eabi/lib/thumb/v6-m/nofp\libc_nano.a(libc_a-fwalk.o)
                              C:/ST/STM32CubeIDE_2.1.0/STM32CubeIDE/plugins/com.st.stm32cube.ide.mcu.externaltools.gnu-tools-for-stm32.14.3.rel1.win32_1.0.100.202602081740/tools/bin/../lib/gcc/arm-none-eabi/14.3.1/../../../../arm-none-eabi/lib/thumb/v6-m/nofp\libc_nano.a(libc_a-findfp.o) (_fwalk_sglue)
C:/ST/STM32CubeIDE_2.1.0/STM32CubeIDE/plugins/com.st.stm32cube.ide.mcu.externaltools.gnu-tools-for-stm32.14.3.rel1.win32_1.0.100.202602081740/tools/bin/../lib/gcc/arm-none-eabi/14.3.1/../../../../arm-none-eabi/lib/thumb/v6-m/nofp\libc_nano.a(libc_a-stdio.o)
                              C:/ST/STM32CubeIDE_2.1.0/STM32CubeIDE/plugins/com.st.stm32cube.ide.mcu.externaltools.gnu-tools-for-stm32.14.3.rel1.win32_1.0.100.202602081740/tools/bin/../lib/gcc/arm-none-eabi/14.3.1/../../../../arm-none-eabi/lib/thumb/v6-m/nofp\libc_nano.a(libc_a-findfp.o) (__sread)
C:/ST/STM32CubeIDE_2.1.0/STM32CubeIDE/plugins/com.st.stm32cube.ide.mcu.externaltools.gnu-tools-for-stm32.14.3.rel1.win32_1.0.100.202602081740/tools/bin/../lib/gcc/arm-none-eabi/14.3.1/../../../../arm-none-eabi/lib/thumb/v6-m/nofp\libc_nano.a(libc_a-memset.o)
                              C:/ST/STM32CubeIDE_2.1.0/STM32CubeIDE/plugins/com.st.stm32cube.ide.mcu.externaltools.gnu-tools-for-stm32.14.3.rel1.win32_1.0.100.202602081740/tools/bin/../lib/gcc/arm-none-eabi/14.3.1/../../../../arm-none-eabi/lib/thumb/v6-m/nofp/crt0.o (memset)
C:/ST/STM32CubeIDE_2.1.0/STM32CubeIDE/plugins/com.st.stm32cube.ide.mcu.externaltools.gnu-tools-for-stm32.14.3.rel1.win32_1.0.100.202602081740/tools/bin/../lib/gcc/arm-none-eabi/14.3.1/../../../../arm-none-eabi/lib/thumb/v6-m/nofp\libc_nano.a(libc_a-closer.o)
                              C:/ST/STM32CubeIDE_2.1.0/STM32CubeIDE/plugins/com.st.stm32cube.ide.mcu.externaltools.gnu-tools-for-stm32.14.3.rel1.win32_1.0.100.202602081740/tools/bin/../lib/gcc/arm-none-eabi/14.3.1/../../../../arm-none-eabi/lib/thumb/v6-m/nofp\libc_nano.a(libc_a-stdio.o) (_close_r)
C:/ST/STM32CubeIDE_2.1.0/STM32CubeIDE/plugins/com.st.stm32cube.ide.mcu.externaltools.gnu-tools-for-stm32.14.3.rel1.win32_1.0.100.202602081740/tools/bin/../lib/gcc/arm-none-eabi/14.3.1/../../../../arm-none-eabi/lib/thumb/v6-m/nofp\libc_nano.a(libc_a-reent.o)
                              C:/ST/STM32CubeIDE_2.1.0/STM32CubeIDE/plugins/com.st.stm32cube.ide.mcu.externaltools.gnu-tools-for-stm32.14.3.rel1.win32_1.0.100.202602081740/tools/bin/../lib/gcc/arm-none-eabi/14.3.1/../../../../arm-none-eabi/lib/thumb/v6-m/nofp\libc_nano.a(libc_a-closer.o) (errno)
C:/ST/STM32CubeIDE_2.1.0/STM32CubeIDE/plugins/com.st.stm32cube.ide.mcu.externaltools.gnu-tools-for-stm32.14.3.rel1.win32_1.0.100.202602081740/tools/bin/../lib/gcc/arm-none-eabi/14.3.1/../../../../arm-none-eabi/lib/thumb/v6-m/nofp\libc_nano.a(libc_a-impure.o)
                              C:/ST/STM32CubeIDE_2.1.0/STM32CubeIDE/plugins/com.st.stm32cube.ide.mcu.externaltools.gnu-tools-for-stm32.14.3.rel1.win32_1.0.100.202602081740/tools/bin/../lib/gcc/arm-none-eabi/14.3.1/../../../../arm-none-eabi/lib/thumb/v6-m/nofp\libc_nano.a(libc_a-reent.o) (_impure_ptr)
C:/ST/STM32CubeIDE_2.1.0/STM32CubeIDE/plugins/com.st.stm32cube.ide.mcu.externaltools.gnu-tools-for-stm32.14.3.rel1.win32_1.0.100.202602081740/tools/bin/../lib/gcc/arm-none-eabi/14.3.1/../../../../arm-none-eabi/lib/thumb/v6-m/nofp\libc_nano.a(libc_a-lseekr.o)
[...]
Memory Configuration

Name             Origin             Length             Attributes
RAM              0x20000000         0x00008000         xrw
REGION_FLASH_BOOTLOADER 0x10040000         0x00000000         xr
FLASH            0x10040000         0x00040000         xr
REGION_ROM       0x10000000         0x00001800         xr
*default*        0x00000000         0xffffffff

Linker script and memory map

LOAD C:/ST/STM32CubeIDE_2.1.0/STM32CubeIDE/plugins/com.st.stm32cube.ide.mcu.externaltools.gnu-tools-for-stm32.14.3.rel1.win32_1.0.100.202602081740/tools/bin/../lib/gcc/arm-none-eabi/14.3.1/thumb/v6-m/nofp/crti.o
LOAD C:/ST/STM32CubeIDE_2.1.0/STM32CubeIDE/plugins/com.st.stm32cube.ide.mcu.externaltools.gnu-tools-for-stm32.14.3.rel1.win32_1.0.100.202602081740/tools/bin/../lib/gcc/arm-none-eabi/14.3.1/thumb/v6-m/nofp/crtbegin.o
LOAD C:/ST/STM32CubeIDE_2.1.0/STM32CubeIDE/plugins/com.st.stm32cube.ide.mcu.externaltools.gnu-tools-for-stm32.14.3.rel1.win32_1.0.100.202602081740/tools/bin/../lib/gcc/arm-none-eabi/14.3.1/../../../../arm-none-eabi/lib/thumb/v6-m/nofp/crt0.o
LOAD ./Application/User/Core/main.o
LOAD ./Application/User/Core/stm32wl3x_hal_msp.o
LOAD ./Application/User/Core/stm32wl3x_it.o
LOAD ./Application/User/Core/syscalls.o
LOAD ./Application/User/Core/sysmem.o
LOAD ./Application/User/Startup/startup_stm32wl33kcvx.o
LOAD ./Drivers/CMSIS/system_stm32wl3x.o
LOAD ./Drivers/STM32WL3x_HAL_Driver/stm32wl3x_hal.o
LOAD ./Drivers/STM32WL3x_HAL_Driver/stm32wl3x_hal_adc.o
LOAD ./Drivers/STM32WL3x_HAL_Driver/stm32wl3x_hal_cortex.o
LOAD ./Drivers/STM32WL3x_HAL_Driver/stm32wl3x_hal_dma.o
LOAD ./Drivers/STM32WL3x_HAL_Driver/stm32wl3x_hal_flash.o
LOAD ./Drivers/STM32WL3x_HAL_Driver/stm32wl3x_hal_flash_ex.o
LOAD ./Drivers/STM32WL3x_HAL_Driver/stm32wl3x_hal_gpio.o
LOAD ./Drivers/STM32WL3x_HAL_Driver/stm32wl3x_hal_mrsubg.o
LOAD ./Drivers/STM32WL3x_HAL_Driver/stm32wl3x_hal_pwr.o
LOAD ./Drivers/STM32WL3x_HAL_Driver/stm32wl3x_hal_pwr_ex.o
LOAD ./Drivers/STM32WL3x_HAL_Driver/stm32wl3x_hal_rcc.o
LOAD ./Drivers/STM32WL3x_HAL_Driver/stm32wl3x_hal_rcc_ex.o
LOAD ./Drivers/STM32WL3x_HAL_Driver/stm32wl3x_hal_spi.o
LOAD ./Drivers/STM32WL3x_HAL_Driver/stm32wl3x_hal_spi_ex.o
LOAD ./Drivers/STM32WL3x_HAL_Driver/stm32wl3x_hal_tim.o
LOAD ./Drivers/STM32WL3x_HAL_Driver/stm32wl3x_hal_tim_ex.o
LOAD ./Drivers/STM32WL3x_HAL_Driver/stm32wl3x_hal_uart.o
LOAD ./Drivers/STM32WL3x_HAL_Driver/stm32wl3x_hal_uart_ex.o
LOAD ./Drivers/STM32WL3x_HAL_Driver/stm32wl3x_ll_utils.o
START GROUP
LOAD C:/ST/STM32CubeIDE_2.1.0/STM32CubeIDE/plugins/com.st.stm32cube.ide.mcu.externaltools.gnu-tools-for-stm32.14.3.rel1.win32_1.0.100.202602081740/tools/bin/../lib/gcc/arm-none-eabi/14.3.1/../../../../arm-none-eabi/lib/thumb/v6-m/nofp\libc_nano.a
LOAD C:/ST/STM32CubeIDE_2.1.0/STM32CubeIDE/plugins/com.st.stm32cube.ide.mcu.externaltools.gnu-tools-for-stm32.14.3.rel1.win32_1.0.100.202602081740/tools/bin/../lib/gcc/arm-none-eabi/14.3.1/../../../../arm-none-eabi/lib/thumb/v6-m/nofp\libm.a
END GROUP
START GROUP
LOAD C:/ST/STM32CubeIDE_2.1.0/STM32CubeIDE/plugins/com.st.stm32cube.ide.mcu.externaltools.gnu-tools-for-stm32.14.3.rel1.win32_1.0.100.202602081740/tools/bin/../lib/gcc/arm-none-eabi/14.3.1/thumb/v6-m/nofp\libgcc.a
LOAD C:/ST/STM32CubeIDE_2.1.0/STM32CubeIDE/plugins/com.st.stm32cube.ide.mcu.externaltools.gnu-tools-for-stm32.14.3.rel1.win32_1.0.100.202602081740/tools/bin/../lib/gcc/arm-none-eabi/14.3.1/../../../../arm-none-eabi/lib/thumb/v6-m/nofp\libc_nano.a
END GROUP
START GROUP
LOAD C:/ST/STM32CubeIDE_2.1.0/STM32CubeIDE/plugins/com.st.stm32cube.ide.mcu.externaltools.gnu-tools-for-stm32.14.3.rel1.win32_1.0.100.202602081740/tools/bin/../lib/gcc/arm-none-eabi/14.3.1/thumb/v6-m/nofp\libgcc.a
LOAD C:/ST/STM32CubeIDE_2.1.0/STM32CubeIDE/plugins/com.st.stm32cube.ide.mcu.externaltools.gnu-tools-for-stm32.14.3.rel1.win32_1.0.100.202602081740/tools/bin/../lib/gcc/arm-none-eabi/14.3.1/../../../../arm-none-eabi/lib/thumb/v6-m/nofp\libc_nano.a
LOAD C:/ST/STM32CubeIDE_2.1.0/STM32CubeIDE/plugins/com.st.stm32cube.ide.mcu.externaltools.gnu-tools-for-stm32.14.3.rel1.win32_1.0.100.202602081740/tools/bin/../lib/gcc/arm-none-eabi/14.3.1/../../../../arm-none-eabi/lib/thumb/v6-m/nofp\libnosys.a
END GROUP
START GROUP
LOAD C:/ST/STM32CubeIDE_2.1.0/STM32CubeIDE/plugins/com.st.stm32cube.ide.mcu.externaltools.gnu-tools-for-stm32.14.3.rel1.win32_1.0.100.202602081740/tools/bin/../lib/gcc/arm-none-eabi/14.3.1/thumb/v6-m/nofp\libgcc.a
LOAD C:/ST/STM32CubeIDE_2.1.0/STM32CubeIDE/plugins/com.st.stm32cube.ide.mcu.externaltools.gnu-tools-for-stm32.14.3.rel1.win32_1.0.100.202602081740/tools/bin/../lib/gcc/arm-none-eabi/14.3.1/../../../../arm-none-eabi/lib/thumb/v6-m/nofp\libc_nano.a
LOAD C:/ST/STM32CubeIDE_2.1.0/STM32CubeIDE/plugins/com.st.stm32cube.ide.mcu.externaltools.gnu-tools-for-stm32.14.3.rel1.win32_1.0.100.202602081740/tools/bin/../lib/gcc/arm-none-eabi/14.3.1/../../../../arm-none-eabi/lib/thumb/v6-m/nofp\libnosys.a
END GROUP
LOAD C:/ST/STM32CubeIDE_2.1.0/STM32CubeIDE/plugins/com.st.stm32cube.ide.mcu.externaltools.gnu-tools-for-stm32.14.3.rel1.win32_1.0.100.202602081740/tools/bin/../lib/gcc/arm-none-eabi/14.3.1/thumb/v6-m/nofp/crtend.o
LOAD C:/ST/STM32CubeIDE_2.1.0/STM32CubeIDE/plugins/com.st.stm32cube.ide.mcu.externaltools.gnu-tools-for-stm32.14.3.rel1.win32_1.0.100.202602081740/tools/bin/../lib/gcc/arm-none-eabi/14.3.1/thumb/v6-m/nofp/crtn.o
                0x20000000                        _MEMORY_RAM_BEGIN_ = 0x20000000
                0x00008000                        _MEMORY_RAM_SIZE_ = 0x8000
                0x20007fff                        _MEMORY_RAM_END_ = 0x20007fff
                0x10040000                        _MEMORY_FLASH_BEGIN_ = 0x10040000
                0x00040000                        _MEMORY_FLASH_SIZE_ = 0x40000
                0x1007ffff                        _MEMORY_FLASH_END_ = 0x1007ffff
                0x10000000                        _MEMORY_ROM_BEGIN_ = 0x10000000
                0x00001800                        _MEMORY_ROM_SIZE_ = 0x1800
                0x100017ff                        _MEMORY_ROM_END_ = 0x100017ff
                0x00000000                        MEMORY_FLASH_APP_OFFSET = DEFINED (MEMORY_FLASH_APP_OFFSET)?MEMORY_FLASH_APP_OFFSET:0x0
                0x00040000                        MEMORY_FLASH_APP_SIZE = DEFINED (MEMORY_FLASH_APP_SIZE)?MEMORY_FLASH_APP_SIZE:(_MEMORY_FLASH_SIZE_ - MEMORY_FLASH_APP_OFFSET)
                0x00000800                        RESET_MANAGER_SIZE = DEFINED (RESET_MANAGER_SIZE)?RESET_MANAGER_SIZE:0x800
                0x00000000                        _Min_Heap_Size = 0x0
                0x00000c00                        _Min_Stack_Size = 0xc00

.intvec         0x10040000       0xc0
                0x10040000                        . = ALIGN (0x4)
 *(.intvec)
 .intvec        0x10040000       0xc0 ./Application/User/Startup/startup_stm32wl33kcvx.o
                0x10040000                __vector_table
                0x100400c0                        . = ALIGN (0x4)

.text           0x100400c0     0x6ab4
                0x100400c0                        . = ALIGN (0x4)
 *(.cmd_call_table)
 *(.text)
 .text          0x100400c0      0x114 C:/ST/STM32CubeIDE_2.1.0/STM32CubeIDE/plugins/com.st.stm32cube.ide.mcu.externaltools.gnu-tools-for-stm32.14.3.rel1.win32_1.0.100.202602081740/tools/bin/../lib/gcc/arm-none-eabi/14.3.1/thumb/v6-m/nofp\libgcc.a(_udivsi3.o)
                0x100400c0                __aeabi_uidiv
                0x100400c0                __udivsi3
                0x100401cc                __aeabi_uidivmod
 .text          0x100401d4      0x1d4 C:/ST/STM32CubeIDE_2.1.0/STM32CubeIDE/plugins/com.st.stm32cube.ide.mcu.externaltools.gnu-tools-for-stm32.14.3.rel1.win32_1.0.100.202602081740/tools/bin/../lib/gcc/arm-none-eabi/14.3.1/thumb/v6-m/nofp\libgcc.a(_divsi3.o)
                0x100401d4                __divsi3
                0x100401d4                __aeabi_idiv
                0x100403a0                __aeabi_idivmod
 .text          0x100403a8        0x4 C:/ST/STM32CubeIDE_2.1.0/STM32CubeIDE/plugins/com.st.stm32cube.ide.mcu.externaltools.gnu-tools-for-stm32.14.3.rel1.win32_1.0.100.202602081740/tools/bin/../lib/gcc/arm-none-eabi/14.3.1/thumb/v6-m/nofp\libgcc.a(_dvmd_tls.o)
                0x100403a8                __aeabi_idiv0
                0x100403a8                __aeabi_ldiv0
 .text          0x100403ac       0x40 C:/ST/STM32CubeIDE_2.1.0/STM32CubeIDE/plugins/com.st.stm32cube.ide.mcu.externaltools.gnu-tools-for-stm32.14.3.rel1.win32_1.0.100.202602081740/tools/bin/../lib/gcc/arm-none-eabi/14.3.1/thumb/v6-m/nofp\libgcc.a(_aeabi_uldivmod.o)
                0x100403ac                __aeabi_uldivmod
 .text          0x100403ec       0x5c C:/ST/STM32CubeIDE_2.1.0/STM32CubeIDE/plugins/com.st.stm32cube.ide.mcu.externaltools.gnu-tools-for-stm32.14.3.rel1.win32_1.0.100.202602081740/tools/bin/../lib/gcc/arm-none-eabi/14.3.1/thumb/v6-m/nofp\libgcc.a(_muldi3.o)
                0x100403ec                __muldi3
                0x100403ec                __aeabi_lmul
 .text          0x10040448      0x198 C:/ST/STM32CubeIDE_2.1.0/STM32CubeIDE/plugins/com.st.stm32cube.ide.mcu.externaltools.gnu-tools-for-stm32.14.3.rel1.win32_1.0.100.202602081740/tools/bin/../lib/gcc/arm-none-eabi/14.3.1/thumb/v6-m/nofp\libgcc.a(_udivmoddi4.o)
                0x10040448                __udivmoddi4
 .text          0x100405e0       0x18 C:/ST/STM32CubeIDE_2.1.0/STM32CubeIDE/plugins/com.st.stm32cube.ide.mcu.externaltools.gnu-tools-for-stm32.14.3.rel1.win32_1.0.100.202602081740/tools/bin/../lib/gcc/arm-none-eabi/14.3.1/thumb/v6-m/nofp\libgcc.a(_clzdi2.o)
                0x100405e0                __clzdi2
 .text          0x100405f8       0x3c C:/ST/STM32CubeIDE_2.1.0/STM32CubeIDE/plugins/com.st.stm32cube.ide.mcu.externaltools.gnu-tools-for-stm32.14.3.rel1.win32_1.0.100.202602081740/tools/bin/../lib/gcc/arm-none-eabi/14.3.1/thumb/v6-m/nofp\libgcc.a(_clzsi2.o)
                0x100405f8                __clzsi2
 *(.text*)
 .text.LL_AHB1_GRP1_EnableClock
                0x10040634       0x2c ./Application/User/Core/main.o
 .text.Timer_HasElapsed
                0x10040660       0x34 ./Application/User/Core/main.o
                0x10040660                Timer_HasElapsed
 .text.ADXL372_WriteReg
                0x10040694       0x6c ./Application/User/Core/main.o
                0x10040694                ADXL372_WriteReg
 .text.ADXL372_Init
                0x10040700       0x52 ./Application/User/Core/main.o
                0x10040700                ADXL372_Init
 *fill*         0x10040752        0x2 
 .text.Sample_ADXL372
                0x10040754       0xc4 ./Application/User/Core/main.o
                0x10040754                Sample_ADXL372
 .text.ADC_to_Voltage
                0x10040818       0x30 ./Application/User/Core/main.o
                0x10040818                ADC_to_Voltage
 .text.Sample_ADCs
                0x10040848       0x64 ./Application/User/Core/main.o
                0x10040848                Sample_ADCs
 .text.RS485_Write_Message
                0x100408ac       0xdc ./Application/User/Core/main.o
                0x100408ac                RS485_Write_Message
 .text.Send_RS485_Message_A0
                0x10040988       0x48 ./Application/User/Core/main.o
                0x10040988                Send_RS485_Message_A0
 .text.RS485_Send
                0x100409d0       0x20 ./Application/User/Core/main.o
                0x100409d0                RS485_Send
 .text.main     0x100409f0       0xa8 ./Application/User/Core/main.o
                0x100409f0                main
 .text.SystemClock_Config
                0x10040a98       0x66 ./Application/User/Core/main.o
                0x10040a98                SystemClock_Config
 .text.PeriphCommonClock_Config
                0x10040afe       0x3e ./Application/User/Core/main.o
                0x10040afe                PeriphCommonClock_Config
 .text.MX_USART1_UART_Init
                0x10040b3c       0x9c ./Application/User/Core/main.o
 .text.USART1_IRQHandler
                0x10040bd8       0x18 ./Application/User/Core/main.o
                0x10040bd8                USART1_IRQHandler
 .text.MX_MRSUBG_Init
                0x10040bf0       0x88 ./Application/User/Core/main.o
 .text.MX_SPI3_Init
                0x10040c78       0x70 ./Application/User/Core/main.o
 .text.MX_ADC1_Init
                0x10040ce8       0xbc ./Application/User/Core/main.o
 .text.MX_GPIO_Init
                0x10040da4      0x128 ./Application/User/Core/main.o
 .text.Error_Handler
                0x10040ecc        0xc ./Application/User/Core/main.o
                0x10040ecc                Error_Handler
 .text.LL_AHB1_GRP1_EnableClock
                0x10040ed8       0x2c ./Application/User/Core/stm32wl3x_hal_msp.o
 .text.LL_APB0_GRP1_EnableClock
                0x10040f04       0x2c ./Application/User/Core/stm32wl3x_hal_msp.o
 .text.LL_APB1_GRP1_EnableClock
                0x10040f30       0x2c ./Application/User/Core/stm32wl3x_hal_msp.o
 .text.LL_APB2_GRP1_EnableClock
                0x10040f5c       0x2c ./Application/User/Core/stm32wl3x_hal_msp.o
 .text.LL_APB2_GRP1_IsEnabledClock
                0x10040f88       0x28 ./Application/User/Core/stm32wl3x_hal_msp.o
 .text.LL_APB2_GRP1_ForceReset
                0x10040fb0       0x20 ./Application/User/Core/stm32wl3x_hal_msp.o
 .text.LL_APB2_GRP1_ReleaseReset
                0x10040fd0       0x24 ./Application/User/Core/stm32wl3x_hal_msp.o
 .text.HAL_MspInit
                0x10040ff4       0x14 ./Application/User/Core/stm32wl3x_hal_msp.o
                0x10040ff4                HAL_MspInit
 .text.HAL_ADC_MspInit
                0x10041008       0x74 ./Application/User/Core/stm32wl3x_hal_msp.o
                0x10041008                HAL_ADC_MspInit
 .text.HAL_MRSubG_MspInit
                0x1004107c       0x56 ./Application/User/Core/stm32wl3x_hal_msp.o
                0x1004107c                HAL_MRSubG_MspInit
 *fill*         0x100410d2        0x2 
 .text.HAL_SPI_MspInit
                0x100410d4       0xfc ./Application/User/Core/stm32wl3x_hal_msp.o
                0x100410d4                HAL_SPI_MspInit
 .text.HAL_UART_MspInit
                0x100411d0       0x88 ./Application/User/Core/stm32wl3x_hal_msp.o
                0x100411d0                HAL_UART_MspInit
 .text.NMI_Handler
                0x10041258        0x8 ./Application/User/Core/stm32wl3x_it.o
                0x10041258                NMI_Handler
 .text.HardFault_Handler
                0x10041260        0x8 ./Application/User/Core/stm32wl3x_it.o
                0x10041260                HardFault_Handler
 .text.SVC_Handler
                0x10041268        0xa ./Application/User/Core/stm32wl3x_it.o
                0x10041268                SVC_Handler
 .text.PendSV_Handler
                0x10041272        0xa ./Application/User/Core/stm32wl3x_it.o
                0x10041272                PendSV_Handler
 .text.SysTick_Handler
                0x1004127c        0xe ./Application/User/Core/stm32wl3x_it.o
                0x1004127c                SysTick_Handler
 *fill*         0x1004128a        0x2 
 .text.Reset_Handler
                0x1004128c       0x4c ./Application/User/Startup/startup_stm32wl33kcvx.o
                0x1004128c                Reset_Handler
 .text.Default_Handler
                0x100412d8        0x2 ./Application/User/Startup/startup_stm32wl33kcvx.o
                0x100412d8                GPIOB_IRQHandler
                0x100412d8                GPIOA_IRQHandler
                0x100412d8                PVD_IRQHandler
                0x100412d8                I2C1_IRQHandler
                0x100412d8                MRSUBG_TIMER_CPU_WKUP_IRQHandler
                0x100412d8                SPI1_IRQHandler
                0x100412d8                I2C2_IRQHandler
                0x100412d8                RTC_IRQHandler
                0x100412d8                LCD_IRQHandler
                0x100412d8                TIM16_IRQHandler
                0x100412d8                RCC_IRQHandler
                0x100412d8                Default_Handler
                0x100412d8                MRSUBG_WKUP_IRQHandler
                0x100412d8                ADC_IRQHandler
                0x100412d8                LCSC_IRQHandler
                0x100412d8                MRSUBG_TX_RX_SEQUENCE_IRQHandler
                0x100412d8                LPUART1_IRQHandler
                0x100412d8                TIM2_IRQHandler
                0x100412d8                DAC_IRQHandler
                0x100412d8                AES_IRQHandler
                0x100412d8                LCSC_LC_ACTIVITY_IRQHandler
                0x100412d8                MRSUBG_BUSY_IRQHandler
                0x100412d8                MRSUBG_IRQHandler
                0x100412d8                DMA_IRQHandler
                0x100412d8                FLASH_IRQHandler
                0x100412d8                SPI3_IRQHandler
                0x100412d8                COMP1_IRQHandler
                0x100412d8                LPAWUR_IRQHandler
 *fill*         0x100412da        0x2 
 .text.__NVIC_SetPriority
                0x100412dc       0xdc ./Drivers/CMSIS/system_stm32wl3x.o
 .text.__NVIC_SystemReset
                0x100413b8       0x24 ./Drivers/CMSIS/system_stm32wl3x.o
 .text.SystemInit
                0x100413dc      0x1b0 ./Drivers/CMSIS/system_stm32wl3x.o
                0x100413dc                SystemInit
 .text.SystemCoreClockUpdate
                0x1004158c       0x94 ./Drivers/CMSIS/system_stm32wl3x.o
                0x1004158c                SystemCoreClockUpdate
 .text.CPUcontextRestore
                0x10041620        0xa ./Drivers/CMSIS/system_stm32wl3x.o
                0x10041620                CPUcontextRestore
 .text.HAL_Init
                0x1004162a       0x2e ./Drivers/STM32WL3x_HAL_Driver/stm32wl3x_hal.o
                0x1004162a                HAL_Init
 .text.HAL_InitTick
                0x10041658       0x90 ./Drivers/STM32WL3x_HAL_Driver/stm32wl3x_hal.o
                0x10041658                HAL_InitTick
 .text.HAL_IncTick
                0x100416e8       0x24 ./Drivers/STM32WL3x_HAL_Driver/stm32wl3x_hal.o
                0x100416e8                HAL_IncTick
 .text.HAL_GetTick
                0x1004170c       0x14 ./Drivers/STM32WL3x_HAL_Driver/stm32wl3x_hal.o
                0x1004170c                HAL_GetTick
 .text.HAL_GetTickPrio
                0x10041720       0x14 ./Drivers/STM32WL3x_HAL_Driver/stm32wl3x_hal.o
                0x10041720                HAL_GetTickPrio
 .text.HAL_Delay
                0x10041734       0x48 ./Drivers/STM32WL3x_HAL_Driver/stm32wl3x_hal.o
                0x10041734                HAL_Delay
 .text.LL_ADC_SetInputSamplingMode
                0x1004177c       0x28 ./Drivers/STM32WL3x_HAL_Driver/stm32wl3x_hal_adc.o
 .text.LL_ADC_InvertOutputDiffModeEnable
                0x100417a4       0x1e ./Drivers/STM32WL3x_HAL_Driver/stm32wl3x_hal_adc.o
 *fill*         0x100417c2        0x2 
 .text.LL_ADC_InvertOutputDiffModeDisable
                0x100417c4       0x20 ./Drivers/STM32WL3x_HAL_Driver/stm32wl3x_hal_adc.o
 .text.LL_ADC_InvertOutputSingleNegModeEnable
                0x100417e4       0x1e ./Drivers/STM32WL3x_HAL_Driver/stm32wl3x_hal_adc.o
 *fill*         0x10041802        0x2 
 .text.LL_ADC_InvertOutputSingleNegModeDisable
                0x10041804       0x20 ./Drivers/STM32WL3x_HAL_Driver/stm32wl3x_hal_adc.o
 .text.LL_ADC_SetOverrunDS
                0x10041824       0x28 ./Drivers/STM32WL3x_HAL_Driver/stm32wl3x_hal_adc.o
 .text.LL_ADC_SetSampleRate
                0x1004184c       0x28 ./Drivers/STM32WL3x_HAL_Driver/stm32wl3x_hal_adc.o
 .text.LL_ADC_SetSequenceLength
                0x10041874       0x28 ./Drivers/STM32WL3x_HAL_Driver/stm32wl3x_hal_adc.o
 .text.LL_ADC_ContinuousModeEnable
                0x1004189c       0x1c ./Drivers/STM32WL3x_HAL_Driver/stm32wl3x_hal_adc.o
 .text.LL_ADC_ContinuousModeDisable
                0x100418b8       0x1e ./Drivers/STM32WL3x_HAL_Driver/stm32wl3x_hal_adc.o
 .text.LL_ADC_StopConversion
                0x100418d6       0x1c ./Drivers/STM32WL3x_HAL_Driver/stm32wl3x_hal_adc.o
 .text.LL_ADC_StartConversion
                0x100418f2       0x1c ./Drivers/STM32WL3x_HAL_Driver/stm32wl3x_hal_adc.o
 .text.LL_ADC_IsConversionOngoing
                0x1004190e       0x22 ./Drivers/STM32WL3x_HAL_Driver/stm32wl3x_hal_adc.o
 .text.LL_ADC_Enable
                0x10041930       0x1c ./Drivers/STM32WL3x_HAL_Driver/stm32wl3x_hal_adc.o
 .text.LL_ADC_Disable
                0x1004194c       0x1e ./Drivers/STM32WL3x_HAL_Driver/stm32wl3x_hal_adc.o
 .text.LL_ADC_IsEnabled
                0x1004196a       0x22 ./Drivers/STM32WL3x_HAL_Driver/stm32wl3x_hal_adc.o
 .text.LL_ADC_SetChannelVoltageRange
                0x1004198c       0x44 ./Drivers/STM32WL3x_HAL_Driver/stm32wl3x_hal_adc.o
 .text.LL_ADC_ConfigureDSDataOutput
                0x100419d0       0x2c ./Drivers/STM32WL3x_HAL_Driver/stm32wl3x_hal_adc.o
 .text.LL_ADC_SetSequencerRanks
                0x100419fc       0x4e ./Drivers/STM32WL3x_HAL_Driver/stm32wl3x_hal_adc.o
 .text.LL_ADC_ConfigureCalibPoint
                0x10041a4a       0x44 ./Drivers/STM32WL3x_HAL_Driver/stm32wl3x_hal_adc.o
 *fill*         0x10041a8e        0x2 
 .text.LL_ADC_SetCalibPointForDiff
                0x10041a90       0x64 ./Drivers/STM32WL3x_HAL_Driver/stm32wl3x_hal_adc.o
 .text.LL_ADC_SetCalibPointForSinglePos
                0x10041af4       0x64 ./Drivers/STM32WL3x_HAL_Driver/stm32wl3x_hal_adc.o
 .text.LL_ADC_SetCalibPointForSingleNeg
                0x10041b58       0x60 ./Drivers/STM32WL3x_HAL_Driver/stm32wl3x_hal_adc.o
 .text.LL_ADC_DSGetOutputData
                0x10041bb8       0x18 ./Drivers/STM32WL3x_HAL_Driver/stm32wl3x_hal_adc.o
 .text.LL_ADC_ClearActiveFlags
                0x10041bd0       0x18 ./Drivers/STM32WL3x_HAL_Driver/stm32wl3x_hal_adc.o
 .text.LL_ADC_IsActiveFlag
                0x10041be8       0x26 ./Drivers/STM32WL3x_HAL_Driver/stm32wl3x_hal_adc.o
 *fill*         0x10041c0e        0x2 
 .text.HAL_ADC_Init
                0x10041c10      0x17c ./Drivers/STM32WL3x_HAL_Driver/stm32wl3x_hal_adc.o
                0x10041c10                HAL_ADC_Init
 .text.HAL_ADC_Start
                0x10041d8c       0x80 ./Drivers/STM32WL3x_HAL_Driver/stm32wl3x_hal_adc.o
                0x10041d8c                HAL_ADC_Start
 .text.HAL_ADC_Stop
                0x10041e0c       0x78 ./Drivers/STM32WL3x_HAL_Driver/stm32wl3x_hal_adc.o
                0x10041e0c                HAL_ADC_Stop
 .text.HAL_ADC_PollForConversion
                0x10041e84       0x9c ./Drivers/STM32WL3x_HAL_Driver/stm32wl3x_hal_adc.o
                0x10041e84                HAL_ADC_PollForConversion
 .text.HAL_ADC_GetValue
                0x10041f20       0x1c ./Drivers/STM32WL3x_HAL_Driver/stm32wl3x_hal_adc.o
                0x10041f20                HAL_ADC_GetValue
 .text.HAL_ADC_ConfigChannel
                0x10041f3c      0x184 ./Drivers/STM32WL3x_HAL_Driver/stm32wl3x_hal_adc.o
                0x10041f3c                HAL_ADC_ConfigChannel
 .text.ADC_ConversionStop
                0x100420c0       0x30 ./Drivers/STM32WL3x_HAL_Driver/stm32wl3x_hal_adc.o
                0x100420c0                ADC_ConversionStop
 .text.ADC_Enable
                0x100420f0       0x2a ./Drivers/STM32WL3x_HAL_Driver/stm32wl3x_hal_adc.o
                0x100420f0                ADC_Enable
 .text.ADC_Disable
                0x1004211a       0x2a ./Drivers/STM32WL3x_HAL_Driver/stm32wl3x_hal_adc.o
                0x1004211a                ADC_Disable
 .text.__NVIC_SetPriority
                0x10042144       0xdc ./Drivers/STM32WL3x_HAL_Driver/stm32wl3x_hal_cortex.o
 .text.SysTick_Config
                0x10042220       0x48 ./Drivers/STM32WL3x_HAL_Driver/stm32wl3x_hal_cortex.o
 .text.HAL_NVIC_SetPriority
                0x10042268       0x2a ./Drivers/STM32WL3x_HAL_Driver/stm32wl3x_hal_cortex.o
                0x10042268                HAL_NVIC_SetPriority
 .text.HAL_SYSTICK_Config
                0x10042292       0x1a ./Drivers/STM32WL3x_HAL_Driver/stm32wl3x_hal_cortex.o
                0x10042292                HAL_SYSTICK_Config
 .text.HAL_DMA_Abort
                0x100422ac       0x7e ./Drivers/STM32WL3x_HAL_Driver/stm32wl3x_hal_dma.o
                0x100422ac                HAL_DMA_Abort
 .text.HAL_DMA_Abort_IT
                0x1004232a       0x8e ./Drivers/STM32WL3x_HAL_Driver/stm32wl3x_hal_dma.o
                0x1004232a                HAL_DMA_Abort_IT
 .text.HAL_GPIO_Init
                0x100423b8      0x36a ./Drivers/STM32WL3x_HAL_Driver/stm32wl3x_hal_gpio.o
                0x100423b8                HAL_GPIO_Init
 .text.HAL_GPIO_WritePin
                0x10042722       0x3a ./Drivers/STM32WL3x_HAL_Driver/stm32wl3x_hal_gpio.o
                0x10042722                HAL_GPIO_WritePin
 .text.LL_MRSubG_SetPAMode
                0x1004275c       0x38 ./Drivers/STM32WL3x_HAL_Driver/stm32wl3x_hal_mrsubg.o
 .text.LL_MRSubG_SetPADriveMode
                0x10042794       0x38 ./Drivers/STM32WL3x_HAL_Driver/stm32wl3x_hal_mrsubg.o
 .text.LL_MRSubG_SetPADegen
                0x100427cc       0x46 ./Drivers/STM32WL3x_HAL_Driver/stm32wl3x_hal_mrsubg.o
 *fill*         0x10042812        0x2 
 .text.LL_MRSubG_PacketHandlerSetWhiteningInit
                0x10042814       0x3c ./Drivers/STM32WL3x_HAL_Driver/stm32wl3x_hal_mrsubg.o
 .text.MRSubG_ComputeSynthWord
                0x10042850       0xb0 ./Drivers/STM32WL3x_HAL_Driver/stm32wl3x_hal_mrsubg.o
 .text.MRSubG_ComputeDatarate
                0x10042900       0xf4 ./Drivers/STM32WL3x_HAL_Driver/stm32wl3x_hal_mrsubg.o
 .text.MRSubG_SearchDatarateME
                0x100429f4      0x214 ./Drivers/STM32WL3x_HAL_Driver/stm32wl3x_hal_mrsubg.o
 .text.MRSubG_ComputeFreqDeviation
                0x10042c08       0xf2 ./Drivers/STM32WL3x_HAL_Driver/stm32wl3x_hal_mrsubg.o
 .text.MRSubG_SearchFreqDevME
                0x10042cfa      0x222 ./Drivers/STM32WL3x_HAL_Driver/stm32wl3x_hal_mrsubg.o
 .text.MRSubG_SearchChannelBwME
                0x10042f1c      0x260 ./Drivers/STM32WL3x_HAL_Driver/stm32wl3x_hal_mrsubg.o
 .text.MRSubG_GetAllowedMaxOutputPower
                0x1004317c       0x54 ./Drivers/STM32WL3x_HAL_Driver/stm32wl3x_hal_mrsubg.o
 .text.MRSUBG_EvaluateDSSS
                0x100431d0       0xc8 ./Drivers/STM32WL3x_HAL_Driver/stm32wl3x_hal_mrsubg.o
 .text.HAL_MRSubG_Init
                0x10043298      0x128 ./Drivers/STM32WL3x_HAL_Driver/stm32wl3x_hal_mrsubg.o
                0x10043298                HAL_MRSubG_Init
 .text.HAL_MRSubG_SetFrequencyBase
                0x100433c0       0x90 ./Drivers/STM32WL3x_HAL_Driver/stm32wl3x_hal_mrsubg.o
                0x100433c0                HAL_MRSubG_SetFrequencyBase
 .text.HAL_MRSubG_SetDatarate
                0x10043450       0x58 ./Drivers/STM32WL3x_HAL_Driver/stm32wl3x_hal_mrsubg.o
                0x10043450                HAL_MRSubG_SetDatarate
 .text.HAL_MRSubG_SetFrequencyDev
                0x100434a8       0x74 ./Drivers/STM32WL3x_HAL_Driver/stm32wl3x_hal_mrsubg.o
                0x100434a8                HAL_MRSubG_SetFrequencyDev
 .text.HAL_MRSubG_SetChannelBW
                0x1004351c      0x120 ./Drivers/STM32WL3x_HAL_Driver/stm32wl3x_hal_mrsubg.o
                0x1004351c                HAL_MRSubG_SetChannelBW
 .text.HAL_MRSubG_SetModulation
                0x1004363c      0x10c ./Drivers/STM32WL3x_HAL_Driver/stm32wl3x_hal_mrsubg.o
                0x1004363c                HAL_MRSubG_SetModulation
 .text.HAL_MRSubG_SetPALeveldBm
                0x10043748      0x170 ./Drivers/STM32WL3x_HAL_Driver/stm32wl3x_hal_mrsubg.o
                0x10043748                HAL_MRSubG_SetPALeveldBm
 .text.HAL_MRSubG_802_15_4_PacketInit
                0x100438b8      0x210 ./Drivers/STM32WL3x_HAL_Driver/stm32wl3x_hal_mrsubg.o
                0x100438b8                HAL_MRSubG_802_15_4_PacketInit
 .text.HAL_PWREx_EnableGPIOPullUp
                0x10043ac8       0x74 ./Drivers/STM32WL3x_HAL_Driver/stm32wl3x_hal_pwr_ex.o
                0x10043ac8                HAL_PWREx_EnableGPIOPullUp
 .text.HAL_PWREx_DisableGPIOPullUp
                0x10043b3c       0x5c ./Drivers/STM32WL3x_HAL_Driver/stm32wl3x_hal_pwr_ex.o
                0x10043b3c                HAL_PWREx_DisableGPIOPullUp
 .text.HAL_PWREx_DisableGPIOPullDown
                0x10043b98       0x5c ./Drivers/STM32WL3x_HAL_Driver/stm32wl3x_hal_pwr_ex.o
                0x10043b98                HAL_PWREx_DisableGPIOPullDown
 .text.LL_PWR_SetNoPullB
                0x10043bf4       0x30 ./Drivers/STM32WL3x_HAL_Driver/stm32wl3x_hal_rcc.o
 .text.LL_RCC_HSE_Enable
                0x10043c24       0x1c ./Drivers/STM32WL3x_HAL_Driver/stm32wl3x_hal_rcc.o
 .text.LL_RCC_HSE_Disable
                0x10043c40       0x20 ./Drivers/STM32WL3x_HAL_Driver/stm32wl3x_hal_rcc.o
 .text.LL_RCC_HSE_IsReady
                0x10043c60       0x28 ./Drivers/STM32WL3x_HAL_Driver/stm32wl3x_hal_rcc.o
 .text.LL_RCC_HSE_SetCapacitorTuning
                0x10043c88       0x40 ./Drivers/STM32WL3x_HAL_Driver/stm32wl3x_hal_rcc.o
 .text.LL_RCC_HSE_SetCurrentControl
                0x10043cc8       0x30 ./Drivers/STM32WL3x_HAL_Driver/stm32wl3x_hal_rcc.o
 .text.LL_RCC_HSE_SetStartupCurrent
                0x10043cf8       0x34 ./Drivers/STM32WL3x_HAL_Driver/stm32wl3x_hal_rcc.o
 .text.LL_RCC_HSE_SetAmplitudeThreshold
                0x10043d2c       0x34 ./Drivers/STM32WL3x_HAL_Driver/stm32wl3x_hal_rcc.o
 .text.LL_RCC_HSI_Enable
                0x10043d60       0x28 ./Drivers/STM32WL3x_HAL_Driver/stm32wl3x_hal_rcc.o
 .text.LL_RCC_HSI_Disable
                0x10043d88       0x28 ./Drivers/STM32WL3x_HAL_Driver/stm32wl3x_hal_rcc.o
 .text.LL_RCC_HSI_IsReady
                0x10043db0       0x28 ./Drivers/STM32WL3x_HAL_Driver/stm32wl3x_hal_rcc.o
 .text.LL_RCC_DIRECT_HSE_Enable
                0x10043dd8       0x4c ./Drivers/STM32WL3x_HAL_Driver/stm32wl3x_hal_rcc.o
 .text.LL_RCC_LSCO_SetSource
                0x10043e24       0x2c ./Drivers/STM32WL3x_HAL_Driver/stm32wl3x_hal_rcc.o
 .text.LL_RCC_LSE_Enable
                0x10043e50       0x1c ./Drivers/STM32WL3x_HAL_Driver/stm32wl3x_hal_rcc.o
 .text.LL_RCC_LSE_Disable
                0x10043e6c       0x1c ./Drivers/STM32WL3x_HAL_Driver/stm32wl3x_hal_rcc.o
 .text.LL_RCC_LSE_IsReady
                0x10043e88       0x20 ./Drivers/STM32WL3x_HAL_Driver/stm32wl3x_hal_rcc.o
 .text.LL_RCC_LSE_EnableBypass
                0x10043ea8       0x1c ./Drivers/STM32WL3x_HAL_Driver/stm32wl3x_hal_rcc.o
 .text.LL_RCC_LSE_DisableBypass
                0x10043ec4       0x1c ./Drivers/STM32WL3x_HAL_Driver/stm32wl3x_hal_rcc.o
 .text.LL_RCC_LSE_IsBypassEnabled
                0x10043ee0       0x20 ./Drivers/STM32WL3x_HAL_Driver/stm32wl3x_hal_rcc.o
 .text.LL_RCC_LSE_SetDriveCapability
                0x10043f00       0x28 ./Drivers/STM32WL3x_HAL_Driver/stm32wl3x_hal_rcc.o
 .text.LL_RCC_LSI_Enable
                0x10043f28       0x1c ./Drivers/STM32WL3x_HAL_Driver/stm32wl3x_hal_rcc.o
 .text.LL_RCC_LSI_Disable
                0x10043f44       0x1c ./Drivers/STM32WL3x_HAL_Driver/stm32wl3x_hal_rcc.o
 .text.LL_RCC_LSI_IsReady
                0x10043f60       0x20 ./Drivers/STM32WL3x_HAL_Driver/stm32wl3x_hal_rcc.o
 .text.LL_RCC_RC64MPLL_Enable
                0x10043f80       0x1c ./Drivers/STM32WL3x_HAL_Driver/stm32wl3x_hal_rcc.o
 .text.LL_RCC_RC64MPLL_Disable
                0x10043f9c       0x20 ./Drivers/STM32WL3x_HAL_Driver/stm32wl3x_hal_rcc.o
 .text.LL_RCC_RC64MPLL_IsReady
                0x10043fbc       0x28 ./Drivers/STM32WL3x_HAL_Driver/stm32wl3x_hal_rcc.o
 .text.LL_RCC_SetRC64MPLLPrescaler
                0x10043fe4       0x28 ./Drivers/STM32WL3x_HAL_Driver/stm32wl3x_hal_rcc.o
 .text.HAL_RCC_OscConfig
                0x1004400c      0x2ac ./Drivers/STM32WL3x_HAL_Driver/stm32wl3x_hal_rcc.o
                0x1004400c                HAL_RCC_OscConfig
 .text.HAL_RCC_ClockConfig
                0x100442b8      0x144 ./Drivers/STM32WL3x_HAL_Driver/stm32wl3x_hal_rcc.o
                0x100442b8                HAL_RCC_ClockConfig
 .text.HAL_RCC_GetSysClockFreq
                0x100443fc       0x14 ./Drivers/STM32WL3x_HAL_Driver/stm32wl3x_hal_rcc.o
                0x100443fc                HAL_RCC_GetSysClockFreq
 .text.LL_RCC_DIRECT_HSE_IsEnabled
                0x10044410       0x20 ./Drivers/STM32WL3x_HAL_Driver/stm32wl3x_hal_rcc_ex.o
 .text.LL_RCC_LSCO_SetSource
                0x10044430       0x2c ./Drivers/STM32WL3x_HAL_Driver/stm32wl3x_hal_rcc_ex.o
 .text.LL_RCC_SetSMPSPrescaler
                0x1004445c       0x2c ./Drivers/STM32WL3x_HAL_Driver/stm32wl3x_hal_rcc_ex.o
 .text.LL_RCC_GetSMPSPrescaler
                0x10044488       0x18 ./Drivers/STM32WL3x_HAL_Driver/stm32wl3x_hal_rcc_ex.o
 .text.LL_RCC_KRM_IsEnabled
                0x100444a0       0x20 ./Drivers/STM32WL3x_HAL_Driver/stm32wl3x_hal_rcc_ex.o
 .text.LL_RCC_KRM_SetRateMultiplier
                0x100444c0       0x2c ./Drivers/STM32WL3x_HAL_Driver/stm32wl3x_hal_rcc_ex.o
 .text.LL_RCC_KRM_GetRateMultiplier
                0x100444ec       0x18 ./Drivers/STM32WL3x_HAL_Driver/stm32wl3x_hal_rcc_ex.o
 .text.LL_RCC_SetLPUARTClockSource
                0x10044504       0x2c ./Drivers/STM32WL3x_HAL_Driver/stm32wl3x_hal_rcc_ex.o
 .text.LL_RCC_GetLPUARTClockSource
                0x10044530       0x18 ./Drivers/STM32WL3x_HAL_Driver/stm32wl3x_hal_rcc_ex.o
 .text.LL_RCC_SetSPI3I2SClockSource
                0x10044548       0x2c ./Drivers/STM32WL3x_HAL_Driver/stm32wl3x_hal_rcc_ex.o
 .text.LL_RCC_GetSPI3I2SClockSource
                0x10044574       0x18 ./Drivers/STM32WL3x_HAL_Driver/stm32wl3x_hal_rcc_ex.o
 .text.HAL_RCCEx_PeriphCLKConfig
                0x1004458c       0x6c ./Drivers/STM32WL3x_HAL_Driver/stm32wl3x_hal_rcc_ex.o
                0x1004458c                HAL_RCCEx_PeriphCLKConfig
 .text.HAL_RCCEx_GetPeriphCLKFreq
                0x100445f8      0x148 ./Drivers/STM32WL3x_HAL_Driver/stm32wl3x_hal_rcc_ex.o
                0x100445f8                HAL_RCCEx_GetPeriphCLKFreq
 .text.HAL_SPI_Init
                0x10044740      0x170 ./Drivers/STM32WL3x_HAL_Driver/stm32wl3x_hal_spi.o
                0x10044740                HAL_SPI_Init
 .text.HAL_SPI_Transmit
                0x100448b0      0x306 ./Drivers/STM32WL3x_HAL_Driver/stm32wl3x_hal_spi.o
                0x100448b0                HAL_SPI_Transmit
 *fill*         0x10044bb6        0x2 
 .text.HAL_SPI_Receive
                0x10044bb8      0x28c ./Drivers/STM32WL3x_HAL_Driver/stm32wl3x_hal_spi.o
                0x10044bb8                HAL_SPI_Receive
 .text.HAL_SPI_TransmitReceive
                0x10044e44      0x47c ./Drivers/STM32WL3x_HAL_Driver/stm32wl3x_hal_spi.o
                0x10044e44                HAL_SPI_TransmitReceive
 .text.SPI_WaitFlagStateUntilTimeout
                0x100452c0      0x11c ./Drivers/STM32WL3x_HAL_Driver/stm32wl3x_hal_spi.o
 .text.SPI_WaitFifoStateUntilTimeout
                0x100453dc      0x144 ./Drivers/STM32WL3x_HAL_Driver/stm32wl3x_hal_spi.o
 .text.SPI_EndRxTransaction
                0x10045520       0xbc ./Drivers/STM32WL3x_HAL_Driver/stm32wl3x_hal_spi.o
 .text.SPI_EndRxTxTransaction
                0x100455dc       0x8c ./Drivers/STM32WL3x_HAL_Driver/stm32wl3x_hal_spi.o
 .text.HAL_UART_Init
                0x10045668       0xac ./Drivers/STM32WL3x_HAL_Driver/stm32wl3x_hal_uart.o
                0x10045668                HAL_UART_Init
 .text.HAL_UART_Transmit
                0x10045714      0x15c ./Drivers/STM32WL3x_HAL_Driver/stm32wl3x_hal_uart.o
                0x10045714                HAL_UART_Transmit
 .text.HAL_UART_IRQHandler
                0x10045870      0x68c ./Drivers/STM32WL3x_HAL_Driver/stm32wl3x_hal_uart.o
                0x10045870                HAL_UART_IRQHandler
 .text.HAL_UART_TxCpltCallback
                0x10045efc       0x10 ./Drivers/STM32WL3x_HAL_Driver/stm32wl3x_hal_uart.o
                0x10045efc                HAL_UART_TxCpltCallback
 .text.HAL_UART_ErrorCallback
                0x10045f0c       0x10 ./Drivers/STM32WL3x_HAL_Driver/stm32wl3x_hal_uart.o
                0x10045f0c                HAL_UART_ErrorCallback
 .text.HAL_UARTEx_RxEventCallback
                0x10045f1c       0x16 ./Drivers/STM32WL3x_HAL_Driver/stm32wl3x_hal_uart.o
                0x10045f1c                HAL_UARTEx_RxEventCallback
 *fill*         0x10045f32        0x2 
 .text.UART_SetConfig
                0x10045f34      0x2d0 ./Drivers/STM32WL3x_HAL_Driver/stm32wl3x_hal_uart.o
                0x10045f34                UART_SetConfig
 .text.UART_AdvFeatureConfig
                0x10046204      0x168 ./Drivers/STM32WL3x_HAL_Driver/stm32wl3x_hal_uart.o
                0x10046204                UART_AdvFeatureConfig
 .text.UART_CheckIdleState
                0x1004636c      0x154 ./Drivers/STM32WL3x_HAL_Driver/stm32wl3x_hal_uart.o
                0x1004636c                UART_CheckIdleState
 .text.UART_WaitOnFlagUntilTimeout
                0x100464c0       0xde ./Drivers/STM32WL3x_HAL_Driver/stm32wl3x_hal_uart.o
                0x100464c0                UART_WaitOnFlagUntilTimeout
 *fill*         0x1004659e        0x2 
 .text.UART_EndRxTransfer
                0x100465a0       0xcc ./Drivers/STM32WL3x_HAL_Driver/stm32wl3x_hal_uart.o
 .text.UART_DMAAbortOnError
                0x1004666c       0x1e ./Drivers/STM32WL3x_HAL_Driver/stm32wl3x_hal_uart.o
 .text.UART_EndTransmit_IT
                0x1004668a       0x58 ./Drivers/STM32WL3x_HAL_Driver/stm32wl3x_hal_uart.o
 .text.HAL_UARTEx_WakeupCallback
                0x100466e2       0x10 ./Drivers/STM32WL3x_HAL_Driver/stm32wl3x_hal_uart_ex.o
                0x100466e2                HAL_UARTEx_WakeupCallback
 .text.HAL_UARTEx_RxFifoFullCallback
                0x100466f2       0x10 ./Drivers/STM32WL3x_HAL_Driver/stm32wl3x_hal_uart_ex.o
                0x100466f2                HAL_UARTEx_RxFifoFullCallback
 .text.HAL_UARTEx_TxFifoEmptyCallback
                0x10046702       0x10 ./Drivers/STM32WL3x_HAL_Driver/stm32wl3x_hal_uart_ex.o
                0x10046702                HAL_UARTEx_TxFifoEmptyCallback
 *fill*         0x10046712        0x2 
 .text.HAL_UARTEx_DisableFifoMode
                0x10046714       0x74 ./Drivers/STM32WL3x_HAL_Driver/stm32wl3x_hal_uart_ex.o
                0x10046714                HAL_UARTEx_DisableFifoMode
 .text.HAL_UARTEx_SetTxFifoThreshold
                0x10046788       0x7e ./Drivers/STM32WL3x_HAL_Driver/stm32wl3x_hal_uart_ex.o
                0x10046788                HAL_UARTEx_SetTxFifoThreshold
 *fill*         0x10046806        0x2 
 .text.HAL_UARTEx_SetRxFifoThreshold
                0x10046808       0x84 ./Drivers/STM32WL3x_HAL_Driver/stm32wl3x_hal_uart_ex.o
                0x10046808                HAL_UARTEx_SetRxFifoThreshold
 .text.UARTEx_SetNbDataToProcess
                0x1004688c       0xbc ./Drivers/STM32WL3x_HAL_Driver/stm32wl3x_hal_uart_ex.o
 .text.LL_GetXTALFreq
                0x10046948       0x14 ./Drivers/STM32WL3x_HAL_Driver/stm32wl3x_ll_utils.o
                0x10046948                LL_GetXTALFreq
 .text.memset   0x1004695c       0x10 C:/ST/STM32CubeIDE_2.1.0/STM32CubeIDE/plugins/com.st.stm32cube.ide.mcu.externaltools.gnu-tools-for-stm32.14.3.rel1.win32_1.0.100.202602081740/tools/bin/../lib/gcc/arm-none-eabi/14.3.1/../../../../arm-none-eabi/lib/thumb/v6-m/nofp\libc_nano.a(libc_a-memset.o)
                0x1004695c                memset
 *(i.*)
 *(.rodata)
 *(.rodata*)
 .rodata.ADC_CHANNEL_SWITCH_POS_LUT
                0x1004696c        0xc ./Drivers/STM32WL3x_HAL_Driver/stm32wl3x_hal_adc.o
 .rodata.HAL_ADC_ConfigChannel
                0x10046978       0x38 ./Drivers/STM32WL3x_HAL_Driver/stm32wl3x_hal_adc.o
 .rodata.s_Channel_Filter_Bandwidth
                0x100469b0      0x18c ./Drivers/STM32WL3x_HAL_Driver/stm32wl3x_hal_mrsubg.o
 .rodata.SFD_2FSK
                0x10046b3c        0x8 ./Drivers/STM32WL3x_HAL_Driver/stm32wl3x_hal_mrsubg.o
                0x10046b3c                SFD_2FSK
 .rodata.SFD_4FSK
                0x10046b44        0x8 ./Drivers/STM32WL3x_HAL_Driver/stm32wl3x_hal_mrsubg.o
                0x10046b44                SFD_4FSK
 .rodata.UARTPrescTable
                0x10046b4c       0x18 ./Drivers/STM32WL3x_HAL_Driver/stm32wl3x_hal_uart.o
                0x10046b4c                UARTPrescTable
 .rodata.numerator.1
                0x10046b64        0x8 ./Drivers/STM32WL3x_HAL_Driver/stm32wl3x_hal_uart_ex.o
 .rodata.denominator.0
                0x10046b6c        0x8 ./Drivers/STM32WL3x_HAL_Driver/stm32wl3x_hal_uart_ex.o
 *(.constdata)
 *(.glue_7)
 .glue_7        0x10046b74        0x0 linker stubs
 *(.glue_7t)
 .glue_7t       0x10046b74        0x0 linker stubs
                0x10046b74                        . = ALIGN (0x4)
                0x10046b74                        _etext = .
                0x10046b84                        _sidata = LOADADDR (.data)

.vfp11_veneer   0x10046b74        0x0
 .vfp11_veneer  0x10046b74        0x0 linker stubs

.v4_bx          0x10046b74        0x0
 .v4_bx         0x10046b74        0x0 linker stubs

.init           0x10046b74        0x4
 .init          0x10046b74        0x4 C:/ST/STM32CubeIDE_2.1.0/STM32CubeIDE/plugins/com.st.stm32cube.ide.mcu.externaltools.gnu-tools-for-stm32.14.3.rel1.win32_1.0.100.202602081740/tools/bin/../lib/gcc/arm-none-eabi/14.3.1/thumb/v6-m/nofp/crti.o
                0x10046b74                _init

.fini           0x10046b78        0x4
 .fini          0x10046b78        0x4 C:/ST/STM32CubeIDE_2.1.0/STM32CubeIDE/plugins/com.st.stm32cube.ide.mcu.externaltools.gnu-tools-for-stm32.14.3.rel1.win32_1.0.100.202602081740/tools/bin/../lib/gcc/arm-none-eabi/14.3.1/thumb/v6-m/nofp/crti.o
                0x10046b78                _fini

.iplt           0x10046b7c        0x0
 .iplt          0x10046b7c        0x0 ./Application/User/Core/main.o

.rel.dyn        0x10046b7c        0x0
 .rel.iplt      0x10046b7c        0x0 ./Application/User/Core/main.o

.ARM.exidx      0x10046b7c        0x8
 .ARM.exidx     0x10046b7c        0x8 C:/ST/STM32CubeIDE_2.1.0/STM32CubeIDE/plugins/com.st.stm32cube.ide.mcu.externaltools.gnu-tools-for-stm32.14.3.rel1.win32_1.0.100.202602081740/tools/bin/../lib/gcc/arm-none-eabi/14.3.1/thumb/v6-m/nofp\libgcc.a(_udivmoddi4.o)

.ram_preamble   0x20000004       0x2c load address 0x10046b84
 *(.ram_vr)
 .ram_vr        0x20000004       0x2c ./Drivers/CMSIS/system_stm32wl3x.o
                0x20000004                RAM_VR

.ram_preamble_2
 *(.crash_info_ram_vr)

.bss            0x20000034      0x16c
                0x20000034                        . = ALIGN (0x4)
                0x20000034                        _sbss = .
 *(.bss)
 *(.bss*)
 .bss.triaxial_x_g
                0x20000034        0x2 ./Application/User/Core/main.o
 .bss.triaxial_y_g
                0x20000036        0x2 ./Application/User/Core/main.o
 .bss.triaxial_z_g
                0x20000038        0x2 ./Application/User/Core/main.o
 .bss.strain_gauge_adc
                0x2000003a        0x2 ./Application/User/Core/main.o
 .bss.uniaxial_adc
                0x2000003c        0x2 ./Application/User/Core/main.o
 *fill*         0x2000003e        0x2 
 .bss.hadc1     0x20000040       0x34 ./Application/User/Core/main.o
                0x20000040                hadc1
 .bss.hspi3     0x20000074       0x64 ./Application/User/Core/main.o
                0x20000074                hspi3
 .bss.MRSUBG_RadioInitStruct
                0x200000d8       0x18 ./Application/User/Core/main.o
                0x200000d8                MRSUBG_RadioInitStruct
 .bss.MRSUBG_PacketSettingsStruct
                0x200000f0        0x8 ./Application/User/Core/main.o
                0x200000f0                MRSUBG_PacketSettingsStruct
 .bss.huart1    0x200000f8       0x94 ./Application/User/Core/main.o
                0x200000f8                huart1
 .bss.loop_count
                0x2000018c        0x4 ./Application/User/Core/main.o
                0x2000018c                loop_count
 .bss.watchpoint1
                0x20000190        0x2 ./Application/User/Core/main.o
                0x20000190                watchpoint1
 .bss.watchpoint1_5
                0x20000192        0x2 ./Application/User/Core/main.o
                0x20000192                watchpoint1_5
 .bss.watchpoint2
                0x20000194        0x2 ./Application/User/Core/main.o
                0x20000194                watchpoint2
 .bss.watchpoint2_5
                0x20000196        0x2 ./Application/User/Core/main.o
                0x20000196                watchpoint2_5
 .bss.watchpoint3
                0x20000198        0x2 ./Application/User/Core/main.o
                0x20000198                watchpoint3
 *fill*         0x2000019a        0x2 
 .bss.uwTick    0x2000019c        0x4 ./Drivers/STM32WL3x_HAL_Driver/stm32wl3x_hal.o
                0x2000019c                uwTick
 *(COMMON)
                0x200001a0                        . = ALIGN (0x4)
                0x200001a0                        _ebss = .

.data           0x200001a0       0x18 load address 0x10046b84
                0x200001a0                        . = ALIGN (0x4)
                0x200001a0                        _sdata = .
 *(.data)
 *(.data*)
 .data.RS485TimerA0.0
                0x200001a0        0x8 ./Application/User/Core/main.o
 .data.SystemCoreClock
                0x200001a8        0x4 ./Drivers/CMSIS/system_stm32wl3x.o
                0x200001a8                SystemCoreClock
 .data.HSE_xtalFrequency
                0x200001ac        0x4 ./Drivers/CMSIS/system_stm32wl3x.o
                0x200001ac                HSE_xtalFrequency
 .data.uwTickPrio
                0x200001b0        0x4 ./Drivers/STM32WL3x_HAL_Driver/stm32wl3x_hal.o
                0x200001b0                uwTickPrio
 .data.uwTickFreq
                0x200001b4        0x1 ./Drivers/STM32WL3x_HAL_Driver/stm32wl3x_hal.o
                0x200001b4                uwTickFreq
                0x200001b8                        . = ALIGN (0x4)
 *fill*         0x200001b5        0x3 
                0x200001b8                        _edata = .

.igot.plt       0x200001b8        0x0 load address 0x10046b9c
 .igot.plt      0x200001b8        0x0 ./Application/User/Core/main.o

.noinit         0x200001b8        0x0 load address 0x10046b9c
                0x200001b8                        . = ALIGN (0x4)
 *(.noinit)
                0x200001b8                        . = ALIGN (0x4)

.heap           0x200001b8        0x0 load address 0x10046b9c
                0x200001b8                        . = ALIGN (0x4)
                0x200001b8                        _sheap = .
                [!provide]                        PROVIDE (end = .)
                0x200001b8                        PROVIDE (_end = .)
                0x200001b8                        . = (. + _Min_Heap_Size)
                0x200001b8                        . = ALIGN (0x4)
                0x200001b8                        _eheap = .

CSTACK          0x20007400      0xc00
                0x20007400                        . = ALIGN (0x4)
                0x20008000                        . = (. + _Min_Stack_Size)
 *fill*         0x20007400      0xc00 
                0x20008000                        . = ALIGN (0x4)
                0x20008000                        _estack = .
                0x20008000                        . = ALIGN (0x4)

.rom_info       0x10000000        0x0
                0x10000000                        . = ALIGN (0x4)
 *(.rom_info)
                0x10000000                        . = ALIGN (0x4)

/DISCARD/
 libc.a(*)
 libm.a(*)
 libgcc.a(*)

.ARM.attributes
                0x00000000       0x28
 *(.ARM.attributes)
 .ARM.attributes
                0x00000000       0x1e C:/ST/STM32CubeIDE_2.1.0/STM32CubeIDE/plugins/com.st.stm32cube.ide.mcu.externaltools.gnu-tools-for-stm32.14.3.rel1.win32_1.0.100.202602081740/tools/bin/../lib/gcc/arm-none-eabi/14.3.1/thumb/v6-m/nofp/crti.o
 .ARM.attributes
                0x0000001e       0x2c ./Application/User/Core/main.o
 .ARM.attributes
                0x0000004a       0x2c ./Application/User/Core/stm32wl3x_hal_msp.o
 .ARM.attributes
                0x00000076       0x2c ./Application/User/Core/stm32wl3x_it.o
 .ARM.attributes
                0x000000a2       0x22 ./Application/User/Startup/startup_stm32wl33kcvx.o
 .ARM.attributes
                0x000000c4       0x2c ./Drivers/CMSIS/system_stm32wl3x.o
 .ARM.attributes
                0x000000f0       0x2c ./Drivers/STM32WL3x_HAL_Driver/stm32wl3x_hal.o
 .ARM.attributes
                0x0000011c       0x2c ./Drivers/STM32WL3x_HAL_Driver/stm32wl3x_hal_adc.o
 .ARM.attributes
                0x00000148       0x2c ./Drivers/STM32WL3x_HAL_Driver/stm32wl3x_hal_cortex.o
 .ARM.attributes
                0x00000174       0x2c ./Drivers/STM32WL3x_HAL_Driver/stm32wl3x_hal_dma.o
 .ARM.attributes
                0x000001a0       0x2c ./Drivers/STM32WL3x_HAL_Driver/stm32wl3x_hal_gpio.o
 .ARM.attributes
                0x000001cc       0x2c ./Drivers/STM32WL3x_HAL_Driver/stm32wl3x_hal_mrsubg.o
 .ARM.attributes
                0x000001f8       0x2c ./Drivers/STM32WL3x_HAL_Driver/stm32wl3x_hal_pwr_ex.o
 .ARM.attributes
                0x00000224       0x2c ./Drivers/STM32WL3x_HAL_Driver/stm32wl3x_hal_rcc.o
 .ARM.attributes
                0x00000250       0x2c ./Drivers/STM32WL3x_HAL_Driver/stm32wl3x_hal_rcc_ex.o
 .ARM.attributes
                0x0000027c       0x2c ./Drivers/STM32WL3x_HAL_Driver/stm32wl3x_hal_spi.o
 .ARM.attributes
                0x000002a8       0x2c ./Drivers/STM32WL3x_HAL_Driver/stm32wl3x_hal_uart.o
 .ARM.attributes
                0x000002d4       0x2c ./Drivers/STM32WL3x_HAL_Driver/stm32wl3x_hal_uart_ex.o
 .ARM.attributes
                0x00000300       0x2c ./Drivers/STM32WL3x_HAL_Driver/stm32wl3x_ll_utils.o
 .ARM.attributes
                0x0000032c       0x2c C:/ST/STM32CubeIDE_2.1.0/STM32CubeIDE/plugins/com.st.stm32cube.ide.mcu.externaltools.gnu-tools-for-stm32.14.3.rel1.win32_1.0.100.202602081740/tools/bin/../lib/gcc/arm-none-eabi/14.3.1/../../../../arm-none-eabi/lib/thumb/v6-m/nofp\libc_nano.a(libc_a-memset.o)
 .ARM.attributes
                0x00000358       0x1e C:/ST/STM32CubeIDE_2.1.0/STM32CubeIDE/plugins/com.st.stm32cube.ide.mcu.externaltools.gnu-tools-for-stm32.14.3.rel1.win32_1.0.100.202602081740/tools/bin/../lib/gcc/arm-none-eabi/14.3.1/thumb/v6-m/nofp\libgcc.a(_udivsi3.o)
 .ARM.attributes
                0x00000376       0x1e C:/ST/STM32CubeIDE_2.1.0/STM32CubeIDE/plugins/com.st.stm32cube.ide.mcu.externaltools.gnu-tools-for-stm32.14.3.rel1.win32_1.0.100.202602081740/tools/bin/../lib/gcc/arm-none-eabi/14.3.1/thumb/v6-m/nofp\libgcc.a(_divsi3.o)
 .ARM.attributes
                0x00000394       0x1e C:/ST/STM32CubeIDE_2.1.0/STM32CubeIDE/plugins/com.st.stm32cube.ide.mcu.externaltools.gnu-tools-for-stm32.14.3.rel1.win32_1.0.100.202602081740/tools/bin/../lib/gcc/arm-none-eabi/14.3.1/thumb/v6-m/nofp\libgcc.a(_dvmd_tls.o)
 .ARM.attributes
                0x000003b2       0x1e C:/ST/STM32CubeIDE_2.1.0/STM32CubeIDE/plugins/com.st.stm32cube.ide.mcu.externaltools.gnu-tools-for-stm32.14.3.rel1.win32_1.0.100.202602081740/tools/bin/../lib/gcc/arm-none-eabi/14.3.1/thumb/v6-m/nofp\libgcc.a(_aeabi_uldivmod.o)
 .ARM.attributes
                0x000003d0       0x2c C:/ST/STM32CubeIDE_2.1.0/STM32CubeIDE/plugins/com.st.stm32cube.ide.mcu.externaltools.gnu-tools-for-stm32.14.3.rel1.win32_1.0.100.202602081740/tools/bin/../lib/gcc/arm-none-eabi/14.3.1/thumb/v6-m/nofp\libgcc.a(_muldi3.o)
 .ARM.attributes
                0x000003fc       0x2c C:/ST/STM32CubeIDE_2.1.0/STM32CubeIDE/plugins/com.st.stm32cube.ide.mcu.externaltools.gnu-tools-for-stm32.14.3.rel1.win32_1.0.100.202602081740/tools/bin/../lib/gcc/arm-none-eabi/14.3.1/thumb/v6-m/nofp\libgcc.a(_udivmoddi4.o)
 .ARM.attributes
                0x00000428       0x1e C:/ST/STM32CubeIDE_2.1.0/STM32CubeIDE/plugins/com.st.stm32cube.ide.mcu.externaltools.gnu-tools-for-stm32.14.3.rel1.win32_1.0.100.202602081740/tools/bin/../lib/gcc/arm-none-eabi/14.3.1/thumb/v6-m/nofp\libgcc.a(_clzdi2.o)
 .ARM.attributes
                0x00000446       0x1e C:/ST/STM32CubeIDE_2.1.0/STM32CubeIDE/plugins/com.st.stm32cube.ide.mcu.externaltools.gnu-tools-for-stm32.14.3.rel1.win32_1.0.100.202602081740/tools/bin/../lib/gcc/arm-none-eabi/14.3.1/thumb/v6-m/nofp\libgcc.a(_clzsi2.o)
OUTPUT(SensorDataUnit.elf elf32-littlearm)
LOAD linker stubs
LOAD C:/ST/STM32CubeIDE_2.1.0/STM32CubeIDE/plugins/com.st.stm32cube.ide.mcu.externaltools.gnu-tools-for-stm32.14.3.rel1.win32_1.0.100.202602081740/tools/bin/../lib/gcc/arm-none-eabi/14.3.1/../../../../arm-none-eabi/lib/thumb/v6-m/nofp\libc.a
LOAD C:/ST/STM32CubeIDE_2.1.0/STM32CubeIDE/plugins/com.st.stm32cube.ide.mcu.externaltools.gnu-tools-for-stm32.14.3.rel1.win32_1.0.100.202602081740/tools/bin/../lib/gcc/arm-none-eabi/14.3.1/../../../../arm-none-eabi/lib/thumb/v6-m/nofp\libm.a
LOAD C:/ST/STM32CubeIDE_2.1.0/STM32CubeIDE/plugins/com.st.stm32cube.ide.mcu.externaltools.gnu-tools-for-stm32.14.3.rel1.win32_1.0.100.202602081740/tools/bin/../lib/gcc/arm-none-eabi/14.3.1/thumb/v6-m/nofp\libgcc.a

.debug_info     0x00000000    0x11944
 .debug_info    0x00000000     0x1ba6 ./Application/User/Core/main.o
 .debug_info    0x00001ba6     0x12b5 ./Application/User/Core/stm32wl3x_hal_msp.o
 .debug_info    0x00002e5b      0x117 ./Application/User/Core/stm32wl3x_it.o
 .debug_info    0x00002f72       0x30 ./Application/User/Startup/startup_stm32wl33kcvx.o
 .debug_info    0x00002fa2      0x971 ./Drivers/CMSIS/system_stm32wl3x.o
 .debug_info    0x00003913      0xa1d ./Drivers/STM32WL3x_HAL_Driver/stm32wl3x_hal.o
 .debug_info    0x00004330     0x15ba ./Drivers/STM32WL3x_HAL_Driver/stm32wl3x_hal_adc.o
 .debug_info    0x000058ea      0x85b ./Drivers/STM32WL3x_HAL_Driver/stm32wl3x_hal_cortex.o
 .debug_info    0x00006145      0x761 ./Drivers/STM32WL3x_HAL_Driver/stm32wl3x_hal_dma.o
 .debug_info    0x000068a6      0x5d2 ./Drivers/STM32WL3x_HAL_Driver/stm32wl3x_hal_gpio.o
 .debug_info    0x00006e78     0x1f54 ./Drivers/STM32WL3x_HAL_Driver/stm32wl3x_hal_mrsubg.o
 .debug_info    0x00008dcc      0x816 ./Drivers/STM32WL3x_HAL_Driver/stm32wl3x_hal_pwr_ex.o
 .debug_info    0x000095e2      0xc98 ./Drivers/STM32WL3x_HAL_Driver/stm32wl3x_hal_rcc.o
 .debug_info    0x0000a27a      0x759 ./Drivers/STM32WL3x_HAL_Driver/stm32wl3x_hal_rcc_ex.o
 .debug_info    0x0000a9d3     0x15dc ./Drivers/STM32WL3x_HAL_Driver/stm32wl3x_hal_spi.o
 .debug_info    0x0000bfaf     0x4648 ./Drivers/STM32WL3x_HAL_Driver/stm32wl3x_hal_uart.o
 .debug_info    0x000105f7      0xf18 ./Drivers/STM32WL3x_HAL_Driver/stm32wl3x_hal_uart_ex.o
 .debug_info    0x0001150f      0x435 ./Drivers/STM32WL3x_HAL_Driver/stm32wl3x_ll_utils.o

.debug_abbrev   0x00000000     0x28d8
 .debug_abbrev  0x00000000      0x34c ./Application/User/Core/main.o
 .debug_abbrev  0x0000034c      0x263 ./Application/User/Core/stm32wl3x_hal_msp.o
 .debug_abbrev  0x000005af       0xac ./Application/User/Core/stm32wl3x_it.o
 .debug_abbrev  0x0000065b       0x24 ./Application/User/Startup/startup_stm32wl33kcvx.o
 .debug_abbrev  0x0000067f      0x26a ./Drivers/CMSIS/system_stm32wl3x.o
 .debug_abbrev  0x000008e9      0x2a1 ./Drivers/STM32WL3x_HAL_Driver/stm32wl3x_hal.o
 .debug_abbrev  0x00000b8a      0x236 ./Drivers/STM32WL3x_HAL_Driver/stm32wl3x_hal_adc.o
 .debug_abbrev  0x00000dc0      0x2ab ./Drivers/STM32WL3x_HAL_Driver/stm32wl3x_hal_cortex.o
 .debug_abbrev  0x0000106b      0x1f6 ./Drivers/STM32WL3x_HAL_Driver/stm32wl3x_hal_dma.o
 .debug_abbrev  0x00001261      0x1c6 ./Drivers/STM32WL3x_HAL_Driver/stm32wl3x_hal_gpio.o
 .debug_abbrev  0x00001427      0x33c ./Drivers/STM32WL3x_HAL_Driver/stm32wl3x_hal_mrsubg.o
 .debug_abbrev  0x00001763      0x23f ./Drivers/STM32WL3x_HAL_Driver/stm32wl3x_hal_pwr_ex.o
 .debug_abbrev  0x000019a2      0x2e4 ./Drivers/STM32WL3x_HAL_Driver/stm32wl3x_hal_rcc.o
 .debug_abbrev  0x00001c86      0x248 ./Drivers/STM32WL3x_HAL_Driver/stm32wl3x_hal_rcc_ex.o
 .debug_abbrev  0x00001ece      0x27d ./Drivers/STM32WL3x_HAL_Driver/stm32wl3x_hal_spi.o
 .debug_abbrev  0x0000214b      0x323 ./Drivers/STM32WL3x_HAL_Driver/stm32wl3x_hal_uart.o
 .debug_abbrev  0x0000246e      0x2e5 ./Drivers/STM32WL3x_HAL_Driver/stm32wl3x_hal_uart_ex.o
 .debug_abbrev  0x00002753      0x185 ./Drivers/STM32WL3x_HAL_Driver/stm32wl3x_ll_utils.o

.debug_aranges  0x00000000     0x1238
 .debug_aranges
                0x00000000       0xd0 ./Application/User/Core/main.o
 .debug_aranges
                0x000000d0       0xa8 ./Application/User/Core/stm32wl3x_hal_msp.o
 .debug_aranges
                0x00000178       0x40 ./Application/User/Core/stm32wl3x_it.o
 .debug_aranges
                0x000001b8       0x28 ./Application/User/Startup/startup_stm32wl33kcvx.o
 .debug_aranges
                0x000001e0       0x40 ./Drivers/CMSIS/system_stm32wl3x.o
 .debug_aranges
                0x00000220      0x148 ./Drivers/STM32WL3x_HAL_Driver/stm32wl3x_hal.o
 .debug_aranges
                0x00000368      0x248 ./Drivers/STM32WL3x_HAL_Driver/stm32wl3x_hal_adc.o
 .debug_aranges
                0x000005b0       0xd0 ./Drivers/STM32WL3x_HAL_Driver/stm32wl3x_hal_cortex.o
 .debug_aranges
                0x00000680       0x80 ./Drivers/STM32WL3x_HAL_Driver/stm32wl3x_hal_dma.o
 .debug_aranges
                0x00000700       0x60 ./Drivers/STM32WL3x_HAL_Driver/stm32wl3x_hal_gpio.o
 .debug_aranges
                0x00000760      0x258 ./Drivers/STM32WL3x_HAL_Driver/stm32wl3x_hal_mrsubg.o
 .debug_aranges
                0x000009b8      0x120 ./Drivers/STM32WL3x_HAL_Driver/stm32wl3x_hal_pwr_ex.o
 .debug_aranges
                0x00000ad8      0x170 ./Drivers/STM32WL3x_HAL_Driver/stm32wl3x_hal_rcc.o
 .debug_aranges
                0x00000c48       0xc8 ./Drivers/STM32WL3x_HAL_Driver/stm32wl3x_hal_rcc_ex.o
 .debug_aranges
                0x00000d10      0x1d8 ./Drivers/STM32WL3x_HAL_Driver/stm32wl3x_hal_spi.o
 .debug_aranges
                0x00000ee8      0x248 ./Drivers/STM32WL3x_HAL_Driver/stm32wl3x_hal_uart.o
 .debug_aranges
                0x00001130       0xa8 ./Drivers/STM32WL3x_HAL_Driver/stm32wl3x_hal_uart_ex.o
 .debug_aranges
                0x000011d8       0x60 ./Drivers/STM32WL3x_HAL_Driver/stm32wl3x_ll_utils.o

.debug_rnglists
                0x00000000      0xe00
 .debug_rnglists
                0x00000000       0x9e ./Application/User/Core/main.o
 .debug_rnglists
                0x0000009e       0x7b ./Application/User/Core/stm32wl3x_hal_msp.o
 .debug_rnglists
                0x00000119       0x2b ./Application/User/Core/stm32wl3x_it.o
 .debug_rnglists
                0x00000144       0x19 ./Application/User/Startup/startup_stm32wl33kcvx.o
 .debug_rnglists
                0x0000015d       0x2e ./Drivers/CMSIS/system_stm32wl3x.o
 .debug_rnglists
                0x0000018b       0xf2 ./Drivers/STM32WL3x_HAL_Driver/stm32wl3x_hal.o
 .debug_rnglists
                0x0000027d      0x1be ./Drivers/STM32WL3x_HAL_Driver/stm32wl3x_hal_adc.o
 .debug_rnglists
                0x0000043b       0x99 ./Drivers/STM32WL3x_HAL_Driver/stm32wl3x_hal_cortex.o
 .debug_rnglists
                0x000004d4       0x64 ./Drivers/STM32WL3x_HAL_Driver/stm32wl3x_hal_dma.o
 .debug_rnglists
                0x00000538       0x45 ./Drivers/STM32WL3x_HAL_Driver/stm32wl3x_hal_gpio.o
 .debug_rnglists
                0x0000057d      0x1d4 ./Drivers/STM32WL3x_HAL_Driver/stm32wl3x_hal_mrsubg.o
 .debug_rnglists
                0x00000751       0xd3 ./Drivers/STM32WL3x_HAL_Driver/stm32wl3x_hal_pwr_ex.o
 .debug_rnglists
                0x00000824      0x113 ./Drivers/STM32WL3x_HAL_Driver/stm32wl3x_hal_rcc.o
 .debug_rnglists
                0x00000937       0x93 ./Drivers/STM32WL3x_HAL_Driver/stm32wl3x_hal_rcc_ex.o
 .debug_rnglists
                0x000009ca      0x17a ./Drivers/STM32WL3x_HAL_Driver/stm32wl3x_hal_spi.o
 .debug_rnglists
                0x00000b44      0x1f8 ./Drivers/STM32WL3x_HAL_Driver/stm32wl3x_hal_uart.o
 .debug_rnglists
                0x00000d3c       0x80 ./Drivers/STM32WL3x_HAL_Driver/stm32wl3x_hal_uart_ex.o
 .debug_rnglists
                0x00000dbc       0x44 ./Drivers/STM32WL3x_HAL_Driver/stm32wl3x_ll_utils.o

.debug_macro    0x00000000    0x1e968
 .debug_macro   0x00000000      0x39e ./Application/User/Core/main.o
 .debug_macro   0x0000039e      0xab4 ./Application/User/Core/main.o
 .debug_macro   0x00000e52       0xe2 ./Application/User/Core/main.o
 .debug_macro   0x00000f34       0x2e ./Application/User/Core/main.o
 .debug_macro   0x00000f62       0x4c ./Application/User/Core/main.o
 .debug_macro   0x00000fae       0x22 ./Application/User/Core/main.o
 .debug_macro   0x00000fd0       0x8e ./Application/User/Core/main.o
 .debug_macro   0x0000105e       0x51 ./Application/User/Core/main.o
 .debug_macro   0x000010af      0x103 ./Application/User/Core/main.o
 .debug_macro   0x000011b2       0x6a ./Application/User/Core/main.o
 .debug_macro   0x0000121c      0x1df ./Application/User/Core/main.o
 .debug_macro   0x000013fb       0x1c ./Application/User/Core/main.o
 .debug_macro   0x00001417       0x22 ./Application/User/Core/main.o
 .debug_macro   0x00001439       0xd1 ./Application/User/Core/main.o
 .debug_macro   0x0000150a      0x4da ./Application/User/Core/main.o
 .debug_macro   0x000019e4      0x11f ./Application/User/Core/main.o
 .debug_macro   0x00001b03       0x94 ./Application/User/Core/main.o
 .debug_macro   0x00001b97    0x1244b ./Application/User/Core/main.o
 .debug_macro   0x00013fe2       0xd6 ./Application/User/Core/main.o
 .debug_macro   0x000140b8     0x3439 ./Application/User/Core/main.o
 .debug_macro   0x000174f1      0x190 ./Application/User/Core/main.o
 .debug_macro   0x00017681       0x5a ./Application/User/Core/main.o
 .debug_macro   0x000176db       0xf0 ./Application/User/Core/main.o
 .debug_macro   0x000177cb      0x2cc ./Application/User/Core/main.o
 .debug_macro   0x00017a97      0x2f8 ./Application/User/Core/main.o
 .debug_macro   0x00017d8f      0x45c ./Application/User/Core/main.o
 .debug_macro   0x000181eb      0x4a3 ./Application/User/Core/main.o
 .debug_macro   0x0001868e      0x1f8 ./Application/User/Core/main.o
 .debug_macro   0x00018886      0x1f9 ./Application/User/Core/main.o
 .debug_macro   0x00018a7f       0x89 ./Application/User/Core/main.o
 .debug_macro   0x00018b08      0x224 ./Application/User/Core/main.o
 .debug_macro   0x00018d2c       0xcb ./Application/User/Core/main.o
 .debug_macro   0x00018df7      0x3e1 ./Application/User/Core/main.o
 .debug_macro   0x000191d8      0x306 ./Application/User/Core/main.o
 .debug_macro   0x000194de      0x11f ./Application/User/Core/main.o
 .debug_macro   0x000195fd      0x2a9 ./Application/User/Core/main.o
 .debug_macro   0x000198a6       0xe1 ./Application/User/Core/main.o
 .debug_macro   0x00019987      0xb04 ./Application/User/Core/main.o
 .debug_macro   0x0001a48b      0x135 ./Application/User/Core/main.o
 .debug_macro   0x0001a5c0      0x2fe ./Application/User/Core/main.o
 .debug_macro   0x0001a8be      0x693 ./Application/User/Core/main.o
 .debug_macro   0x0001af51       0xa6 ./Application/User/Core/main.o
 .debug_macro   0x0001aff7       0x6b ./Application/User/Core/main.o
 .debug_macro   0x0001b062       0x88 ./Application/User/Core/main.o
 .debug_macro   0x0001b0ea      0x13c ./Application/User/Core/main.o
 .debug_macro   0x0001b226      0x278 ./Application/User/Core/main.o
 .debug_macro   0x0001b49e       0xef ./Application/User/Core/main.o
 .debug_macro   0x0001b58d      0x196 ./Application/User/Core/main.o
 .debug_macro   0x0001b723      0x116 ./Application/User/Core/main.o
 .debug_macro   0x0001b839       0x7c ./Application/User/Core/main.o
 .debug_macro   0x0001b8b5       0x61 ./Application/User/Core/main.o
 .debug_macro   0x0001b916       0x24 ./Application/User/Core/main.o
 .debug_macro   0x0001b93a       0x43 ./Application/User/Core/main.o
 .debug_macro   0x0001b97d       0x34 ./Application/User/Core/main.o
 .debug_macro   0x0001b9b1       0x16 ./Application/User/Core/main.o
 .debug_macro   0x0001b9c7       0x3c ./Application/User/Core/main.o
 .debug_macro   0x0001ba03      0x364 ./Application/User/Core/main.o
 .debug_macro   0x0001bd67       0x10 ./Application/User/Core/main.o
 .debug_macro   0x0001bd77       0x16 ./Application/User/Core/main.o
 .debug_macro   0x0001bd8d       0x4a ./Application/User/Core/main.o
 .debug_macro   0x0001bdd7       0x34 ./Application/User/Core/main.o
 .debug_macro   0x0001be0b       0x10 ./Application/User/Core/main.o
 .debug_macro   0x0001be1b       0x58 ./Application/User/Core/main.o
 .debug_macro   0x0001be73       0x8e ./Application/User/Core/main.o
 .debug_macro   0x0001bf01       0x1c ./Application/User/Core/main.o
 .debug_macro   0x0001bf1d      0x17e ./Application/User/Core/main.o
 .debug_macro   0x0001c09b       0x16 ./Application/User/Core/main.o
 .debug_macro   0x0001c0b1       0x16 ./Application/User/Core/main.o
 .debug_macro   0x0001c0c7      0x146 ./Application/User/Core/main.o
 .debug_macro   0x0001c20d       0x22 ./Application/User/Core/main.o
 .debug_macro   0x0001c22f       0x22 ./Application/User/Core/main.o
 .debug_macro   0x0001c251       0x1c ./Application/User/Core/main.o
 .debug_macro   0x0001c26d       0x16 ./Application/User/Core/main.o
 .debug_macro   0x0001c283      0x268 ./Application/User/Core/stm32wl3x_hal_msp.o
 .debug_macro   0x0001c4eb      0x272 ./Application/User/Core/stm32wl3x_it.o
 .debug_macro   0x0001c75d      0x24d ./Drivers/CMSIS/system_stm32wl3x.o
 .debug_macro   0x0001c9aa      0x22f ./Drivers/STM32WL3x_HAL_Driver/stm32wl3x_hal.o
 .debug_macro   0x0001cbd9      0x237 ./Drivers/STM32WL3x_HAL_Driver/stm32wl3x_hal_adc.o
 .debug_macro   0x0001ce10      0x22f ./Drivers/STM32WL3x_HAL_Driver/stm32wl3x_hal_cortex.o
 .debug_macro   0x0001d03f      0x22f ./Drivers/STM32WL3x_HAL_Driver/stm32wl3x_hal_dma.o
 .debug_macro   0x0001d26e      0x236 ./Drivers/STM32WL3x_HAL_Driver/stm32wl3x_hal_gpio.o
 .debug_macro   0x0001d4a4      0x32d ./Drivers/STM32WL3x_HAL_Driver/stm32wl3x_hal_mrsubg.o
 .debug_macro   0x0001d7d1       0x10 ./Drivers/STM32WL3x_HAL_Driver/stm32wl3x_hal_mrsubg.o
 .debug_macro   0x0001d7e1       0x20 ./Drivers/STM32WL3x_HAL_Driver/stm32wl3x_hal_mrsubg.o
 .debug_macro   0x0001d801      0x22f ./Drivers/STM32WL3x_HAL_Driver/stm32wl3x_hal_pwr_ex.o
 .debug_macro   0x0001da30      0x295 ./Drivers/STM32WL3x_HAL_Driver/stm32wl3x_hal_rcc.o
 .debug_macro   0x0001dcc5      0x277 ./Drivers/STM32WL3x_HAL_Driver/stm32wl3x_hal_rcc_ex.o
 .debug_macro   0x0001df3c      0x237 ./Drivers/STM32WL3x_HAL_Driver/stm32wl3x_hal_spi.o
 .debug_macro   0x0001e173      0x25a ./Drivers/STM32WL3x_HAL_Driver/stm32wl3x_hal_uart.o
 .debug_macro   0x0001e3cd      0x23b ./Drivers/STM32WL3x_HAL_Driver/stm32wl3x_hal_uart_ex.o
 .debug_macro   0x0001e608      0x26d ./Drivers/STM32WL3x_HAL_Driver/stm32wl3x_ll_utils.o
 .debug_macro   0x0001e875       0x8e ./Drivers/STM32WL3x_HAL_Driver/stm32wl3x_ll_utils.o
 .debug_macro   0x0001e903       0x65 ./Drivers/STM32WL3x_HAL_Driver/stm32wl3x_ll_utils.o

.debug_line     0x00000000    0x128a8
 .debug_line    0x00000000      0xf6b ./Application/User/Core/main.o
 .debug_line    0x00000f6b      0xb0b ./Application/User/Core/stm32wl3x_hal_msp.o
 .debug_line    0x00001a76      0x8e2 ./Application/User/Core/stm32wl3x_it.o
 .debug_line    0x00002358       0x7c ./Application/User/Startup/startup_stm32wl33kcvx.o
 .debug_line    0x000023d4      0xa01 ./Drivers/CMSIS/system_stm32wl3x.o
 .debug_line    0x00002dd5      0xc7f ./Drivers/STM32WL3x_HAL_Driver/stm32wl3x_hal.o
 .debug_line    0x00003a54     0x14ce ./Drivers/STM32WL3x_HAL_Driver/stm32wl3x_hal_adc.o
 .debug_line    0x00004f22      0xc52 ./Drivers/STM32WL3x_HAL_Driver/stm32wl3x_hal_cortex.o
 .debug_line    0x00005b74      0xd87 ./Drivers/STM32WL3x_HAL_Driver/stm32wl3x_hal_dma.o
 .debug_line    0x000068fb      0xc97 ./Drivers/STM32WL3x_HAL_Driver/stm32wl3x_hal_gpio.o
 .debug_line    0x00007592     0x1872 ./Drivers/STM32WL3x_HAL_Driver/stm32wl3x_hal_mrsubg.o
 .debug_line    0x00008e04      0xc66 ./Drivers/STM32WL3x_HAL_Driver/stm32wl3x_hal_pwr_ex.o
 .debug_line    0x00009a6a     0x11d0 ./Drivers/STM32WL3x_HAL_Driver/stm32wl3x_hal_rcc.o
 .debug_line    0x0000ac3a      0xc17 ./Drivers/STM32WL3x_HAL_Driver/stm32wl3x_hal_rcc_ex.o
 .debug_line    0x0000b851     0x213d ./Drivers/STM32WL3x_HAL_Driver/stm32wl3x_hal_spi.o
 .debug_line    0x0000d98e     0x36fb ./Drivers/STM32WL3x_HAL_Driver/stm32wl3x_hal_uart.o
 .debug_line    0x00011089      0xe35 ./Drivers/STM32WL3x_HAL_Driver/stm32wl3x_hal_uart_ex.o
 .debug_line    0x00011ebe      0x9ea ./Drivers/STM32WL3x_HAL_Driver/stm32wl3x_ll_utils.o

.debug_str      0x00000000    0xd96b2
 .debug_str     0x00000000    0xd96b2 ./Application/User/Core/main.o
                              0xd5082 (size before relaxing)
 .debug_str     0x000d96b2    0xd1118 ./Application/User/Core/stm32wl3x_hal_msp.o
 .debug_str     0x000d96b2    0xd0586 ./Application/User/Core/stm32wl3x_it.o
 .debug_str     0x000d96b2       0x97 ./Application/User/Startup/startup_stm32wl33kcvx.o
 .debug_str     0x000d96b2    0xcf75a ./Drivers/CMSIS/system_stm32wl3x.o
 .debug_str     0x000d96b2    0xcf97a ./Drivers/STM32WL3x_HAL_Driver/stm32wl3x_hal.o
 .debug_str     0x000d96b2    0xcfda5 ./Drivers/STM32WL3x_HAL_Driver/stm32wl3x_hal_adc.o
 .debug_str     0x000d96b2    0xcf6f8 ./Drivers/STM32WL3x_HAL_Driver/stm32wl3x_hal_cortex.o
 .debug_str     0x000d96b2    0xcf657 ./Drivers/STM32WL3x_HAL_Driver/stm32wl3x_hal_dma.o
 .debug_str     0x000d96b2    0xcf454 ./Drivers/STM32WL3x_HAL_Driver/stm32wl3x_hal_gpio.o
 .debug_str     0x000d96b2    0xd408b ./Drivers/STM32WL3x_HAL_Driver/stm32wl3x_hal_mrsubg.o
 .debug_str     0x000d96b2    0xcf74f ./Drivers/STM32WL3x_HAL_Driver/stm32wl3x_hal_pwr_ex.o
 .debug_str     0x000d96b2    0xcfbc7 ./Drivers/STM32WL3x_HAL_Driver/stm32wl3x_hal_rcc.o
 .debug_str     0x000d96b2    0xcf84b ./Drivers/STM32WL3x_HAL_Driver/stm32wl3x_hal_rcc_ex.o
 .debug_str     0x000d96b2    0xcfc1e ./Drivers/STM32WL3x_HAL_Driver/stm32wl3x_hal_spi.o
 .debug_str     0x000d96b2    0xd008e ./Drivers/STM32WL3x_HAL_Driver/stm32wl3x_hal_uart.o
 .debug_str     0x000d96b2    0xcfab4 ./Drivers/STM32WL3x_HAL_Driver/stm32wl3x_hal_uart_ex.o
 .debug_str     0x000d96b2    0xcf6c1 ./Drivers/STM32WL3x_HAL_Driver/stm32wl3x_ll_utils.o

.comment        0x00000000       0x43
 .comment       0x00000000       0x43 ./Application/User/Core/main.o
                                 0x44 (size before relaxing)
 .comment       0x00000043       0x44 ./Application/User/Core/stm32wl3x_hal_msp.o
 .comment       0x00000043       0x44 ./Application/User/Core/stm32wl3x_it.o
 .comment       0x00000043       0x44 ./Drivers/CMSIS/system_stm32wl3x.o
 .comment       0x00000043       0x44 ./Drivers/STM32WL3x_HAL_Driver/stm32wl3x_hal.o
 .comment       0x00000043       0x44 ./Drivers/STM32WL3x_HAL_Driver/stm32wl3x_hal_adc.o
 .comment       0x00000043       0x44 ./Drivers/STM32WL3x_HAL_Driver/stm32wl3x_hal_cortex.o
 .comment       0x00000043       0x44 ./Drivers/STM32WL3x_HAL_Driver/stm32wl3x_hal_dma.o
 .comment       0x00000043       0x44 ./Drivers/STM32WL3x_HAL_Driver/stm32wl3x_hal_gpio.o
 .comment       0x00000043       0x44 ./Drivers/STM32WL3x_HAL_Driver/stm32wl3x_hal_mrsubg.o
 .comment       0x00000043       0x44 ./Drivers/STM32WL3x_HAL_Driver/stm32wl3x_hal_pwr_ex.o
 .comment       0x00000043       0x44 ./Drivers/STM32WL3x_HAL_Driver/stm32wl3x_hal_rcc.o
 .comment       0x00000043       0x44 ./Drivers/STM32WL3x_HAL_Driver/stm32wl3x_hal_rcc_ex.o
 .comment       0x00000043       0x44 ./Drivers/STM32WL3x_HAL_Driver/stm32wl3x_hal_spi.o
 .comment       0x00000043       0x44 ./Drivers/STM32WL3x_HAL_Driver/stm32wl3x_hal_uart.o
 .comment       0x00000043       0x44 ./Drivers/STM32WL3x_HAL_Driver/stm32wl3x_hal_uart_ex.o
 .comment       0x00000043       0x44 ./Drivers/STM32WL3x_HAL_Driver/stm32wl3x_ll_utils.o

.debug_frame    0x00000000     0x425c
 .debug_frame   0x00000000      0x2d4 ./Application/User/Core/main.o
 .debug_frame   0x000002d4      0x248 ./Application/User/Core/stm32wl3x_hal_msp.o
 .debug_frame   0x0000051c       0x9c ./Application/User/Core/stm32wl3x_it.o
 .debug_frame   0x000005b8       0xa8 ./Drivers/CMSIS/system_stm32wl3x.o
 .debug_frame   0x00000660      0x468 ./Drivers/STM32WL3x_HAL_Driver/stm32wl3x_hal.o
 .debug_frame   0x00000ac8      0x8ec ./Drivers/STM32WL3x_HAL_Driver/stm32wl3x_hal_adc.o
 .debug_frame   0x000013b4      0x2dc ./Drivers/STM32WL3x_HAL_Driver/stm32wl3x_hal_cortex.o
 .debug_frame   0x00001690      0x1b0 ./Drivers/STM32WL3x_HAL_Driver/stm32wl3x_hal_dma.o
 .debug_frame   0x00001840      0x130 ./Drivers/STM32WL3x_HAL_Driver/stm32wl3x_hal_gpio.o
 .debug_frame   0x00001970      0x918 ./Drivers/STM32WL3x_HAL_Driver/stm32wl3x_hal_mrsubg.o
 .debug_frame   0x00002288      0x3f4 ./Drivers/STM32WL3x_HAL_Driver/stm32wl3x_hal_pwr_ex.o
 .debug_frame   0x0000267c      0x508 ./Drivers/STM32WL3x_HAL_Driver/stm32wl3x_hal_rcc.o
 .debug_frame   0x00002b84      0x2a8 ./Drivers/STM32WL3x_HAL_Driver/stm32wl3x_hal_rcc_ex.o
 .debug_frame   0x00002e2c      0x710 ./Drivers/STM32WL3x_HAL_Driver/stm32wl3x_hal_spi.o
 .debug_frame   0x0000353c      0x8d8 ./Drivers/STM32WL3x_HAL_Driver/stm32wl3x_hal_uart.o
 .debug_frame   0x00003e14      0x258 ./Drivers/STM32WL3x_HAL_Driver/stm32wl3x_hal_uart_ex.o
 .debug_frame   0x0000406c      0x120 ./Drivers/STM32WL3x_HAL_Driver/stm32wl3x_ll_utils.o
 .debug_frame   0x0000418c       0x20 C:/ST/STM32CubeIDE_2.1.0/STM32CubeIDE/plugins/com.st.stm32cube.ide.mcu.externaltools.gnu-tools-for-stm32.14.3.rel1.win32_1.0.100.202602081740/tools/bin/../lib/gcc/arm-none-eabi/14.3.1/../../../../arm-none-eabi/lib/thumb/v6-m/nofp\libc_nano.a(libc_a-memset.o)
 .debug_frame   0x000041ac       0x20 C:/ST/STM32CubeIDE_2.1.0/STM32CubeIDE/plugins/com.st.stm32cube.ide.mcu.externaltools.gnu-tools-for-stm32.14.3.rel1.win32_1.0.100.202602081740/tools/bin/../lib/gcc/arm-none-eabi/14.3.1/thumb/v6-m/nofp\libgcc.a(_udivsi3.o)
 .debug_frame   0x000041cc       0x20 C:/ST/STM32CubeIDE_2.1.0/STM32CubeIDE/plugins/com.st.stm32cube.ide.mcu.externaltools.gnu-tools-for-stm32.14.3.rel1.win32_1.0.100.202602081740/tools/bin/../lib/gcc/arm-none-eabi/14.3.1/thumb/v6-m/nofp\libgcc.a(_divsi3.o)
 .debug_frame   0x000041ec       0x34 C:/ST/STM32CubeIDE_2.1.0/STM32CubeIDE/plugins/com.st.stm32cube.ide.mcu.externaltools.gnu-tools-for-stm32.14.3.rel1.win32_1.0.100.202602081740/tools/bin/../lib/gcc/arm-none-eabi/14.3.1/thumb/v6-m/nofp\libgcc.a(_muldi3.o)
 .debug_frame   0x00004220       0x3c C:/ST/STM32CubeIDE_2.1.0/STM32CubeIDE/plugins/com.st.stm32cube.ide.mcu.externaltools.gnu-tools-for-stm32.14.3.rel1.win32_1.0.100.202602081740/tools/bin/../lib/gcc/arm-none-eabi/14.3.1/thumb/v6-m/nofp\libgcc.a(_udivmoddi4.o)

.debug_line_str
                0x00000000       0x7b
 .debug_line_str
                0x00000000       0x7b ./Application/User/Startup/startup_stm32wl33kcvx.o
