Archive member included to satisfy reference by file (symbol)

C:/ST/STM32CubeIDE_2.1.0/STM32CubeIDE/plugins/com.st.stm32cube.ide.mcu.externaltools.gnu-tools-for-stm32.14.3.rel1.win32_1.0.100.202602081740/tools/bin/../lib/gcc/arm-none-eabi/14.3.1/../../../../arm-none-eabi/lib/thumb/v6-m/nofp\libc_nano.a(libc_a-exit.o)
                              C:/ST/STM32CubeIDE_2.1.0/STM32CubeIDE/plugins/com.st.stm32cube.ide.mcu.externaltools.gnu-tools-for-stm32.14.3.rel1.win32_1.0.100.202602081740/tools/bin/../lib/gcc/arm-none-eabi/14.3.1/../../../../arm-none-eabi/lib/thumb/v6-m/nofp/crt0.o (exit)
C:/ST/STM32CubeIDE_2.1.0/STM32CubeIDE/plugins/com.st.stm32cube.ide.mcu.externaltools.gnu-tools-for-stm32.14.3.rel1.win32_1.0.100.202602081740/tools/bin/../lib/gcc/arm-none-eabi/14.3.1/../../../../arm-none-eabi/lib/thumb/v6-m/nofp\libc_nano.a(libc_a-findfp.o)
                              C:/ST/STM32CubeIDE_2.1.0/STM32CubeIDE/plugins/com.st.stm32cube.ide.mcu.externaltools.gnu-tools-for-stm32.14.3.rel1.win32_1.0.100.202602081740/tools/bin/../lib/gcc/arm-none-eabi/14.3.1/../../../../arm-none-eabi/lib/thumb/v6-m/nofp\libc_nano.a(libc_a-exit.o) (__stdio_exit_handler)
C:/ST/STM32CubeIDE_2.1.0/STM32CubeIDE/plugins/com.st.stm32cube.ide.mcu.externaltools.gnu-tools-for-stm32.14.3.rel1.win32_1.0.100.202602081740/tools/bin/../lib/gcc/arm-none-eabi/14.3.1/../../../../arm-none-eabi/lib/thumb/v6-m/nofp\libc_nano.a(libc_a-fwalk.o)
                              C:/ST/STM32CubeIDE_2.1.0/STM32CubeIDE/plugins/com.st.stm32cube.ide.mcu.externaltools.gnu-tools-for-stm32.14.3.rel1.win32_1.0.100.202602081740/tools/bin/../lib/gcc/arm-none-eabi/14.3.1/../../../../arm-none-eabi/lib/thumb/v6-m/nofp\libc_nano.a(libc_a-findfp.o) (_fwalk_sglue)
C:/ST/STM32CubeIDE_2.1.0/STM32CubeIDE/plugins/com.st.stm32cube.ide.mcu.externaltools.gnu-tools-for-stm32.14.3.rel1.win32_1.0.100.202602081740/tools/bin/../lib/gcc/arm-none-eabi/14.3.1/../../../../arm-none-eabi/lib/thumb/v6-m/nofp\libc_nano.a(libc_a-stdio.o)
                              C:/ST/STM32CubeIDE_2.1.0/STM32CubeIDE/plugins/com.st.stm32cube.ide.mcu.externaltools.gnu-tools-for-stm32.14.3.rel1.win32_1.0.100.202602081740/tools/bin/../lib/gcc/arm-none-eabi/14.3.1/../../../../arm-none-eabi/lib/thumb/v6-m/nofp\libc_nano.a(libc_a-findfp.o) (__sread)
C:/ST/STM32CubeIDE_2.1.0/STM32CubeIDE/plugins/com.st.stm32cube.ide.mcu.externaltools.gnu-tools-for-stm32.14.3.rel1.win32_1.0.100.202602081740/tools/bin/../lib/gcc/arm-none-eabi/14.3.1/../../../../arm-none-eabi/lib/thumb/v6-m/nofp\libc_nano.a(libc_a-memset.o)
                              C:/ST/STM32CubeIDE_2.1.0/STM32CubeIDE/plugins/com.st.stm32cube.ide.mcu.externaltools.gnu-tools-for-stm32.14.3.rel1.win32_1.0.100.202602081740/tools/bin/../lib/gcc/arm-none-eabi/14.3.1/../../../../arm-none-eabi/lib/thumb/v6-m/nofp/crt0.o (memset)
C:/ST/STM32CubeIDE_2.1.0/STM32CubeIDE/plugins/com.st.stm32cube.ide.mcu.externaltools.gnu-tools-for-stm32.14.3.rel1.win32_1.0.100.202602081740/tools/bin/../lib/gcc/arm-none-eabi/14.3.1/../../../../arm-none-eabi/lib/thumb/v6-m/nofp\libc_nano.a(libc_a-closer.o)
                              C:/ST/STM32CubeIDE_2.1.0/STM32CubeIDE/plugins/com.st.stm32cube.ide.mcu.externaltools.gnu-tools-for-stm32.14.3.rel1.win32_1.0.100.202602081740/tools/bin/../lib/gcc/arm-none-eabi/14.3.1/../../../../arm-none-eabi/lib/thumb/v6-m/nofp\libc_nano.a(libc_a-stdio.o) (_close_r)
C:/ST/STM32CubeIDE_2.1.0/STM32CubeIDE/plugins/com.st.stm32cube.ide.mcu.externaltools.gnu-tools-for-stm32.14.3.rel1.win32_1.0.100.202602081740/tools/bin/../lib/gcc/arm-none-eabi/14.3.1/../../../../arm-none-eabi/lib/thumb/v6-m/nofp\libc_nano.a(libc_a-reent.o)
                              C:/ST/STM32CubeIDE_2.1.0/STM32CubeIDE/plugins/com.st.stm32cube.ide.mcu.externaltools.gnu-tools-for-stm32.14.3.rel1.win32_1.0.100.202602081740/tools/bin/../lib/gcc/arm-none-eabi/14.3.1/../../../../arm-none-eabi/lib/thumb/v6-m/nofp\libc_nano.a(libc_a-closer.o) (errno)
C:/ST/STM32CubeIDE_2.1.0/STM32CubeIDE/plugins/com.st.stm32cube.ide.mcu.externaltools.gnu-tools-for-stm32.14.3.rel1.win32_1.0.100.202602081740/tools/bin/../lib/gcc/arm-none-eabi/14.3.1/../../../../arm-none-eabi/lib/thumb/v6-m/nofp\libc_nano.a(libc_a-impure.o)
                              C:/ST/STM32CubeIDE_2.1.0/STM32CubeIDE/plugins/com.st.stm32cube.ide.mcu.externaltools.gnu-tools-for-stm32.14.3.rel1.win32_1.0.100.202602081740/tools/bin/../lib/gcc/arm-none-eabi/14.3.1/../../../../arm-none-eabi/lib/thumb/v6-m/nofp\libc_nano.a(libc_a-reent.o) (_impure_ptr)
C:/ST/STM32CubeIDE_2.1.0/STM32CubeIDE/plugins/com.st.stm32cube.ide.mcu.externaltools.gnu-tools-for-stm32.14.3.rel1.win32_1.0.100.202602081740/tools/bin/../lib/gcc/arm-none-eabi/14.3.1/../../../../arm-none-eabi/lib/thumb/v6-m/nofp\libc_nano.a(libc_a-lseekr.o)
[...]
Memory Configuration

Name             Origin             Length             Attributes
RAM              0x20000000         0x00008000         xrw
REGION_FLASH_BOOTLOADER 0x10040000         0x00000000         xr
FLASH            0x10040000         0x00040000         xr
REGION_ROM       0x10000000         0x00001800         xr
*default*        0x00000000         0xffffffff

Linker script and memory map

LOAD C:/ST/STM32CubeIDE_2.1.0/STM32CubeIDE/plugins/com.st.stm32cube.ide.mcu.externaltools.gnu-tools-for-stm32.14.3.rel1.win32_1.0.100.202602081740/tools/bin/../lib/gcc/arm-none-eabi/14.3.1/thumb/v6-m/nofp/crti.o
LOAD C:/ST/STM32CubeIDE_2.1.0/STM32CubeIDE/plugins/com.st.stm32cube.ide.mcu.externaltools.gnu-tools-for-stm32.14.3.rel1.win32_1.0.100.202602081740/tools/bin/../lib/gcc/arm-none-eabi/14.3.1/thumb/v6-m/nofp/crtbegin.o
LOAD C:/ST/STM32CubeIDE_2.1.0/STM32CubeIDE/plugins/com.st.stm32cube.ide.mcu.externaltools.gnu-tools-for-stm32.14.3.rel1.win32_1.0.100.202602081740/tools/bin/../lib/gcc/arm-none-eabi/14.3.1/../../../../arm-none-eabi/lib/thumb/v6-m/nofp/crt0.o
LOAD ./Application/User/Core/main.o
LOAD ./Application/User/Core/stm32wl3x_hal_msp.o
LOAD ./Application/User/Core/stm32wl3x_it.o
LOAD ./Application/User/Core/syscalls.o
LOAD ./Application/User/Core/sysmem.o
LOAD ./Application/User/Startup/startup_stm32wl33kcvx.o
LOAD ./Drivers/CMSIS/system_stm32wl3x.o
LOAD ./Drivers/STM32WL3x_HAL_Driver/stm32wl3x_hal.o
LOAD ./Drivers/STM32WL3x_HAL_Driver/stm32wl3x_hal_adc.o
LOAD ./Drivers/STM32WL3x_HAL_Driver/stm32wl3x_hal_cortex.o
LOAD ./Drivers/STM32WL3x_HAL_Driver/stm32wl3x_hal_dma.o
LOAD ./Drivers/STM32WL3x_HAL_Driver/stm32wl3x_hal_flash.o
LOAD ./Drivers/STM32WL3x_HAL_Driver/stm32wl3x_hal_flash_ex.o
LOAD ./Drivers/STM32WL3x_HAL_Driver/stm32wl3x_hal_gpio.o
LOAD ./Drivers/STM32WL3x_HAL_Driver/stm32wl3x_hal_mrsubg.o
LOAD ./Drivers/STM32WL3x_HAL_Driver/stm32wl3x_hal_pwr.o
LOAD ./Drivers/STM32WL3x_HAL_Driver/stm32wl3x_hal_pwr_ex.o
LOAD ./Drivers/STM32WL3x_HAL_Driver/stm32wl3x_hal_rcc.o
LOAD ./Drivers/STM32WL3x_HAL_Driver/stm32wl3x_hal_rcc_ex.o
LOAD ./Drivers/STM32WL3x_HAL_Driver/stm32wl3x_hal_spi.o
LOAD ./Drivers/STM32WL3x_HAL_Driver/stm32wl3x_hal_spi_ex.o
LOAD ./Drivers/STM32WL3x_HAL_Driver/stm32wl3x_hal_tim.o
LOAD ./Drivers/STM32WL3x_HAL_Driver/stm32wl3x_hal_tim_ex.o
LOAD ./Drivers/STM32WL3x_HAL_Driver/stm32wl3x_hal_uart.o
LOAD ./Drivers/STM32WL3x_HAL_Driver/stm32wl3x_hal_uart_ex.o
LOAD ./Drivers/STM32WL3x_HAL_Driver/stm32wl3x_ll_utils.o
START GROUP
LOAD C:/ST/STM32CubeIDE_2.1.0/STM32CubeIDE/plugins/com.st.stm32cube.ide.mcu.externaltools.gnu-tools-for-stm32.14.3.rel1.win32_1.0.100.202602081740/tools/bin/../lib/gcc/arm-none-eabi/14.3.1/../../../../arm-none-eabi/lib/thumb/v6-m/nofp\libc_nano.a
LOAD C:/ST/STM32CubeIDE_2.1.0/STM32CubeIDE/plugins/com.st.stm32cube.ide.mcu.externaltools.gnu-tools-for-stm32.14.3.rel1.win32_1.0.100.202602081740/tools/bin/../lib/gcc/arm-none-eabi/14.3.1/../../../../arm-none-eabi/lib/thumb/v6-m/nofp\libm.a
END GROUP
START GROUP
LOAD C:/ST/STM32CubeIDE_2.1.0/STM32CubeIDE/plugins/com.st.stm32cube.ide.mcu.externaltools.gnu-tools-for-stm32.14.3.rel1.win32_1.0.100.202602081740/tools/bin/../lib/gcc/arm-none-eabi/14.3.1/thumb/v6-m/nofp\libgcc.a
LOAD C:/ST/STM32CubeIDE_2.1.0/STM32CubeIDE/plugins/com.st.stm32cube.ide.mcu.externaltools.gnu-tools-for-stm32.14.3.rel1.win32_1.0.100.202602081740/tools/bin/../lib/gcc/arm-none-eabi/14.3.1/../../../../arm-none-eabi/lib/thumb/v6-m/nofp\libc_nano.a
END GROUP
START GROUP
LOAD C:/ST/STM32CubeIDE_2.1.0/STM32CubeIDE/plugins/com.st.stm32cube.ide.mcu.externaltools.gnu-tools-for-stm32.14.3.rel1.win32_1.0.100.202602081740/tools/bin/../lib/gcc/arm-none-eabi/14.3.1/thumb/v6-m/nofp\libgcc.a
LOAD C:/ST/STM32CubeIDE_2.1.0/STM32CubeIDE/plugins/com.st.stm32cube.ide.mcu.externaltools.gnu-tools-for-stm32.14.3.rel1.win32_1.0.100.202602081740/tools/bin/../lib/gcc/arm-none-eabi/14.3.1/../../../../arm-none-eabi/lib/thumb/v6-m/nofp\libc_nano.a
LOAD C:/ST/STM32CubeIDE_2.1.0/STM32CubeIDE/plugins/com.st.stm32cube.ide.mcu.externaltools.gnu-tools-for-stm32.14.3.rel1.win32_1.0.100.202602081740/tools/bin/../lib/gcc/arm-none-eabi/14.3.1/../../../../arm-none-eabi/lib/thumb/v6-m/nofp\libnosys.a
END GROUP
START GROUP
LOAD C:/ST/STM32CubeIDE_2.1.0/STM32CubeIDE/plugins/com.st.stm32cube.ide.mcu.externaltools.gnu-tools-for-stm32.14.3.rel1.win32_1.0.100.202602081740/tools/bin/../lib/gcc/arm-none-eabi/14.3.1/thumb/v6-m/nofp\libgcc.a
LOAD C:/ST/STM32CubeIDE_2.1.0/STM32CubeIDE/plugins/com.st.stm32cube.ide.mcu.externaltools.gnu-tools-for-stm32.14.3.rel1.win32_1.0.100.202602081740/tools/bin/../lib/gcc/arm-none-eabi/14.3.1/../../../../arm-none-eabi/lib/thumb/v6-m/nofp\libc_nano.a
LOAD C:/ST/STM32CubeIDE_2.1.0/STM32CubeIDE/plugins/com.st.stm32cube.ide.mcu.externaltools.gnu-tools-for-stm32.14.3.rel1.win32_1.0.100.202602081740/tools/bin/../lib/gcc/arm-none-eabi/14.3.1/../../../../arm-none-eabi/lib/thumb/v6-m/nofp\libnosys.a
END GROUP
LOAD C:/ST/STM32CubeIDE_2.1.0/STM32CubeIDE/plugins/com.st.stm32cube.ide.mcu.externaltools.gnu-tools-for-stm32.14.3.rel1.win32_1.0.100.202602081740/tools/bin/../lib/gcc/arm-none-eabi/14.3.1/thumb/v6-m/nofp/crtend.o
LOAD C:/ST/STM32CubeIDE_2.1.0/STM32CubeIDE/plugins/com.st.stm32cube.ide.mcu.externaltools.gnu-tools-for-stm32.14.3.rel1.win32_1.0.100.202602081740/tools/bin/../lib/gcc/arm-none-eabi/14.3.1/thumb/v6-m/nofp/crtn.o
                0x20000000                        _MEMORY_RAM_BEGIN_ = 0x20000000
                0x00008000                        _MEMORY_RAM_SIZE_ = 0x8000
                0x20007fff                        _MEMORY_RAM_END_ = 0x20007fff
                0x10040000                        _MEMORY_FLASH_BEGIN_ = 0x10040000
                0x00040000                        _MEMORY_FLASH_SIZE_ = 0x40000
                0x1007ffff                        _MEMORY_FLASH_END_ = 0x1007ffff
                0x10000000                        _MEMORY_ROM_BEGIN_ = 0x10000000
                0x00001800                        _MEMORY_ROM_SIZE_ = 0x1800
                0x100017ff                        _MEMORY_ROM_END_ = 0x100017ff
                0x00000000                        MEMORY_FLASH_APP_OFFSET = DEFINED (MEMORY_FLASH_APP_OFFSET)?MEMORY_FLASH_APP_OFFSET:0x0
                0x00040000                        MEMORY_FLASH_APP_SIZE = DEFINED (MEMORY_FLASH_APP_SIZE)?MEMORY_FLASH_APP_SIZE:(_MEMORY_FLASH_SIZE_ - MEMORY_FLASH_APP_OFFSET)
                0x00000800                        RESET_MANAGER_SIZE = DEFINED (RESET_MANAGER_SIZE)?RESET_MANAGER_SIZE:0x800
                0x00000000                        _Min_Heap_Size = 0x0
                0x00000c00                        _Min_Stack_Size = 0xc00

.intvec         0x10040000       0xc0
                0x10040000                        . = ALIGN (0x4)
 *(.intvec)
 .intvec        0x10040000       0xc0 ./Application/User/Startup/startup_stm32wl33kcvx.o
                0x10040000                __vector_table
                0x100400c0                        . = ALIGN (0x4)

.text           0x100400c0     0x549c
                0x100400c0                        . = ALIGN (0x4)
 *(.cmd_call_table)
 *(.text)
 .text          0x100400c0      0x114 C:/ST/STM32CubeIDE_2.1.0/STM32CubeIDE/plugins/com.st.stm32cube.ide.mcu.externaltools.gnu-tools-for-stm32.14.3.rel1.win32_1.0.100.202602081740/tools/bin/../lib/gcc/arm-none-eabi/14.3.1/thumb/v6-m/nofp\libgcc.a(_udivsi3.o)
                0x100400c0                __aeabi_uidiv
                0x100400c0                __udivsi3
                0x100401cc                __aeabi_uidivmod
 .text          0x100401d4      0x1d4 C:/ST/STM32CubeIDE_2.1.0/STM32CubeIDE/plugins/com.st.stm32cube.ide.mcu.externaltools.gnu-tools-for-stm32.14.3.rel1.win32_1.0.100.202602081740/tools/bin/../lib/gcc/arm-none-eabi/14.3.1/thumb/v6-m/nofp\libgcc.a(_divsi3.o)
                0x100401d4                __divsi3
                0x100401d4                __aeabi_idiv
                0x100403a0                __aeabi_idivmod
 .text          0x100403a8        0x4 C:/ST/STM32CubeIDE_2.1.0/STM32CubeIDE/plugins/com.st.stm32cube.ide.mcu.externaltools.gnu-tools-for-stm32.14.3.rel1.win32_1.0.100.202602081740/tools/bin/../lib/gcc/arm-none-eabi/14.3.1/thumb/v6-m/nofp\libgcc.a(_dvmd_tls.o)
                0x100403a8                __aeabi_idiv0
                0x100403a8                __aeabi_ldiv0
 .text          0x100403ac       0x40 C:/ST/STM32CubeIDE_2.1.0/STM32CubeIDE/plugins/com.st.stm32cube.ide.mcu.externaltools.gnu-tools-for-stm32.14.3.rel1.win32_1.0.100.202602081740/tools/bin/../lib/gcc/arm-none-eabi/14.3.1/thumb/v6-m/nofp\libgcc.a(_aeabi_uldivmod.o)
                0x100403ac                __aeabi_uldivmod
 .text          0x100403ec       0x5c C:/ST/STM32CubeIDE_2.1.0/STM32CubeIDE/plugins/com.st.stm32cube.ide.mcu.externaltools.gnu-tools-for-stm32.14.3.rel1.win32_1.0.100.202602081740/tools/bin/../lib/gcc/arm-none-eabi/14.3.1/thumb/v6-m/nofp\libgcc.a(_muldi3.o)
                0x100403ec                __muldi3
                0x100403ec                __aeabi_lmul
 .text          0x10040448      0x198 C:/ST/STM32CubeIDE_2.1.0/STM32CubeIDE/plugins/com.st.stm32cube.ide.mcu.externaltools.gnu-tools-for-stm32.14.3.rel1.win32_1.0.100.202602081740/tools/bin/../lib/gcc/arm-none-eabi/14.3.1/thumb/v6-m/nofp\libgcc.a(_udivmoddi4.o)
                0x10040448                __udivmoddi4
 .text          0x100405e0       0x18 C:/ST/STM32CubeIDE_2.1.0/STM32CubeIDE/plugins/com.st.stm32cube.ide.mcu.externaltools.gnu-tools-for-stm32.14.3.rel1.win32_1.0.100.202602081740/tools/bin/../lib/gcc/arm-none-eabi/14.3.1/thumb/v6-m/nofp\libgcc.a(_clzdi2.o)
                0x100405e0                __clzdi2
 .text          0x100405f8       0x3c C:/ST/STM32CubeIDE_2.1.0/STM32CubeIDE/plugins/com.st.stm32cube.ide.mcu.externaltools.gnu-tools-for-stm32.14.3.rel1.win32_1.0.100.202602081740/tools/bin/../lib/gcc/arm-none-eabi/14.3.1/thumb/v6-m/nofp\libgcc.a(_clzsi2.o)
                0x100405f8                __clzsi2
 *(.text*)
 .text.LL_AHB1_GRP1_EnableClock
                0x10040634       0x2c ./Application/User/Core/main.o
 .text.MX_USART1_UART_Init
                0x10040660       0x9c ./Application/User/Core/main.o
 .text.TCAN4550_WriteReg
                0x100406fc       0x9c ./Application/User/Core/main.o
                0x100406fc                TCAN4550_WriteReg
 .text.TCAN4550_Init
                0x10040798      0x180 ./Application/User/Core/main.o
                0x10040798                TCAN4550_Init
 .text.TCAN4550_Send_Test_Message
                0x10040918       0x9c ./Application/User/Core/main.o
                0x10040918                TCAN4550_Send_Test_Message
 .text.main     0x100409b4       0x4c ./Application/User/Core/main.o
                0x100409b4                main
 .text.SystemClock_Config
                0x10040a00       0x66 ./Application/User/Core/main.o
                0x10040a00                SystemClock_Config
 .text.PeriphCommonClock_Config
                0x10040a66       0x3e ./Application/User/Core/main.o
                0x10040a66                PeriphCommonClock_Config
 .text.MX_MRSUBG_Init
                0x10040aa4       0x88 ./Application/User/Core/main.o
 .text.MX_SPI3_Init
                0x10040b2c       0x70 ./Application/User/Core/main.o
 .text.MX_ADC1_Init
                0x10040b9c       0xa8 ./Application/User/Core/main.o
 .text.MX_GPIO_Init
                0x10040c44      0x128 ./Application/User/Core/main.o
 .text.Error_Handler
                0x10040d6c        0xc ./Application/User/Core/main.o
                0x10040d6c                Error_Handler
 .text.LL_AHB1_GRP1_EnableClock
                0x10040d78       0x2c ./Application/User/Core/stm32wl3x_hal_msp.o
 .text.LL_APB0_GRP1_EnableClock
                0x10040da4       0x2c ./Application/User/Core/stm32wl3x_hal_msp.o
 .text.LL_APB1_GRP1_EnableClock
                0x10040dd0       0x2c ./Application/User/Core/stm32wl3x_hal_msp.o
 .text.LL_APB2_GRP1_EnableClock
                0x10040dfc       0x2c ./Application/User/Core/stm32wl3x_hal_msp.o
 .text.LL_APB2_GRP1_IsEnabledClock
                0x10040e28       0x28 ./Application/User/Core/stm32wl3x_hal_msp.o
 .text.LL_APB2_GRP1_ForceReset
                0x10040e50       0x20 ./Application/User/Core/stm32wl3x_hal_msp.o
 .text.LL_APB2_GRP1_ReleaseReset
                0x10040e70       0x24 ./Application/User/Core/stm32wl3x_hal_msp.o
 .text.HAL_MspInit
                0x10040e94       0x14 ./Application/User/Core/stm32wl3x_hal_msp.o
                0x10040e94                HAL_MspInit
 .text.HAL_ADC_MspInit
                0x10040ea8       0x74 ./Application/User/Core/stm32wl3x_hal_msp.o
                0x10040ea8                HAL_ADC_MspInit
 .text.HAL_MRSubG_MspInit
                0x10040f1c       0x56 ./Application/User/Core/stm32wl3x_hal_msp.o
                0x10040f1c                HAL_MRSubG_MspInit
 *fill*         0x10040f72        0x2 
 .text.HAL_SPI_MspInit
                0x10040f74       0xfc ./Application/User/Core/stm32wl3x_hal_msp.o
                0x10040f74                HAL_SPI_MspInit
 .text.HAL_UART_MspInit
                0x10041070       0x88 ./Application/User/Core/stm32wl3x_hal_msp.o
                0x10041070                HAL_UART_MspInit
 .text.NMI_Handler
                0x100410f8        0x8 ./Application/User/Core/stm32wl3x_it.o
                0x100410f8                NMI_Handler
 .text.HardFault_Handler
                0x10041100        0x8 ./Application/User/Core/stm32wl3x_it.o
                0x10041100                HardFault_Handler
 .text.SVC_Handler
                0x10041108        0xa ./Application/User/Core/stm32wl3x_it.o
                0x10041108                SVC_Handler
 .text.PendSV_Handler
                0x10041112        0xa ./Application/User/Core/stm32wl3x_it.o
                0x10041112                PendSV_Handler
 .text.SysTick_Handler
                0x1004111c        0xe ./Application/User/Core/stm32wl3x_it.o
                0x1004111c                SysTick_Handler
 *fill*         0x1004112a        0x2 
 .text.Reset_Handler
                0x1004112c       0x4c ./Application/User/Startup/startup_stm32wl33kcvx.o
                0x1004112c                Reset_Handler
 .text.Default_Handler
                0x10041178        0x2 ./Application/User/Startup/startup_stm32wl33kcvx.o
                0x10041178                GPIOB_IRQHandler
                0x10041178                GPIOA_IRQHandler
                0x10041178                PVD_IRQHandler
                0x10041178                I2C1_IRQHandler
                0x10041178                MRSUBG_TIMER_CPU_WKUP_IRQHandler
                0x10041178                SPI1_IRQHandler
                0x10041178                I2C2_IRQHandler
                0x10041178                RTC_IRQHandler
                0x10041178                LCD_IRQHandler
                0x10041178                TIM16_IRQHandler
                0x10041178                RCC_IRQHandler
                0x10041178                Default_Handler
                0x10041178                MRSUBG_WKUP_IRQHandler
                0x10041178                ADC_IRQHandler
                0x10041178                LCSC_IRQHandler
                0x10041178                MRSUBG_TX_RX_SEQUENCE_IRQHandler
                0x10041178                LPUART1_IRQHandler
                0x10041178                TIM2_IRQHandler
                0x10041178                DAC_IRQHandler
                0x10041178                AES_IRQHandler
                0x10041178                LCSC_LC_ACTIVITY_IRQHandler
                0x10041178                MRSUBG_BUSY_IRQHandler
                0x10041178                MRSUBG_IRQHandler
                0x10041178                DMA_IRQHandler
                0x10041178                FLASH_IRQHandler
                0x10041178                USART1_IRQHandler
                0x10041178                SPI3_IRQHandler
                0x10041178                COMP1_IRQHandler
                0x10041178                LPAWUR_IRQHandler
 *fill*         0x1004117a        0x2 
 .text.__NVIC_SetPriority
                0x1004117c       0xdc ./Drivers/CMSIS/system_stm32wl3x.o
 .text.__NVIC_SystemReset
                0x10041258       0x24 ./Drivers/CMSIS/system_stm32wl3x.o
 .text.SystemInit
                0x1004127c      0x1b0 ./Drivers/CMSIS/system_stm32wl3x.o
                0x1004127c                SystemInit
 .text.SystemCoreClockUpdate
                0x1004142c       0x94 ./Drivers/CMSIS/system_stm32wl3x.o
                0x1004142c                SystemCoreClockUpdate
 .text.CPUcontextRestore
                0x100414c0        0xa ./Drivers/CMSIS/system_stm32wl3x.o
                0x100414c0                CPUcontextRestore
 .text.HAL_Init
                0x100414ca       0x2e ./Drivers/STM32WL3x_HAL_Driver/stm32wl3x_hal.o
                0x100414ca                HAL_Init
 .text.HAL_InitTick
                0x100414f8       0x90 ./Drivers/STM32WL3x_HAL_Driver/stm32wl3x_hal.o
                0x100414f8                HAL_InitTick
 .text.HAL_IncTick
                0x10041588       0x24 ./Drivers/STM32WL3x_HAL_Driver/stm32wl3x_hal.o
                0x10041588                HAL_IncTick
 .text.HAL_GetTick
                0x100415ac       0x14 ./Drivers/STM32WL3x_HAL_Driver/stm32wl3x_hal.o
                0x100415ac                HAL_GetTick
 .text.HAL_GetTickPrio
                0x100415c0       0x14 ./Drivers/STM32WL3x_HAL_Driver/stm32wl3x_hal.o
                0x100415c0                HAL_GetTickPrio
 .text.HAL_Delay
                0x100415d4       0x48 ./Drivers/STM32WL3x_HAL_Driver/stm32wl3x_hal.o
                0x100415d4                HAL_Delay
 .text.LL_ADC_SetInputSamplingMode
                0x1004161c       0x28 ./Drivers/STM32WL3x_HAL_Driver/stm32wl3x_hal_adc.o
 .text.LL_ADC_InvertOutputDiffModeEnable
                0x10041644       0x1e ./Drivers/STM32WL3x_HAL_Driver/stm32wl3x_hal_adc.o
 *fill*         0x10041662        0x2 
 .text.LL_ADC_InvertOutputDiffModeDisable
                0x10041664       0x20 ./Drivers/STM32WL3x_HAL_Driver/stm32wl3x_hal_adc.o
 .text.LL_ADC_InvertOutputSingleNegModeEnable
                0x10041684       0x1e ./Drivers/STM32WL3x_HAL_Driver/stm32wl3x_hal_adc.o
 *fill*         0x100416a2        0x2 
 .text.LL_ADC_InvertOutputSingleNegModeDisable
                0x100416a4       0x20 ./Drivers/STM32WL3x_HAL_Driver/stm32wl3x_hal_adc.o
 .text.LL_ADC_SetOverrunDS
                0x100416c4       0x28 ./Drivers/STM32WL3x_HAL_Driver/stm32wl3x_hal_adc.o
 .text.LL_ADC_SetSampleRate
                0x100416ec       0x28 ./Drivers/STM32WL3x_HAL_Driver/stm32wl3x_hal_adc.o
 .text.LL_ADC_SetSequenceLength
                0x10041714       0x28 ./Drivers/STM32WL3x_HAL_Driver/stm32wl3x_hal_adc.o
 .text.LL_ADC_ContinuousModeEnable
                0x1004173c       0x1c ./Drivers/STM32WL3x_HAL_Driver/stm32wl3x_hal_adc.o
 .text.LL_ADC_ContinuousModeDisable
                0x10041758       0x1e ./Drivers/STM32WL3x_HAL_Driver/stm32wl3x_hal_adc.o
 .text.LL_ADC_IsConversionOngoing
                0x10041776       0x22 ./Drivers/STM32WL3x_HAL_Driver/stm32wl3x_hal_adc.o
 .text.LL_ADC_SetChannelVoltageRange
                0x10041798       0x44 ./Drivers/STM32WL3x_HAL_Driver/stm32wl3x_hal_adc.o
 .text.LL_ADC_ConfigureDSDataOutput
                0x100417dc       0x2c ./Drivers/STM32WL3x_HAL_Driver/stm32wl3x_hal_adc.o
 .text.LL_ADC_SetSequencerRanks
                0x10041808       0x4e ./Drivers/STM32WL3x_HAL_Driver/stm32wl3x_hal_adc.o
 .text.LL_ADC_ConfigureCalibPoint
                0x10041856       0x44 ./Drivers/STM32WL3x_HAL_Driver/stm32wl3x_hal_adc.o
 *fill*         0x1004189a        0x2 
 .text.LL_ADC_SetCalibPointForDiff
                0x1004189c       0x64 ./Drivers/STM32WL3x_HAL_Driver/stm32wl3x_hal_adc.o
 .text.LL_ADC_SetCalibPointForSinglePos
                0x10041900       0x64 ./Drivers/STM32WL3x_HAL_Driver/stm32wl3x_hal_adc.o
 .text.LL_ADC_SetCalibPointForSingleNeg
                0x10041964       0x60 ./Drivers/STM32WL3x_HAL_Driver/stm32wl3x_hal_adc.o
 .text.HAL_ADC_Init
                0x100419c4      0x17c ./Drivers/STM32WL3x_HAL_Driver/stm32wl3x_hal_adc.o
                0x100419c4                HAL_ADC_Init
 .text.HAL_ADC_ConfigChannel
                0x10041b40      0x184 ./Drivers/STM32WL3x_HAL_Driver/stm32wl3x_hal_adc.o
                0x10041b40                HAL_ADC_ConfigChannel
 .text.__NVIC_SetPriority
                0x10041cc4       0xdc ./Drivers/STM32WL3x_HAL_Driver/stm32wl3x_hal_cortex.o
 .text.SysTick_Config
                0x10041da0       0x48 ./Drivers/STM32WL3x_HAL_Driver/stm32wl3x_hal_cortex.o
 .text.HAL_NVIC_SetPriority
                0x10041de8       0x2a ./Drivers/STM32WL3x_HAL_Driver/stm32wl3x_hal_cortex.o
                0x10041de8                HAL_NVIC_SetPriority
 .text.HAL_SYSTICK_Config
                0x10041e12       0x1a ./Drivers/STM32WL3x_HAL_Driver/stm32wl3x_hal_cortex.o
                0x10041e12                HAL_SYSTICK_Config
 .text.HAL_GPIO_Init
                0x10041e2c      0x36a ./Drivers/STM32WL3x_HAL_Driver/stm32wl3x_hal_gpio.o
                0x10041e2c                HAL_GPIO_Init
 .text.HAL_GPIO_WritePin
                0x10042196       0x3a ./Drivers/STM32WL3x_HAL_Driver/stm32wl3x_hal_gpio.o
                0x10042196                HAL_GPIO_WritePin
 .text.LL_MRSubG_SetPAMode
                0x100421d0       0x38 ./Drivers/STM32WL3x_HAL_Driver/stm32wl3x_hal_mrsubg.o
 .text.LL_MRSubG_SetPADriveMode
                0x10042208       0x38 ./Drivers/STM32WL3x_HAL_Driver/stm32wl3x_hal_mrsubg.o
 .text.LL_MRSubG_SetPADegen
                0x10042240       0x46 ./Drivers/STM32WL3x_HAL_Driver/stm32wl3x_hal_mrsubg.o
 *fill*         0x10042286        0x2 
 .text.LL_MRSubG_PacketHandlerSetWhiteningInit
                0x10042288       0x3c ./Drivers/STM32WL3x_HAL_Driver/stm32wl3x_hal_mrsubg.o
 .text.MRSubG_ComputeSynthWord
                0x100422c4       0xb0 ./Drivers/STM32WL3x_HAL_Driver/stm32wl3x_hal_mrsubg.o
 .text.MRSubG_ComputeDatarate
                0x10042374       0xf4 ./Drivers/STM32WL3x_HAL_Driver/stm32wl3x_hal_mrsubg.o
 .text.MRSubG_SearchDatarateME
                0x10042468      0x214 ./Drivers/STM32WL3x_HAL_Driver/stm32wl3x_hal_mrsubg.o
 .text.MRSubG_ComputeFreqDeviation
                0x1004267c       0xf2 ./Drivers/STM32WL3x_HAL_Driver/stm32wl3x_hal_mrsubg.o
 .text.MRSubG_SearchFreqDevME
                0x1004276e      0x222 ./Drivers/STM32WL3x_HAL_Driver/stm32wl3x_hal_mrsubg.o
 .text.MRSubG_SearchChannelBwME
                0x10042990      0x260 ./Drivers/STM32WL3x_HAL_Driver/stm32wl3x_hal_mrsubg.o
 .text.MRSubG_GetAllowedMaxOutputPower
                0x10042bf0       0x54 ./Drivers/STM32WL3x_HAL_Driver/stm32wl3x_hal_mrsubg.o
 .text.MRSUBG_EvaluateDSSS
                0x10042c44       0xc8 ./Drivers/STM32WL3x_HAL_Driver/stm32wl3x_hal_mrsubg.o
 .text.HAL_MRSubG_Init
                0x10042d0c      0x128 ./Drivers/STM32WL3x_HAL_Driver/stm32wl3x_hal_mrsubg.o
                0x10042d0c                HAL_MRSubG_Init
 .text.HAL_MRSubG_SetFrequencyBase
                0x10042e34       0x90 ./Drivers/STM32WL3x_HAL_Driver/stm32wl3x_hal_mrsubg.o
                0x10042e34                HAL_MRSubG_SetFrequencyBase
 .text.HAL_MRSubG_SetDatarate
                0x10042ec4       0x58 ./Drivers/STM32WL3x_HAL_Driver/stm32wl3x_hal_mrsubg.o
                0x10042ec4                HAL_MRSubG_SetDatarate
 .text.HAL_MRSubG_SetFrequencyDev
                0x10042f1c       0x74 ./Drivers/STM32WL3x_HAL_Driver/stm32wl3x_hal_mrsubg.o
                0x10042f1c                HAL_MRSubG_SetFrequencyDev
 .text.HAL_MRSubG_SetChannelBW
                0x10042f90      0x120 ./Drivers/STM32WL3x_HAL_Driver/stm32wl3x_hal_mrsubg.o
                0x10042f90                HAL_MRSubG_SetChannelBW
 .text.HAL_MRSubG_SetModulation
                0x100430b0      0x10c ./Drivers/STM32WL3x_HAL_Driver/stm32wl3x_hal_mrsubg.o
                0x100430b0                HAL_MRSubG_SetModulation
 .text.HAL_MRSubG_SetPALeveldBm
                0x100431bc      0x170 ./Drivers/STM32WL3x_HAL_Driver/stm32wl3x_hal_mrsubg.o
                0x100431bc                HAL_MRSubG_SetPALeveldBm
 .text.HAL_MRSubG_802_15_4_PacketInit
                0x1004332c      0x210 ./Drivers/STM32WL3x_HAL_Driver/stm32wl3x_hal_mrsubg.o
                0x1004332c                HAL_MRSubG_802_15_4_PacketInit
 .text.HAL_PWREx_EnableGPIOPullUp
                0x1004353c       0x74 ./Drivers/STM32WL3x_HAL_Driver/stm32wl3x_hal_pwr_ex.o
                0x1004353c                HAL_PWREx_EnableGPIOPullUp
 .text.HAL_PWREx_DisableGPIOPullUp
                0x100435b0       0x5c ./Drivers/STM32WL3x_HAL_Driver/stm32wl3x_hal_pwr_ex.o
                0x100435b0                HAL_PWREx_DisableGPIOPullUp
 .text.HAL_PWREx_DisableGPIOPullDown
                0x1004360c       0x5c ./Drivers/STM32WL3x_HAL_Driver/stm32wl3x_hal_pwr_ex.o
                0x1004360c                HAL_PWREx_DisableGPIOPullDown
 .text.LL_PWR_SetNoPullB
                0x10043668       0x30 ./Drivers/STM32WL3x_HAL_Driver/stm32wl3x_hal_rcc.o
 .text.LL_RCC_HSE_Enable
                0x10043698       0x1c ./Drivers/STM32WL3x_HAL_Driver/stm32wl3x_hal_rcc.o
 .text.LL_RCC_HSE_Disable
                0x100436b4       0x20 ./Drivers/STM32WL3x_HAL_Driver/stm32wl3x_hal_rcc.o
 .text.LL_RCC_HSE_IsReady
                0x100436d4       0x28 ./Drivers/STM32WL3x_HAL_Driver/stm32wl3x_hal_rcc.o
 .text.LL_RCC_HSE_SetCapacitorTuning
                0x100436fc       0x40 ./Drivers/STM32WL3x_HAL_Driver/stm32wl3x_hal_rcc.o
 .text.LL_RCC_HSE_SetCurrentControl
                0x1004373c       0x30 ./Drivers/STM32WL3x_HAL_Driver/stm32wl3x_hal_rcc.o
 .text.LL_RCC_HSE_SetStartupCurrent
                0x1004376c       0x34 ./Drivers/STM32WL3x_HAL_Driver/stm32wl3x_hal_rcc.o
 .text.LL_RCC_HSE_SetAmplitudeThreshold
                0x100437a0       0x34 ./Drivers/STM32WL3x_HAL_Driver/stm32wl3x_hal_rcc.o
 .text.LL_RCC_HSI_Enable
                0x100437d4       0x28 ./Drivers/STM32WL3x_HAL_Driver/stm32wl3x_hal_rcc.o
 .text.LL_RCC_HSI_Disable
                0x100437fc       0x28 ./Drivers/STM32WL3x_HAL_Driver/stm32wl3x_hal_rcc.o
 .text.LL_RCC_HSI_IsReady
                0x10043824       0x28 ./Drivers/STM32WL3x_HAL_Driver/stm32wl3x_hal_rcc.o
 .text.LL_RCC_DIRECT_HSE_Enable
                0x1004384c       0x4c ./Drivers/STM32WL3x_HAL_Driver/stm32wl3x_hal_rcc.o
 .text.LL_RCC_LSCO_SetSource
                0x10043898       0x2c ./Drivers/STM32WL3x_HAL_Driver/stm32wl3x_hal_rcc.o
 .text.LL_RCC_LSE_Enable
                0x100438c4       0x1c ./Drivers/STM32WL3x_HAL_Driver/stm32wl3x_hal_rcc.o
 .text.LL_RCC_LSE_Disable
                0x100438e0       0x1c ./Drivers/STM32WL3x_HAL_Driver/stm32wl3x_hal_rcc.o
 .text.LL_RCC_LSE_IsReady
                0x100438fc       0x20 ./Drivers/STM32WL3x_HAL_Driver/stm32wl3x_hal_rcc.o
 .text.LL_RCC_LSE_EnableBypass
                0x1004391c       0x1c ./Drivers/STM32WL3x_HAL_Driver/stm32wl3x_hal_rcc.o
 .text.LL_RCC_LSE_DisableBypass
                0x10043938       0x1c ./Drivers/STM32WL3x_HAL_Driver/stm32wl3x_hal_rcc.o
 .text.LL_RCC_LSE_IsBypassEnabled
                0x10043954       0x20 ./Drivers/STM32WL3x_HAL_Driver/stm32wl3x_hal_rcc.o
 .text.LL_RCC_LSE_SetDriveCapability
                0x10043974       0x28 ./Drivers/STM32WL3x_HAL_Driver/stm32wl3x_hal_rcc.o
 .text.LL_RCC_LSI_Enable
                0x1004399c       0x1c ./Drivers/STM32WL3x_HAL_Driver/stm32wl3x_hal_rcc.o
 .text.LL_RCC_LSI_Disable
                0x100439b8       0x1c ./Drivers/STM32WL3x_HAL_Driver/stm32wl3x_hal_rcc.o
 .text.LL_RCC_LSI_IsReady
                0x100439d4       0x20 ./Drivers/STM32WL3x_HAL_Driver/stm32wl3x_hal_rcc.o
 .text.LL_RCC_RC64MPLL_Enable
                0x100439f4       0x1c ./Drivers/STM32WL3x_HAL_Driver/stm32wl3x_hal_rcc.o
 .text.LL_RCC_RC64MPLL_Disable
                0x10043a10       0x20 ./Drivers/STM32WL3x_HAL_Driver/stm32wl3x_hal_rcc.o
 .text.LL_RCC_RC64MPLL_IsReady
                0x10043a30       0x28 ./Drivers/STM32WL3x_HAL_Driver/stm32wl3x_hal_rcc.o
 .text.LL_RCC_SetRC64MPLLPrescaler
                0x10043a58       0x28 ./Drivers/STM32WL3x_HAL_Driver/stm32wl3x_hal_rcc.o
 .text.HAL_RCC_OscConfig
                0x10043a80      0x2ac ./Drivers/STM32WL3x_HAL_Driver/stm32wl3x_hal_rcc.o
                0x10043a80                HAL_RCC_OscConfig
 .text.HAL_RCC_ClockConfig
                0x10043d2c      0x144 ./Drivers/STM32WL3x_HAL_Driver/stm32wl3x_hal_rcc.o
                0x10043d2c                HAL_RCC_ClockConfig
 .text.HAL_RCC_GetSysClockFreq
                0x10043e70       0x14 ./Drivers/STM32WL3x_HAL_Driver/stm32wl3x_hal_rcc.o
                0x10043e70                HAL_RCC_GetSysClockFreq
 .text.LL_RCC_DIRECT_HSE_IsEnabled
                0x10043e84       0x20 ./Drivers/STM32WL3x_HAL_Driver/stm32wl3x_hal_rcc_ex.o
 .text.LL_RCC_LSCO_SetSource
                0x10043ea4       0x2c ./Drivers/STM32WL3x_HAL_Driver/stm32wl3x_hal_rcc_ex.o
 .text.LL_RCC_SetSMPSPrescaler
                0x10043ed0       0x2c ./Drivers/STM32WL3x_HAL_Driver/stm32wl3x_hal_rcc_ex.o
 .text.LL_RCC_GetSMPSPrescaler
                0x10043efc       0x18 ./Drivers/STM32WL3x_HAL_Driver/stm32wl3x_hal_rcc_ex.o
 .text.LL_RCC_KRM_IsEnabled
                0x10043f14       0x20 ./Drivers/STM32WL3x_HAL_Driver/stm32wl3x_hal_rcc_ex.o
 .text.LL_RCC_KRM_SetRateMultiplier
                0x10043f34       0x2c ./Drivers/STM32WL3x_HAL_Driver/stm32wl3x_hal_rcc_ex.o
 .text.LL_RCC_KRM_GetRateMultiplier
                0x10043f60       0x18 ./Drivers/STM32WL3x_HAL_Driver/stm32wl3x_hal_rcc_ex.o
 .text.LL_RCC_SetLPUARTClockSource
                0x10043f78       0x2c ./Drivers/STM32WL3x_HAL_Driver/stm32wl3x_hal_rcc_ex.o
 .text.LL_RCC_GetLPUARTClockSource
                0x10043fa4       0x18 ./Drivers/STM32WL3x_HAL_Driver/stm32wl3x_hal_rcc_ex.o
 .text.LL_RCC_SetSPI3I2SClockSource
                0x10043fbc       0x2c ./Drivers/STM32WL3x_HAL_Driver/stm32wl3x_hal_rcc_ex.o
 .text.LL_RCC_GetSPI3I2SClockSource
                0x10043fe8       0x18 ./Drivers/STM32WL3x_HAL_Driver/stm32wl3x_hal_rcc_ex.o
 .text.HAL_RCCEx_PeriphCLKConfig
                0x10044000       0x6c ./Drivers/STM32WL3x_HAL_Driver/stm32wl3x_hal_rcc_ex.o
                0x10044000                HAL_RCCEx_PeriphCLKConfig
 .text.HAL_RCCEx_GetPeriphCLKFreq
                0x1004406c      0x148 ./Drivers/STM32WL3x_HAL_Driver/stm32wl3x_hal_rcc_ex.o
                0x1004406c                HAL_RCCEx_GetPeriphCLKFreq
 .text.HAL_SPI_Init
                0x100441b4      0x170 ./Drivers/STM32WL3x_HAL_Driver/stm32wl3x_hal_spi.o
                0x100441b4                HAL_SPI_Init
 .text.HAL_SPI_Transmit
                0x10044324      0x306 ./Drivers/STM32WL3x_HAL_Driver/stm32wl3x_hal_spi.o
                0x10044324                HAL_SPI_Transmit
 *fill*         0x1004462a        0x2 
 .text.SPI_WaitFlagStateUntilTimeout
                0x1004462c      0x11c ./Drivers/STM32WL3x_HAL_Driver/stm32wl3x_hal_spi.o
 .text.SPI_WaitFifoStateUntilTimeout
                0x10044748      0x144 ./Drivers/STM32WL3x_HAL_Driver/stm32wl3x_hal_spi.o
 .text.SPI_EndRxTxTransaction
                0x1004488c       0x8c ./Drivers/STM32WL3x_HAL_Driver/stm32wl3x_hal_spi.o
 .text.HAL_UART_Init
                0x10044918       0xac ./Drivers/STM32WL3x_HAL_Driver/stm32wl3x_hal_uart.o
                0x10044918                HAL_UART_Init
 .text.UART_SetConfig
                0x100449c4      0x2d0 ./Drivers/STM32WL3x_HAL_Driver/stm32wl3x_hal_uart.o
                0x100449c4                UART_SetConfig
 .text.UART_AdvFeatureConfig
                0x10044c94      0x168 ./Drivers/STM32WL3x_HAL_Driver/stm32wl3x_hal_uart.o
                0x10044c94                UART_AdvFeatureConfig
 .text.UART_CheckIdleState
                0x10044dfc      0x154 ./Drivers/STM32WL3x_HAL_Driver/stm32wl3x_hal_uart.o
                0x10044dfc                UART_CheckIdleState
 .text.UART_WaitOnFlagUntilTimeout
                0x10044f50       0xde ./Drivers/STM32WL3x_HAL_Driver/stm32wl3x_hal_uart.o
                0x10044f50                UART_WaitOnFlagUntilTimeout
 *fill*         0x1004502e        0x2 
 .text.UART_EndRxTransfer
                0x10045030       0xcc ./Drivers/STM32WL3x_HAL_Driver/stm32wl3x_hal_uart.o
 .text.HAL_UARTEx_DisableFifoMode
                0x100450fc       0x74 ./Drivers/STM32WL3x_HAL_Driver/stm32wl3x_hal_uart_ex.o
                0x100450fc                HAL_UARTEx_DisableFifoMode
 .text.HAL_UARTEx_SetTxFifoThreshold
                0x10045170       0x7e ./Drivers/STM32WL3x_HAL_Driver/stm32wl3x_hal_uart_ex.o
                0x10045170                HAL_UARTEx_SetTxFifoThreshold
 *fill*         0x100451ee        0x2 
 .text.HAL_UARTEx_SetRxFifoThreshold
                0x100451f0       0x84 ./Drivers/STM32WL3x_HAL_Driver/stm32wl3x_hal_uart_ex.o
                0x100451f0                HAL_UARTEx_SetRxFifoThreshold
 .text.UARTEx_SetNbDataToProcess
                0x10045274       0xbc ./Drivers/STM32WL3x_HAL_Driver/stm32wl3x_hal_uart_ex.o
 .text.LL_GetXTALFreq
                0x10045330       0x14 ./Drivers/STM32WL3x_HAL_Driver/stm32wl3x_ll_utils.o
                0x10045330                LL_GetXTALFreq
 .text.memset   0x10045344       0x10 C:/ST/STM32CubeIDE_2.1.0/STM32CubeIDE/plugins/com.st.stm32cube.ide.mcu.externaltools.gnu-tools-for-stm32.14.3.rel1.win32_1.0.100.202602081740/tools/bin/../lib/gcc/arm-none-eabi/14.3.1/../../../../arm-none-eabi/lib/thumb/v6-m/nofp\libc_nano.a(libc_a-memset.o)
                0x10045344                memset
 *(i.*)
 *(.rodata)
 *(.rodata*)
 .rodata.ADC_CHANNEL_SWITCH_POS_LUT
                0x10045354        0xc ./Drivers/STM32WL3x_HAL_Driver/stm32wl3x_hal_adc.o
 .rodata.HAL_ADC_ConfigChannel
                0x10045360       0x38 ./Drivers/STM32WL3x_HAL_Driver/stm32wl3x_hal_adc.o
 .rodata.s_Channel_Filter_Bandwidth
                0x10045398      0x18c ./Drivers/STM32WL3x_HAL_Driver/stm32wl3x_hal_mrsubg.o
 .rodata.SFD_2FSK
                0x10045524        0x8 ./Drivers/STM32WL3x_HAL_Driver/stm32wl3x_hal_mrsubg.o
                0x10045524                SFD_2FSK
 .rodata.SFD_4FSK
                0x1004552c        0x8 ./Drivers/STM32WL3x_HAL_Driver/stm32wl3x_hal_mrsubg.o
                0x1004552c                SFD_4FSK
 .rodata.UARTPrescTable
                0x10045534       0x18 ./Drivers/STM32WL3x_HAL_Driver/stm32wl3x_hal_uart.o
                0x10045534                UARTPrescTable
 .rodata.numerator.1
                0x1004554c        0x8 ./Drivers/STM32WL3x_HAL_Driver/stm32wl3x_hal_uart_ex.o
 .rodata.denominator.0
                0x10045554        0x8 ./Drivers/STM32WL3x_HAL_Driver/stm32wl3x_hal_uart_ex.o
 *(.constdata)
 *(.glue_7)
 .glue_7        0x1004555c        0x0 linker stubs
 *(.glue_7t)
 .glue_7t       0x1004555c        0x0 linker stubs
                0x1004555c                        . = ALIGN (0x4)
                0x1004555c                        _etext = .
                0x1004556c                        _sidata = LOADADDR (.data)

.vfp11_veneer   0x1004555c        0x0
 .vfp11_veneer  0x1004555c        0x0 linker stubs

.v4_bx          0x1004555c        0x0
 .v4_bx         0x1004555c        0x0 linker stubs

.init           0x1004555c        0x4
 .init          0x1004555c        0x4 C:/ST/STM32CubeIDE_2.1.0/STM32CubeIDE/plugins/com.st.stm32cube.ide.mcu.externaltools.gnu-tools-for-stm32.14.3.rel1.win32_1.0.100.202602081740/tools/bin/../lib/gcc/arm-none-eabi/14.3.1/thumb/v6-m/nofp/crti.o
                0x1004555c                _init

.fini           0x10045560        0x4
 .fini          0x10045560        0x4 C:/ST/STM32CubeIDE_2.1.0/STM32CubeIDE/plugins/com.st.stm32cube.ide.mcu.externaltools.gnu-tools-for-stm32.14.3.rel1.win32_1.0.100.202602081740/tools/bin/../lib/gcc/arm-none-eabi/14.3.1/thumb/v6-m/nofp/crti.o
                0x10045560                _fini

.iplt           0x10045564        0x0
 .iplt          0x10045564        0x0 ./Application/User/Core/main.o

.rel.dyn        0x10045564        0x0
 .rel.iplt      0x10045564        0x0 ./Application/User/Core/main.o

.ARM.exidx      0x10045564        0x8
 .ARM.exidx     0x10045564        0x8 C:/ST/STM32CubeIDE_2.1.0/STM32CubeIDE/plugins/com.st.stm32cube.ide.mcu.externaltools.gnu-tools-for-stm32.14.3.rel1.win32_1.0.100.202602081740/tools/bin/../lib/gcc/arm-none-eabi/14.3.1/thumb/v6-m/nofp\libgcc.a(_udivmoddi4.o)

.ram_preamble   0x20000004       0x2c load address 0x1004556c
 *(.ram_vr)
 .ram_vr        0x20000004       0x2c ./Drivers/CMSIS/system_stm32wl3x.o
                0x20000004                RAM_VR

.ram_preamble_2
 *(.crash_info_ram_vr)

.bss            0x20000034      0x154
                0x20000034                        . = ALIGN (0x4)
                0x20000034                        _sbss = .
 *(.bss)
 *(.bss*)
 .bss.huart1    0x20000034       0x94 ./Application/User/Core/main.o
                0x20000034                huart1
 .bss.hadc1     0x200000c8       0x34 ./Application/User/Core/main.o
                0x200000c8                hadc1
 .bss.hspi3     0x200000fc       0x64 ./Application/User/Core/main.o
                0x200000fc                hspi3
 .bss.MRSUBG_RadioInitStruct
                0x20000160       0x18 ./Application/User/Core/main.o
                0x20000160                MRSUBG_RadioInitStruct
 .bss.MRSUBG_PacketSettingsStruct
                0x20000178        0x8 ./Application/User/Core/main.o
                0x20000178                MRSUBG_PacketSettingsStruct
 .bss.loop_count
                0x20000180        0x4 ./Application/User/Core/main.o
                0x20000180                loop_count
 .bss.uwTick    0x20000184        0x4 ./Drivers/STM32WL3x_HAL_Driver/stm32wl3x_hal.o
                0x20000184                uwTick
 *(COMMON)
                0x20000188                        . = ALIGN (0x4)
                0x20000188                        _ebss = .

.data           0x20000188       0x10 load address 0x1004556c
                0x20000188                        . = ALIGN (0x4)
                0x20000188                        _sdata = .
 *(.data)
 *(.data*)
 .data.SystemCoreClock
                0x20000188        0x4 ./Drivers/CMSIS/system_stm32wl3x.o
                0x20000188                SystemCoreClock
 .data.HSE_xtalFrequency
                0x2000018c        0x4 ./Drivers/CMSIS/system_stm32wl3x.o
                0x2000018c                HSE_xtalFrequency
 .data.uwTickPrio
                0x20000190        0x4 ./Drivers/STM32WL3x_HAL_Driver/stm32wl3x_hal.o
                0x20000190                uwTickPrio
 .data.uwTickFreq
                0x20000194        0x1 ./Drivers/STM32WL3x_HAL_Driver/stm32wl3x_hal.o
                0x20000194                uwTickFreq
                0x20000198                        . = ALIGN (0x4)
 *fill*         0x20000195        0x3 
                0x20000198                        _edata = .

.igot.plt       0x20000198        0x0 load address 0x1004557c
 .igot.plt      0x20000198        0x0 ./Application/User/Core/main.o

.noinit         0x20000198        0x0 load address 0x1004557c
                0x20000198                        . = ALIGN (0x4)
 *(.noinit)
                0x20000198                        . = ALIGN (0x4)

.heap           0x20000198        0x0 load address 0x1004557c
                0x20000198                        . = ALIGN (0x4)
                0x20000198                        _sheap = .
                [!provide]                        PROVIDE (end = .)
                0x20000198                        PROVIDE (_end = .)
                0x20000198                        . = (. + _Min_Heap_Size)
                0x20000198                        . = ALIGN (0x4)
                0x20000198                        _eheap = .

CSTACK          0x20007400      0xc00
                0x20007400                        . = ALIGN (0x4)
                0x20008000                        . = (. + _Min_Stack_Size)
 *fill*         0x20007400      0xc00 
                0x20008000                        . = ALIGN (0x4)
                0x20008000                        _estack = .
                0x20008000                        . = ALIGN (0x4)

.rom_info       0x10000000        0x0
                0x10000000                        . = ALIGN (0x4)
 *(.rom_info)
                0x10000000                        . = ALIGN (0x4)

/DISCARD/
 libc.a(*)
 libm.a(*)
 libgcc.a(*)

.ARM.attributes
                0x00000000       0x28
 *(.ARM.attributes)
 .ARM.attributes
                0x00000000       0x1e C:/ST/STM32CubeIDE_2.1.0/STM32CubeIDE/plugins/com.st.stm32cube.ide.mcu.externaltools.gnu-tools-for-stm32.14.3.rel1.win32_1.0.100.202602081740/tools/bin/../lib/gcc/arm-none-eabi/14.3.1/thumb/v6-m/nofp/crti.o
 .ARM.attributes
                0x0000001e       0x2c ./Application/User/Core/main.o
 .ARM.attributes
                0x0000004a       0x2c ./Application/User/Core/stm32wl3x_hal_msp.o
 .ARM.attributes
                0x00000076       0x2c ./Application/User/Core/stm32wl3x_it.o
 .ARM.attributes
                0x000000a2       0x22 ./Application/User/Startup/startup_stm32wl33kcvx.o
 .ARM.attributes
                0x000000c4       0x2c ./Drivers/CMSIS/system_stm32wl3x.o
 .ARM.attributes
                0x000000f0       0x2c ./Drivers/STM32WL3x_HAL_Driver/stm32wl3x_hal.o
 .ARM.attributes
                0x0000011c       0x2c ./Drivers/STM32WL3x_HAL_Driver/stm32wl3x_hal_adc.o
 .ARM.attributes
                0x00000148       0x2c ./Drivers/STM32WL3x_HAL_Driver/stm32wl3x_hal_cortex.o
 .ARM.attributes
                0x00000174       0x2c ./Drivers/STM32WL3x_HAL_Driver/stm32wl3x_hal_gpio.o
 .ARM.attributes
                0x000001a0       0x2c ./Drivers/STM32WL3x_HAL_Driver/stm32wl3x_hal_mrsubg.o
 .ARM.attributes
                0x000001cc       0x2c ./Drivers/STM32WL3x_HAL_Driver/stm32wl3x_hal_pwr_ex.o
 .ARM.attributes
                0x000001f8       0x2c ./Drivers/STM32WL3x_HAL_Driver/stm32wl3x_hal_rcc.o
 .ARM.attributes
                0x00000224       0x2c ./Drivers/STM32WL3x_HAL_Driver/stm32wl3x_hal_rcc_ex.o
 .ARM.attributes
                0x00000250       0x2c ./Drivers/STM32WL3x_HAL_Driver/stm32wl3x_hal_spi.o
 .ARM.attributes
                0x0000027c       0x2c ./Drivers/STM32WL3x_HAL_Driver/stm32wl3x_hal_uart.o
 .ARM.attributes
                0x000002a8       0x2c ./Drivers/STM32WL3x_HAL_Driver/stm32wl3x_hal_uart_ex.o
 .ARM.attributes
                0x000002d4       0x2c ./Drivers/STM32WL3x_HAL_Driver/stm32wl3x_ll_utils.o
 .ARM.attributes
                0x00000300       0x2c C:/ST/STM32CubeIDE_2.1.0/STM32CubeIDE/plugins/com.st.stm32cube.ide.mcu.externaltools.gnu-tools-for-stm32.14.3.rel1.win32_1.0.100.202602081740/tools/bin/../lib/gcc/arm-none-eabi/14.3.1/../../../../arm-none-eabi/lib/thumb/v6-m/nofp\libc_nano.a(libc_a-memset.o)
 .ARM.attributes
                0x0000032c       0x1e C:/ST/STM32CubeIDE_2.1.0/STM32CubeIDE/plugins/com.st.stm32cube.ide.mcu.externaltools.gnu-tools-for-stm32.14.3.rel1.win32_1.0.100.202602081740/tools/bin/../lib/gcc/arm-none-eabi/14.3.1/thumb/v6-m/nofp\libgcc.a(_udivsi3.o)
 .ARM.attributes
                0x0000034a       0x1e C:/ST/STM32CubeIDE_2.1.0/STM32CubeIDE/plugins/com.st.stm32cube.ide.mcu.externaltools.gnu-tools-for-stm32.14.3.rel1.win32_1.0.100.202602081740/tools/bin/../lib/gcc/arm-none-eabi/14.3.1/thumb/v6-m/nofp\libgcc.a(_divsi3.o)
 .ARM.attributes
                0x00000368       0x1e C:/ST/STM32CubeIDE_2.1.0/STM32CubeIDE/plugins/com.st.stm32cube.ide.mcu.externaltools.gnu-tools-for-stm32.14.3.rel1.win32_1.0.100.202602081740/tools/bin/../lib/gcc/arm-none-eabi/14.3.1/thumb/v6-m/nofp\libgcc.a(_dvmd_tls.o)
 .ARM.attributes
                0x00000386       0x1e C:/ST/STM32CubeIDE_2.1.0/STM32CubeIDE/plugins/com.st.stm32cube.ide.mcu.externaltools.gnu-tools-for-stm32.14.3.rel1.win32_1.0.100.202602081740/tools/bin/../lib/gcc/arm-none-eabi/14.3.1/thumb/v6-m/nofp\libgcc.a(_aeabi_uldivmod.o)
 .ARM.attributes
                0x000003a4       0x2c C:/ST/STM32CubeIDE_2.1.0/STM32CubeIDE/plugins/com.st.stm32cube.ide.mcu.externaltools.gnu-tools-for-stm32.14.3.rel1.win32_1.0.100.202602081740/tools/bin/../lib/gcc/arm-none-eabi/14.3.1/thumb/v6-m/nofp\libgcc.a(_muldi3.o)
 .ARM.attributes
                0x000003d0       0x2c C:/ST/STM32CubeIDE_2.1.0/STM32CubeIDE/plugins/com.st.stm32cube.ide.mcu.externaltools.gnu-tools-for-stm32.14.3.rel1.win32_1.0.100.202602081740/tools/bin/../lib/gcc/arm-none-eabi/14.3.1/thumb/v6-m/nofp\libgcc.a(_udivmoddi4.o)
 .ARM.attributes
                0x000003fc       0x1e C:/ST/STM32CubeIDE_2.1.0/STM32CubeIDE/plugins/com.st.stm32cube.ide.mcu.externaltools.gnu-tools-for-stm32.14.3.rel1.win32_1.0.100.202602081740/tools/bin/../lib/gcc/arm-none-eabi/14.3.1/thumb/v6-m/nofp\libgcc.a(_clzdi2.o)
 .ARM.attributes
                0x0000041a       0x1e C:/ST/STM32CubeIDE_2.1.0/STM32CubeIDE/plugins/com.st.stm32cube.ide.mcu.externaltools.gnu-tools-for-stm32.14.3.rel1.win32_1.0.100.202602081740/tools/bin/../lib/gcc/arm-none-eabi/14.3.1/thumb/v6-m/nofp\libgcc.a(_clzsi2.o)
OUTPUT(VehicleCANGateway.elf elf32-littlearm)
LOAD linker stubs
LOAD C:/ST/STM32CubeIDE_2.1.0/STM32CubeIDE/plugins/com.st.stm32cube.ide.mcu.externaltools.gnu-tools-for-stm32.14.3.rel1.win32_1.0.100.202602081740/tools/bin/../lib/gcc/arm-none-eabi/14.3.1/../../../../arm-none-eabi/lib/thumb/v6-m/nofp\libc.a
LOAD C:/ST/STM32CubeIDE_2.1.0/STM32CubeIDE/plugins/com.st.stm32cube.ide.mcu.externaltools.gnu-tools-for-stm32.14.3.rel1.win32_1.0.100.202602081740/tools/bin/../lib/gcc/arm-none-eabi/14.3.1/../../../../arm-none-eabi/lib/thumb/v6-m/nofp\libm.a
LOAD C:/ST/STM32CubeIDE_2.1.0/STM32CubeIDE/plugins/com.st.stm32cube.ide.mcu.externaltools.gnu-tools-for-stm32.14.3.rel1.win32_1.0.100.202602081740/tools/bin/../lib/gcc/arm-none-eabi/14.3.1/thumb/v6-m/nofp\libgcc.a

.debug_info     0x00000000    0x10e75
 .debug_info    0x00000000     0x1838 ./Application/User/Core/main.o
 .debug_info    0x00001838     0x12b5 ./Application/User/Core/stm32wl3x_hal_msp.o
 .debug_info    0x00002aed      0x117 ./Application/User/Core/stm32wl3x_it.o
 .debug_info    0x00002c04       0x30 ./Application/User/Startup/startup_stm32wl33kcvx.o
 .debug_info    0x00002c34      0x971 ./Drivers/CMSIS/system_stm32wl3x.o
 .debug_info    0x000035a5      0xa1d ./Drivers/STM32WL3x_HAL_Driver/stm32wl3x_hal.o
 .debug_info    0x00003fc2     0x15ba ./Drivers/STM32WL3x_HAL_Driver/stm32wl3x_hal_adc.o
 .debug_info    0x0000557c      0x85b ./Drivers/STM32WL3x_HAL_Driver/stm32wl3x_hal_cortex.o
 .debug_info    0x00005dd7      0x5d2 ./Drivers/STM32WL3x_HAL_Driver/stm32wl3x_hal_gpio.o
 .debug_info    0x000063a9     0x1f54 ./Drivers/STM32WL3x_HAL_Driver/stm32wl3x_hal_mrsubg.o
 .debug_info    0x000082fd      0x816 ./Drivers/STM32WL3x_HAL_Driver/stm32wl3x_hal_pwr_ex.o
 .debug_info    0x00008b13      0xc98 ./Drivers/STM32WL3x_HAL_Driver/stm32wl3x_hal_rcc.o
 .debug_info    0x000097ab      0x759 ./Drivers/STM32WL3x_HAL_Driver/stm32wl3x_hal_rcc_ex.o
 .debug_info    0x00009f04     0x15dc ./Drivers/STM32WL3x_HAL_Driver/stm32wl3x_hal_spi.o
 .debug_info    0x0000b4e0     0x4648 ./Drivers/STM32WL3x_HAL_Driver/stm32wl3x_hal_uart.o
 .debug_info    0x0000fb28      0xf18 ./Drivers/STM32WL3x_HAL_Driver/stm32wl3x_hal_uart_ex.o
 .debug_info    0x00010a40      0x435 ./Drivers/STM32WL3x_HAL_Driver/stm32wl3x_ll_utils.o

.debug_abbrev   0x00000000     0x26a7
 .debug_abbrev  0x00000000      0x311 ./Application/User/Core/main.o
 .debug_abbrev  0x00000311      0x263 ./Application/User/Core/stm32wl3x_hal_msp.o
 .debug_abbrev  0x00000574       0xac ./Application/User/Core/stm32wl3x_it.o
 .debug_abbrev  0x00000620       0x24 ./Application/User/Startup/startup_stm32wl33kcvx.o
 .debug_abbrev  0x00000644      0x26a ./Drivers/CMSIS/system_stm32wl3x.o
 .debug_abbrev  0x000008ae      0x2a1 ./Drivers/STM32WL3x_HAL_Driver/stm32wl3x_hal.o
 .debug_abbrev  0x00000b4f      0x236 ./Drivers/STM32WL3x_HAL_Driver/stm32wl3x_hal_adc.o
 .debug_abbrev  0x00000d85      0x2ab ./Drivers/STM32WL3x_HAL_Driver/stm32wl3x_hal_cortex.o
 .debug_abbrev  0x00001030      0x1c6 ./Drivers/STM32WL3x_HAL_Driver/stm32wl3x_hal_gpio.o
 .debug_abbrev  0x000011f6      0x33c ./Drivers/STM32WL3x_HAL_Driver/stm32wl3x_hal_mrsubg.o
 .debug_abbrev  0x00001532      0x23f ./Drivers/STM32WL3x_HAL_Driver/stm32wl3x_hal_pwr_ex.o
 .debug_abbrev  0x00001771      0x2e4 ./Drivers/STM32WL3x_HAL_Driver/stm32wl3x_hal_rcc.o
 .debug_abbrev  0x00001a55      0x248 ./Drivers/STM32WL3x_HAL_Driver/stm32wl3x_hal_rcc_ex.o
 .debug_abbrev  0x00001c9d      0x27d ./Drivers/STM32WL3x_HAL_Driver/stm32wl3x_hal_spi.o
 .debug_abbrev  0x00001f1a      0x323 ./Drivers/STM32WL3x_HAL_Driver/stm32wl3x_hal_uart.o
 .debug_abbrev  0x0000223d      0x2e5 ./Drivers/STM32WL3x_HAL_Driver/stm32wl3x_hal_uart_ex.o
 .debug_abbrev  0x00002522      0x185 ./Drivers/STM32WL3x_HAL_Driver/stm32wl3x_ll_utils.o

.debug_aranges  0x00000000     0x1178
 .debug_aranges
                0x00000000       0x90 ./Application/User/Core/main.o
 .debug_aranges
                0x00000090       0xa8 ./Application/User/Core/stm32wl3x_hal_msp.o
 .debug_aranges
                0x00000138       0x40 ./Application/User/Core/stm32wl3x_it.o
 .debug_aranges
                0x00000178       0x28 ./Application/User/Startup/startup_stm32wl33kcvx.o
 .debug_aranges
                0x000001a0       0x40 ./Drivers/CMSIS/system_stm32wl3x.o
 .debug_aranges
                0x000001e0      0x148 ./Drivers/STM32WL3x_HAL_Driver/stm32wl3x_hal.o
 .debug_aranges
                0x00000328      0x248 ./Drivers/STM32WL3x_HAL_Driver/stm32wl3x_hal_adc.o
 .debug_aranges
                0x00000570       0xd0 ./Drivers/STM32WL3x_HAL_Driver/stm32wl3x_hal_cortex.o
 .debug_aranges
                0x00000640       0x60 ./Drivers/STM32WL3x_HAL_Driver/stm32wl3x_hal_gpio.o
 .debug_aranges
                0x000006a0      0x258 ./Drivers/STM32WL3x_HAL_Driver/stm32wl3x_hal_mrsubg.o
 .debug_aranges
                0x000008f8      0x120 ./Drivers/STM32WL3x_HAL_Driver/stm32wl3x_hal_pwr_ex.o
 .debug_aranges
                0x00000a18      0x170 ./Drivers/STM32WL3x_HAL_Driver/stm32wl3x_hal_rcc.o
 .debug_aranges
                0x00000b88       0xc8 ./Drivers/STM32WL3x_HAL_Driver/stm32wl3x_hal_rcc_ex.o
 .debug_aranges
                0x00000c50      0x1d8 ./Drivers/STM32WL3x_HAL_Driver/stm32wl3x_hal_spi.o
 .debug_aranges
                0x00000e28      0x248 ./Drivers/STM32WL3x_HAL_Driver/stm32wl3x_hal_uart.o
 .debug_aranges
                0x00001070       0xa8 ./Drivers/STM32WL3x_HAL_Driver/stm32wl3x_hal_uart_ex.o
 .debug_aranges
                0x00001118       0x60 ./Drivers/STM32WL3x_HAL_Driver/stm32wl3x_ll_utils.o

.debug_rnglists
                0x00000000      0xd6e
 .debug_rnglists
                0x00000000       0x70 ./Application/User/Core/main.o
 .debug_rnglists
                0x00000070       0x7b ./Application/User/Core/stm32wl3x_hal_msp.o
 .debug_rnglists
                0x000000eb       0x2b ./Application/User/Core/stm32wl3x_it.o
 .debug_rnglists
                0x00000116       0x19 ./Application/User/Startup/startup_stm32wl33kcvx.o
 .debug_rnglists
                0x0000012f       0x2e ./Drivers/CMSIS/system_stm32wl3x.o
 .debug_rnglists
                0x0000015d       0xf2 ./Drivers/STM32WL3x_HAL_Driver/stm32wl3x_hal.o
 .debug_rnglists
                0x0000024f      0x1be ./Drivers/STM32WL3x_HAL_Driver/stm32wl3x_hal_adc.o
 .debug_rnglists
                0x0000040d       0x99 ./Drivers/STM32WL3x_HAL_Driver/stm32wl3x_hal_cortex.o
 .debug_rnglists
                0x000004a6       0x45 ./Drivers/STM32WL3x_HAL_Driver/stm32wl3x_hal_gpio.o
 .debug_rnglists
                0x000004eb      0x1d4 ./Drivers/STM32WL3x_HAL_Driver/stm32wl3x_hal_mrsubg.o
 .debug_rnglists
                0x000006bf       0xd3 ./Drivers/STM32WL3x_HAL_Driver/stm32wl3x_hal_pwr_ex.o
 .debug_rnglists
                0x00000792      0x113 ./Drivers/STM32WL3x_HAL_Driver/stm32wl3x_hal_rcc.o
 .debug_rnglists
                0x000008a5       0x93 ./Drivers/STM32WL3x_HAL_Driver/stm32wl3x_hal_rcc_ex.o
 .debug_rnglists
                0x00000938      0x17a ./Drivers/STM32WL3x_HAL_Driver/stm32wl3x_hal_spi.o
 .debug_rnglists
                0x00000ab2      0x1f8 ./Drivers/STM32WL3x_HAL_Driver/stm32wl3x_hal_uart.o
 .debug_rnglists
                0x00000caa       0x80 ./Drivers/STM32WL3x_HAL_Driver/stm32wl3x_hal_uart_ex.o
 .debug_rnglists
                0x00000d2a       0x44 ./Drivers/STM32WL3x_HAL_Driver/stm32wl3x_ll_utils.o

.debug_macro    0x00000000    0x1e671
 .debug_macro   0x00000000      0x358 ./Application/User/Core/main.o
 .debug_macro   0x00000358      0xab4 ./Application/User/Core/main.o
 .debug_macro   0x00000e0c       0xe2 ./Application/User/Core/main.o
 .debug_macro   0x00000eee       0x2e ./Application/User/Core/main.o
 .debug_macro   0x00000f1c       0x4c ./Application/User/Core/main.o
 .debug_macro   0x00000f68       0x22 ./Application/User/Core/main.o
 .debug_macro   0x00000f8a       0x8e ./Application/User/Core/main.o
 .debug_macro   0x00001018       0x51 ./Application/User/Core/main.o
 .debug_macro   0x00001069      0x103 ./Application/User/Core/main.o
 .debug_macro   0x0000116c       0x6a ./Application/User/Core/main.o
 .debug_macro   0x000011d6      0x1df ./Application/User/Core/main.o
 .debug_macro   0x000013b5       0x1c ./Application/User/Core/main.o
 .debug_macro   0x000013d1       0x22 ./Application/User/Core/main.o
 .debug_macro   0x000013f3       0xd1 ./Application/User/Core/main.o
 .debug_macro   0x000014c4      0x4da ./Application/User/Core/main.o
 .debug_macro   0x0000199e      0x11f ./Application/User/Core/main.o
 .debug_macro   0x00001abd       0x94 ./Application/User/Core/main.o
 .debug_macro   0x00001b51    0x1244b ./Application/User/Core/main.o
 .debug_macro   0x00013f9c       0xd6 ./Application/User/Core/main.o
 .debug_macro   0x00014072     0x3439 ./Application/User/Core/main.o
 .debug_macro   0x000174ab      0x190 ./Application/User/Core/main.o
 .debug_macro   0x0001763b       0x5a ./Application/User/Core/main.o
 .debug_macro   0x00017695       0xf0 ./Application/User/Core/main.o
 .debug_macro   0x00017785      0x2cc ./Application/User/Core/main.o
 .debug_macro   0x00017a51      0x2f8 ./Application/User/Core/main.o
 .debug_macro   0x00017d49      0x45c ./Application/User/Core/main.o
 .debug_macro   0x000181a5      0x4a3 ./Application/User/Core/main.o
 .debug_macro   0x00018648      0x1f8 ./Application/User/Core/main.o
 .debug_macro   0x00018840      0x1f9 ./Application/User/Core/main.o
 .debug_macro   0x00018a39       0x89 ./Application/User/Core/main.o
 .debug_macro   0x00018ac2      0x224 ./Application/User/Core/main.o
 .debug_macro   0x00018ce6       0xcb ./Application/User/Core/main.o
 .debug_macro   0x00018db1      0x3e1 ./Application/User/Core/main.o
 .debug_macro   0x00019192      0x306 ./Application/User/Core/main.o
 .debug_macro   0x00019498      0x11f ./Application/User/Core/main.o
 .debug_macro   0x000195b7      0x2a9 ./Application/User/Core/main.o
 .debug_macro   0x00019860       0xe1 ./Application/User/Core/main.o
 .debug_macro   0x00019941      0xb04 ./Application/User/Core/main.o
 .debug_macro   0x0001a445      0x135 ./Application/User/Core/main.o
 .debug_macro   0x0001a57a      0x2fe ./Application/User/Core/main.o
 .debug_macro   0x0001a878      0x693 ./Application/User/Core/main.o
 .debug_macro   0x0001af0b       0xa6 ./Application/User/Core/main.o
 .debug_macro   0x0001afb1       0x6b ./Application/User/Core/main.o
 .debug_macro   0x0001b01c       0x88 ./Application/User/Core/main.o
 .debug_macro   0x0001b0a4      0x13c ./Application/User/Core/main.o
 .debug_macro   0x0001b1e0      0x278 ./Application/User/Core/main.o
 .debug_macro   0x0001b458       0xef ./Application/User/Core/main.o
 .debug_macro   0x0001b547      0x196 ./Application/User/Core/main.o
 .debug_macro   0x0001b6dd      0x116 ./Application/User/Core/main.o
 .debug_macro   0x0001b7f3       0x70 ./Application/User/Core/main.o
 .debug_macro   0x0001b863       0x61 ./Application/User/Core/main.o
 .debug_macro   0x0001b8c4       0x24 ./Application/User/Core/main.o
 .debug_macro   0x0001b8e8       0x43 ./Application/User/Core/main.o
 .debug_macro   0x0001b92b       0x34 ./Application/User/Core/main.o
 .debug_macro   0x0001b95f       0x16 ./Application/User/Core/main.o
 .debug_macro   0x0001b975       0x3c ./Application/User/Core/main.o
 .debug_macro   0x0001b9b1      0x364 ./Application/User/Core/main.o
 .debug_macro   0x0001bd15       0x10 ./Application/User/Core/main.o
 .debug_macro   0x0001bd25       0x16 ./Application/User/Core/main.o
 .debug_macro   0x0001bd3b       0x4a ./Application/User/Core/main.o
 .debug_macro   0x0001bd85       0x34 ./Application/User/Core/main.o
 .debug_macro   0x0001bdb9       0x10 ./Application/User/Core/main.o
 .debug_macro   0x0001bdc9       0x58 ./Application/User/Core/main.o
 .debug_macro   0x0001be21       0x8e ./Application/User/Core/main.o
 .debug_macro   0x0001beaf       0x1c ./Application/User/Core/main.o
 .debug_macro   0x0001becb      0x17e ./Application/User/Core/main.o
 .debug_macro   0x0001c049       0x16 ./Application/User/Core/main.o
 .debug_macro   0x0001c05f       0x16 ./Application/User/Core/main.o
 .debug_macro   0x0001c075      0x146 ./Application/User/Core/main.o
 .debug_macro   0x0001c1bb      0x268 ./Application/User/Core/stm32wl3x_hal_msp.o
 .debug_macro   0x0001c423      0x272 ./Application/User/Core/stm32wl3x_it.o
 .debug_macro   0x0001c695      0x24d ./Drivers/CMSIS/system_stm32wl3x.o
 .debug_macro   0x0001c8e2      0x22f ./Drivers/STM32WL3x_HAL_Driver/stm32wl3x_hal.o
 .debug_macro   0x0001cb11      0x237 ./Drivers/STM32WL3x_HAL_Driver/stm32wl3x_hal_adc.o
 .debug_macro   0x0001cd48      0x22f ./Drivers/STM32WL3x_HAL_Driver/stm32wl3x_hal_cortex.o
 .debug_macro   0x0001cf77      0x236 ./Drivers/STM32WL3x_HAL_Driver/stm32wl3x_hal_gpio.o
 .debug_macro   0x0001d1ad      0x32d ./Drivers/STM32WL3x_HAL_Driver/stm32wl3x_hal_mrsubg.o
 .debug_macro   0x0001d4da       0x10 ./Drivers/STM32WL3x_HAL_Driver/stm32wl3x_hal_mrsubg.o
 .debug_macro   0x0001d4ea       0x20 ./Drivers/STM32WL3x_HAL_Driver/stm32wl3x_hal_mrsubg.o
 .debug_macro   0x0001d50a      0x22f ./Drivers/STM32WL3x_HAL_Driver/stm32wl3x_hal_pwr_ex.o
 .debug_macro   0x0001d739      0x295 ./Drivers/STM32WL3x_HAL_Driver/stm32wl3x_hal_rcc.o
 .debug_macro   0x0001d9ce      0x277 ./Drivers/STM32WL3x_HAL_Driver/stm32wl3x_hal_rcc_ex.o
 .debug_macro   0x0001dc45      0x237 ./Drivers/STM32WL3x_HAL_Driver/stm32wl3x_hal_spi.o
 .debug_macro   0x0001de7c      0x25a ./Drivers/STM32WL3x_HAL_Driver/stm32wl3x_hal_uart.o
 .debug_macro   0x0001e0d6      0x23b ./Drivers/STM32WL3x_HAL_Driver/stm32wl3x_hal_uart_ex.o
 .debug_macro   0x0001e311      0x26d ./Drivers/STM32WL3x_HAL_Driver/stm32wl3x_ll_utils.o
 .debug_macro   0x0001e57e       0x8e ./Drivers/STM32WL3x_HAL_Driver/stm32wl3x_ll_utils.o
 .debug_macro   0x0001e60c       0x65 ./Drivers/STM32WL3x_HAL_Driver/stm32wl3x_ll_utils.o

.debug_line     0x00000000    0x11988
 .debug_line    0x00000000      0xda5 ./Application/User/Core/main.o
 .debug_line    0x00000da5      0xb0e ./Application/User/Core/stm32wl3x_hal_msp.o
 .debug_line    0x000018b3      0x8e5 ./Application/User/Core/stm32wl3x_it.o
 .debug_line    0x00002198       0x7c ./Application/User/Startup/startup_stm32wl33kcvx.o
 .debug_line    0x00002214      0xa04 ./Drivers/CMSIS/system_stm32wl3x.o
 .debug_line    0x00002c18      0xc82 ./Drivers/STM32WL3x_HAL_Driver/stm32wl3x_hal.o
 .debug_line    0x0000389a     0x14d1 ./Drivers/STM32WL3x_HAL_Driver/stm32wl3x_hal_adc.o
 .debug_line    0x00004d6b      0xc55 ./Drivers/STM32WL3x_HAL_Driver/stm32wl3x_hal_cortex.o
 .debug_line    0x000059c0      0xc9a ./Drivers/STM32WL3x_HAL_Driver/stm32wl3x_hal_gpio.o
 .debug_line    0x0000665a     0x1875 ./Drivers/STM32WL3x_HAL_Driver/stm32wl3x_hal_mrsubg.o
 .debug_line    0x00007ecf      0xc69 ./Drivers/STM32WL3x_HAL_Driver/stm32wl3x_hal_pwr_ex.o
 .debug_line    0x00008b38     0x11d3 ./Drivers/STM32WL3x_HAL_Driver/stm32wl3x_hal_rcc.o
 .debug_line    0x00009d0b      0xc1a ./Drivers/STM32WL3x_HAL_Driver/stm32wl3x_hal_rcc_ex.o
 .debug_line    0x0000a925     0x2140 ./Drivers/STM32WL3x_HAL_Driver/stm32wl3x_hal_spi.o
 .debug_line    0x0000ca65     0x36fe ./Drivers/STM32WL3x_HAL_Driver/stm32wl3x_hal_uart.o
 .debug_line    0x00010163      0xe38 ./Drivers/STM32WL3x_HAL_Driver/stm32wl3x_hal_uart_ex.o
 .debug_line    0x00010f9b      0x9ed ./Drivers/STM32WL3x_HAL_Driver/stm32wl3x_ll_utils.o

.debug_str      0x00000000    0xd91be
 .debug_str     0x00000000    0xd91be ./Application/User/Core/main.o
                              0xd4d1a (size before relaxing)
 .debug_str     0x000d91be    0xd10ec ./Application/User/Core/stm32wl3x_hal_msp.o
 .debug_str     0x000d91be    0xd055a ./Application/User/Core/stm32wl3x_it.o
 .debug_str     0x000d91be       0x9d ./Application/User/Startup/startup_stm32wl33kcvx.o
 .debug_str     0x000d91be    0xcf763 ./Drivers/CMSIS/system_stm32wl3x.o
 .debug_str     0x000d91be    0xcf983 ./Drivers/STM32WL3x_HAL_Driver/stm32wl3x_hal.o
 .debug_str     0x000d91be    0xcfdae ./Drivers/STM32WL3x_HAL_Driver/stm32wl3x_hal_adc.o
 .debug_str     0x000d91be    0xcf701 ./Drivers/STM32WL3x_HAL_Driver/stm32wl3x_hal_cortex.o
 .debug_str     0x000d91be    0xcf45d ./Drivers/STM32WL3x_HAL_Driver/stm32wl3x_hal_gpio.o
 .debug_str     0x000d91be    0xd4094 ./Drivers/STM32WL3x_HAL_Driver/stm32wl3x_hal_mrsubg.o
 .debug_str     0x000d91be    0xcf758 ./Drivers/STM32WL3x_HAL_Driver/stm32wl3x_hal_pwr_ex.o
 .debug_str     0x000d91be    0xcfbd0 ./Drivers/STM32WL3x_HAL_Driver/stm32wl3x_hal_rcc.o
 .debug_str     0x000d91be    0xcf854 ./Drivers/STM32WL3x_HAL_Driver/stm32wl3x_hal_rcc_ex.o
 .debug_str     0x000d91be    0xcfc27 ./Drivers/STM32WL3x_HAL_Driver/stm32wl3x_hal_spi.o
 .debug_str     0x000d91be    0xd0097 ./Drivers/STM32WL3x_HAL_Driver/stm32wl3x_hal_uart.o
 .debug_str     0x000d91be    0xcfabd ./Drivers/STM32WL3x_HAL_Driver/stm32wl3x_hal_uart_ex.o
 .debug_str     0x000d91be    0xcf6ca ./Drivers/STM32WL3x_HAL_Driver/stm32wl3x_ll_utils.o

.comment        0x00000000       0x43
 .comment       0x00000000       0x43 ./Application/User/Core/main.o
                                 0x44 (size before relaxing)
 .comment       0x00000043       0x44 ./Application/User/Core/stm32wl3x_hal_msp.o
 .comment       0x00000043       0x44 ./Application/User/Core/stm32wl3x_it.o
 .comment       0x00000043       0x44 ./Drivers/CMSIS/system_stm32wl3x.o
 .comment       0x00000043       0x44 ./Drivers/STM32WL3x_HAL_Driver/stm32wl3x_hal.o
 .comment       0x00000043       0x44 ./Drivers/STM32WL3x_HAL_Driver/stm32wl3x_hal_adc.o
 .comment       0x00000043       0x44 ./Drivers/STM32WL3x_HAL_Driver/stm32wl3x_hal_cortex.o
 .comment       0x00000043       0x44 ./Drivers/STM32WL3x_HAL_Driver/stm32wl3x_hal_gpio.o
 .comment       0x00000043       0x44 ./Drivers/STM32WL3x_HAL_Driver/stm32wl3x_hal_mrsubg.o
 .comment       0x00000043       0x44 ./Drivers/STM32WL3x_HAL_Driver/stm32wl3x_hal_pwr_ex.o
 .comment       0x00000043       0x44 ./Drivers/STM32WL3x_HAL_Driver/stm32wl3x_hal_rcc.o
 .comment       0x00000043       0x44 ./Drivers/STM32WL3x_HAL_Driver/stm32wl3x_hal_rcc_ex.o
 .comment       0x00000043       0x44 ./Drivers/STM32WL3x_HAL_Driver/stm32wl3x_hal_spi.o
 .comment       0x00000043       0x44 ./Drivers/STM32WL3x_HAL_Driver/stm32wl3x_hal_uart.o
 .comment       0x00000043       0x44 ./Drivers/STM32WL3x_HAL_Driver/stm32wl3x_hal_uart_ex.o
 .comment       0x00000043       0x44 ./Drivers/STM32WL3x_HAL_Driver/stm32wl3x_ll_utils.o

.debug_frame    0x00000000     0x3fb4
 .debug_frame   0x00000000      0x1dc ./Application/User/Core/main.o
 .debug_frame   0x000001dc      0x248 ./Application/User/Core/stm32wl3x_hal_msp.o
 .debug_frame   0x00000424       0x9c ./Application/User/Core/stm32wl3x_it.o
 .debug_frame   0x000004c0       0xa8 ./Drivers/CMSIS/system_stm32wl3x.o
 .debug_frame   0x00000568      0x468 ./Drivers/STM32WL3x_HAL_Driver/stm32wl3x_hal.o
 .debug_frame   0x000009d0      0x8ec ./Drivers/STM32WL3x_HAL_Driver/stm32wl3x_hal_adc.o
 .debug_frame   0x000012bc      0x2dc ./Drivers/STM32WL3x_HAL_Driver/stm32wl3x_hal_cortex.o
 .debug_frame   0x00001598      0x130 ./Drivers/STM32WL3x_HAL_Driver/stm32wl3x_hal_gpio.o
 .debug_frame   0x000016c8      0x918 ./Drivers/STM32WL3x_HAL_Driver/stm32wl3x_hal_mrsubg.o
 .debug_frame   0x00001fe0      0x3f4 ./Drivers/STM32WL3x_HAL_Driver/stm32wl3x_hal_pwr_ex.o
 .debug_frame   0x000023d4      0x508 ./Drivers/STM32WL3x_HAL_Driver/stm32wl3x_hal_rcc.o
 .debug_frame   0x000028dc      0x2a8 ./Drivers/STM32WL3x_HAL_Driver/stm32wl3x_hal_rcc_ex.o
 .debug_frame   0x00002b84      0x710 ./Drivers/STM32WL3x_HAL_Driver/stm32wl3x_hal_spi.o
 .debug_frame   0x00003294      0x8d8 ./Drivers/STM32WL3x_HAL_Driver/stm32wl3x_hal_uart.o
 .debug_frame   0x00003b6c      0x258 ./Drivers/STM32WL3x_HAL_Driver/stm32wl3x_hal_uart_ex.o
 .debug_frame   0x00003dc4      0x120 ./Drivers/STM32WL3x_HAL_Driver/stm32wl3x_ll_utils.o
 .debug_frame   0x00003ee4       0x20 C:/ST/STM32CubeIDE_2.1.0/STM32CubeIDE/plugins/com.st.stm32cube.ide.mcu.externaltools.gnu-tools-for-stm32.14.3.rel1.win32_1.0.100.202602081740/tools/bin/../lib/gcc/arm-none-eabi/14.3.1/../../../../arm-none-eabi/lib/thumb/v6-m/nofp\libc_nano.a(libc_a-memset.o)
 .debug_frame   0x00003f04       0x20 C:/ST/STM32CubeIDE_2.1.0/STM32CubeIDE/plugins/com.st.stm32cube.ide.mcu.externaltools.gnu-tools-for-stm32.14.3.rel1.win32_1.0.100.202602081740/tools/bin/../lib/gcc/arm-none-eabi/14.3.1/thumb/v6-m/nofp\libgcc.a(_udivsi3.o)
 .debug_frame   0x00003f24       0x20 C:/ST/STM32CubeIDE_2.1.0/STM32CubeIDE/plugins/com.st.stm32cube.ide.mcu.externaltools.gnu-tools-for-stm32.14.3.rel1.win32_1.0.100.202602081740/tools/bin/../lib/gcc/arm-none-eabi/14.3.1/thumb/v6-m/nofp\libgcc.a(_divsi3.o)
 .debug_frame   0x00003f44       0x34 C:/ST/STM32CubeIDE_2.1.0/STM32CubeIDE/plugins/com.st.stm32cube.ide.mcu.externaltools.gnu-tools-for-stm32.14.3.rel1.win32_1.0.100.202602081740/tools/bin/../lib/gcc/arm-none-eabi/14.3.1/thumb/v6-m/nofp\libgcc.a(_muldi3.o)
 .debug_frame   0x00003f78       0x3c C:/ST/STM32CubeIDE_2.1.0/STM32CubeIDE/plugins/com.st.stm32cube.ide.mcu.externaltools.gnu-tools-for-stm32.14.3.rel1.win32_1.0.100.202602081740/tools/bin/../lib/gcc/arm-none-eabi/14.3.1/thumb/v6-m/nofp\libgcc.a(_udivmoddi4.o)

.debug_line_str
                0x00000000       0x81
 .debug_line_str
                0x00000000       0x81 ./Application/User/Startup/startup_stm32wl33kcvx.o
